Archive member included to satisfy reference by file (symbol)

c:/st/stm32cubeide_1.1.0/stm32cubeide/plugins/com.st.stm32cube.ide.mcu.externaltools.gnu-tools-for-stm32.7-2018-q2-update.win32_1.0.0.201904181610/tools/bin/../lib/gcc/arm-none-eabi/7.3.1/../../../../arm-none-eabi/lib/thumb/v7e-m/fpv4-sp/hard\libc_nano.a(lib_a-atof.o)
                              Src/main.o (atof)
c:/st/stm32cubeide_1.1.0/stm32cubeide/plugins/com.st.stm32cube.ide.mcu.externaltools.gnu-tools-for-stm32.7-2018-q2-update.win32_1.0.0.201904181610/tools/bin/../lib/gcc/arm-none-eabi/7.3.1/../../../../arm-none-eabi/lib/thumb/v7e-m/fpv4-sp/hard\libc_nano.a(lib_a-errno.o)
                              Src/syscalls.o (__errno)
c:/st/stm32cubeide_1.1.0/stm32cubeide/plugins/com.st.stm32cube.ide.mcu.externaltools.gnu-tools-for-stm32.7-2018-q2-update.win32_1.0.0.201904181610/tools/bin/../lib/gcc/arm-none-eabi/7.3.1/../../../../arm-none-eabi/lib/thumb/v7e-m/fpv4-sp/hard\libc_nano.a(lib_a-exit.o)
                              c:/st/stm32cubeide_1.1.0/stm32cubeide/plugins/com.st.stm32cube.ide.mcu.externaltools.gnu-tools-for-stm32.7-2018-q2-update.win32_1.0.0.201904181610/tools/bin/../lib/gcc/arm-none-eabi/7.3.1/../../../../arm-none-eabi/lib/thumb/v7e-m/fpv4-sp/hard/crt0.o (exit)
c:/st/stm32cubeide_1.1.0/stm32cubeide/plugins/com.st.stm32cube.ide.mcu.externaltools.gnu-tools-for-stm32.7-2018-q2-update.win32_1.0.0.201904181610/tools/bin/../lib/gcc/arm-none-eabi/7.3.1/../../../../arm-none-eabi/lib/thumb/v7e-m/fpv4-sp/hard\libc_nano.a(lib_a-impure.o)
                              c:/st/stm32cubeide_1.1.0/stm32cubeide/plugins/com.st.stm32cube.ide.mcu.externaltools.gnu-tools-for-stm32.7-2018-q2-update.win32_1.0.0.201904181610/tools/bin/../lib/gcc/arm-none-eabi/7.3.1/../../../../arm-none-eabi/lib/thumb/v7e-m/fpv4-sp/hard\libc_nano.a(lib_a-exit.o) (_global_impure_ptr)
c:/st/stm32cubeide_1.1.0/stm32cubeide/plugins/com.st.stm32cube.ide.mcu.externaltools.gnu-tools-for-stm32.7-2018-q2-update.win32_1.0.0.201904181610/tools/bin/../lib/gcc/arm-none-eabi/7.3.1/../../../../arm-none-eabi/lib/thumb/v7e-m/fpv4-sp/hard\libc_nano.a(lib_a-init.o)
                              c:/st/stm32cubeide_1.1.0/stm32cubeide/plugins/com.st.stm32cube.ide.mcu.externaltools.gnu-tools-for-stm32.7-2018-q2-update.win32_1.0.0.201904181610/tools/bin/../lib/gcc/arm-none-eabi/7.3.1/../../../../arm-none-eabi/lib/thumb/v7e-m/fpv4-sp/hard/crt0.o (__libc_init_array)
c:/st/stm32cubeide_1.1.0/stm32cubeide/plugins/com.st.stm32cube.ide.mcu.externaltools.gnu-tools-for-stm32.7-2018-q2-update.win32_1.0.0.201904181610/tools/bin/../lib/gcc/arm-none-eabi/7.3.1/../../../../arm-none-eabi/lib/thumb/v7e-m/fpv4-sp/hard\libc_nano.a(lib_a-memset.o)
                              c:/st/stm32cubeide_1.1.0/stm32cubeide/plugins/com.st.stm32cube.ide.mcu.externaltools.gnu-tools-for-stm32.7-2018-q2-update.win32_1.0.0.201904181610/tools/bin/../lib/gcc/arm-none-eabi/7.3.1/../../../../arm-none-eabi/lib/thumb/v7e-m/fpv4-sp/hard/crt0.o (memset)
c:/st/stm32cubeide_1.1.0/stm32cubeide/plugins/com.st.stm32cube.ide.mcu.externaltools.gnu-tools-for-stm32.7-2018-q2-update.win32_1.0.0.201904181610/tools/bin/../lib/gcc/arm-none-eabi/7.3.1/../../../../arm-none-eabi/lib/thumb/v7e-m/fpv4-sp/hard\libc_nano.a(lib_a-strtod.o)
                              c:/st/stm32cubeide_1.1.0/stm32cubeide/plugins/com.st.stm32cube.ide.mcu.externaltools.gnu-tools-for-stm32.7-2018-q2-update.win32_1.0.0.201904181610/tools/bin/../lib/gcc/arm-none-eabi/7.3.1/../../../../arm-none-eabi/lib/thumb/v7e-m/fpv4-sp/hard\libc_nano.a(lib_a-atof.o) (strtod)
c:/st/stm32cubeide_1.1.0/stm32cubeide/plugins/com.st.stm32cube.ide.mcu.externaltools.gnu-tools-for-stm32.7-2018-q2-update.win32_1.0.0.201904181610/tools/bin/../lib/gcc/arm-none-eabi/7.3.1/../../../../arm-none-eabi/lib/thumb/v7e-m/fpv4-sp/hard\libc_nano.a(lib_a-gdtoa-gethex.o)
                              c:/st/stm32cubeide_1.1.0/stm32cubeide/plugins/com.st.stm32cube.ide.mcu.externaltools.gnu-tools-for-stm32.7-2018-q2-update.win32_1.0.0.201904181610/tools/bin/../lib/gcc/arm-none-eabi/7.3.1/../../../../arm-none-eabi/lib/thumb/v7e-m/fpv4-sp/hard\libc_nano.a(lib_a-strtod.o) (__gethex)
c:/st/stm32cubeide_1.1.0/stm32cubeide/plugins/com.st.stm32cube.ide.mcu.externaltools.gnu-tools-for-stm32.7-2018-q2-update.win32_1.0.0.201904181610/tools/bin/../lib/gcc/arm-none-eabi/7.3.1/../../../../arm-none-eabi/lib/thumb/v7e-m/fpv4-sp/hard\libc_nano.a(lib_a-gdtoa-hexnan.o)
                              c:/st/stm32cubeide_1.1.0/stm32cubeide/plugins/com.st.stm32cube.ide.mcu.externaltools.gnu-tools-for-stm32.7-2018-q2-update.win32_1.0.0.201904181610/tools/bin/../lib/gcc/arm-none-eabi/7.3.1/../../../../arm-none-eabi/lib/thumb/v7e-m/fpv4-sp/hard\libc_nano.a(lib_a-strtod.o) (__match)
[...]
Memory Configuration

Name             Origin             Length             Attributes
RAM              0x0000000020000000 0x0000000000030000 xrw
CCMRAM           0x0000000010000000 0x0000000000010000 rw
FLASH            0x0000000008000000 0x0000000000200000 xr
*default*        0x0000000000000000 0xffffffffffffffff

Linker script and memory map

LOAD c:/st/stm32cubeide_1.1.0/stm32cubeide/plugins/com.st.stm32cube.ide.mcu.externaltools.gnu-tools-for-stm32.7-2018-q2-update.win32_1.0.0.201904181610/tools/bin/../lib/gcc/arm-none-eabi/7.3.1/thumb/v7e-m/fpv4-sp/hard/crti.o
LOAD c:/st/stm32cubeide_1.1.0/stm32cubeide/plugins/com.st.stm32cube.ide.mcu.externaltools.gnu-tools-for-stm32.7-2018-q2-update.win32_1.0.0.201904181610/tools/bin/../lib/gcc/arm-none-eabi/7.3.1/thumb/v7e-m/fpv4-sp/hard/crtbegin.o
LOAD c:/st/stm32cubeide_1.1.0/stm32cubeide/plugins/com.st.stm32cube.ide.mcu.externaltools.gnu-tools-for-stm32.7-2018-q2-update.win32_1.0.0.201904181610/tools/bin/../lib/gcc/arm-none-eabi/7.3.1/../../../../arm-none-eabi/lib/thumb/v7e-m/fpv4-sp/hard/crt0.o
LOAD Drivers/STM32F4xx_HAL_Driver/Src/stm32f4xx_hal.o
LOAD Drivers/STM32F4xx_HAL_Driver/Src/stm32f4xx_hal_adc_ex.o
LOAD Drivers/STM32F4xx_HAL_Driver/Src/stm32f4xx_hal_can.o
LOAD Drivers/STM32F4xx_HAL_Driver/Src/stm32f4xx_hal_cortex.o
LOAD Drivers/STM32F4xx_HAL_Driver/Src/stm32f4xx_hal_dma.o
LOAD Drivers/STM32F4xx_HAL_Driver/Src/stm32f4xx_hal_dma_ex.o
LOAD Drivers/STM32F4xx_HAL_Driver/Src/stm32f4xx_hal_eth.o
LOAD Drivers/STM32F4xx_HAL_Driver/Src/stm32f4xx_hal_flash.o
LOAD Drivers/STM32F4xx_HAL_Driver/Src/stm32f4xx_hal_flash_ex.o
LOAD Drivers/STM32F4xx_HAL_Driver/Src/stm32f4xx_hal_flash_ramfunc.o
LOAD Drivers/STM32F4xx_HAL_Driver/Src/stm32f4xx_hal_gpio.o
LOAD Drivers/STM32F4xx_HAL_Driver/Src/stm32f4xx_hal_i2c.o
LOAD Drivers/STM32F4xx_HAL_Driver/Src/stm32f4xx_hal_i2c_ex.o
LOAD Drivers/STM32F4xx_HAL_Driver/Src/stm32f4xx_hal_i2s.o
LOAD Drivers/STM32F4xx_HAL_Driver/Src/stm32f4xx_hal_i2s_ex.o
LOAD Drivers/STM32F4xx_HAL_Driver/Src/stm32f4xx_hal_pwr.o
LOAD Drivers/STM32F4xx_HAL_Driver/Src/stm32f4xx_hal_pwr_ex.o
LOAD Drivers/STM32F4xx_HAL_Driver/Src/stm32f4xx_hal_rcc.o
LOAD Drivers/STM32F4xx_HAL_Driver/Src/stm32f4xx_hal_rcc_ex.o
LOAD Drivers/STM32F4xx_HAL_Driver/Src/stm32f4xx_hal_spi.o
LOAD Drivers/STM32F4xx_HAL_Driver/Src/stm32f4xx_hal_tim.o
LOAD Drivers/STM32F4xx_HAL_Driver/Src/stm32f4xx_hal_tim_ex.o
LOAD Drivers/STM32F4xx_HAL_Driver/Src/stm32f4xx_hal_uart.o
LOAD Drivers/STM32F4xx_HAL_Driver/Src/stm32f4xx_hal_usart.o
LOAD Src/Remote_Control.o
LOAD Src/can.o
LOAD Src/dma.o
LOAD Src/gpio.o
LOAD Src/kalman_filter.o
LOAD Src/main.o
LOAD Src/stm32f4xx_hal_msp.o
LOAD Src/stm32f4xx_hal_timebase_tim.o
LOAD Src/stm32f4xx_it.o
LOAD Src/sys.o
LOAD Src/syscalls.o
LOAD Src/system_stm32f4xx.o
LOAD Src/tim.o
LOAD Src/usart.o
LOAD Src/bsp/bsp_can.o
LOAD Src/bsp/bsp_imu.o
LOAD Src/bsp/myiic.o
LOAD Src/bsp/pid.o
LOAD Src/bsp/spi.o
LOAD startup/startup_stm32f427xx.o
START GROUP
LOAD c:/st/stm32cubeide_1.1.0/stm32cubeide/plugins/com.st.stm32cube.ide.mcu.externaltools.gnu-tools-for-stm32.7-2018-q2-update.win32_1.0.0.201904181610/tools/bin/../lib/gcc/arm-none-eabi/7.3.1/../../../../arm-none-eabi/lib/thumb/v7e-m/fpv4-sp/hard\libc_nano.a
LOAD c:/st/stm32cubeide_1.1.0/stm32cubeide/plugins/com.st.stm32cube.ide.mcu.externaltools.gnu-tools-for-stm32.7-2018-q2-update.win32_1.0.0.201904181610/tools/bin/../lib/gcc/arm-none-eabi/7.3.1/../../../../arm-none-eabi/lib/thumb/v7e-m/fpv4-sp/hard\libm.a
END GROUP
START GROUP
LOAD c:/st/stm32cubeide_1.1.0/stm32cubeide/plugins/com.st.stm32cube.ide.mcu.externaltools.gnu-tools-for-stm32.7-2018-q2-update.win32_1.0.0.201904181610/tools/bin/../lib/gcc/arm-none-eabi/7.3.1/thumb/v7e-m/fpv4-sp/hard\libgcc.a
LOAD c:/st/stm32cubeide_1.1.0/stm32cubeide/plugins/com.st.stm32cube.ide.mcu.externaltools.gnu-tools-for-stm32.7-2018-q2-update.win32_1.0.0.201904181610/tools/bin/../lib/gcc/arm-none-eabi/7.3.1/../../../../arm-none-eabi/lib/thumb/v7e-m/fpv4-sp/hard\libc_nano.a
END GROUP
START GROUP
LOAD c:/st/stm32cubeide_1.1.0/stm32cubeide/plugins/com.st.stm32cube.ide.mcu.externaltools.gnu-tools-for-stm32.7-2018-q2-update.win32_1.0.0.201904181610/tools/bin/../lib/gcc/arm-none-eabi/7.3.1/thumb/v7e-m/fpv4-sp/hard\libgcc.a
LOAD c:/st/stm32cubeide_1.1.0/stm32cubeide/plugins/com.st.stm32cube.ide.mcu.externaltools.gnu-tools-for-stm32.7-2018-q2-update.win32_1.0.0.201904181610/tools/bin/../lib/gcc/arm-none-eabi/7.3.1/../../../../arm-none-eabi/lib/thumb/v7e-m/fpv4-sp/hard\libc_nano.a
LOAD c:/st/stm32cubeide_1.1.0/stm32cubeide/plugins/com.st.stm32cube.ide.mcu.externaltools.gnu-tools-for-stm32.7-2018-q2-update.win32_1.0.0.201904181610/tools/bin/../lib/gcc/arm-none-eabi/7.3.1/../../../../arm-none-eabi/lib/thumb/v7e-m/fpv4-sp/hard\libnosys.a
END GROUP
START GROUP
LOAD c:/st/stm32cubeide_1.1.0/stm32cubeide/plugins/com.st.stm32cube.ide.mcu.externaltools.gnu-tools-for-stm32.7-2018-q2-update.win32_1.0.0.201904181610/tools/bin/../lib/gcc/arm-none-eabi/7.3.1/thumb/v7e-m/fpv4-sp/hard\libgcc.a
LOAD c:/st/stm32cubeide_1.1.0/stm32cubeide/plugins/com.st.stm32cube.ide.mcu.externaltools.gnu-tools-for-stm32.7-2018-q2-update.win32_1.0.0.201904181610/tools/bin/../lib/gcc/arm-none-eabi/7.3.1/../../../../arm-none-eabi/lib/thumb/v7e-m/fpv4-sp/hard\libc_nano.a
LOAD c:/st/stm32cubeide_1.1.0/stm32cubeide/plugins/com.st.stm32cube.ide.mcu.externaltools.gnu-tools-for-stm32.7-2018-q2-update.win32_1.0.0.201904181610/tools/bin/../lib/gcc/arm-none-eabi/7.3.1/../../../../arm-none-eabi/lib/thumb/v7e-m/fpv4-sp/hard\libnosys.a
END GROUP
LOAD c:/st/stm32cubeide_1.1.0/stm32cubeide/plugins/com.st.stm32cube.ide.mcu.externaltools.gnu-tools-for-stm32.7-2018-q2-update.win32_1.0.0.201904181610/tools/bin/../lib/gcc/arm-none-eabi/7.3.1/thumb/v7e-m/fpv4-sp/hard/crtend.o
LOAD c:/st/stm32cubeide_1.1.0/stm32cubeide/plugins/com.st.stm32cube.ide.mcu.externaltools.gnu-tools-for-stm32.7-2018-q2-update.win32_1.0.0.201904181610/tools/bin/../lib/gcc/arm-none-eabi/7.3.1/thumb/v7e-m/fpv4-sp/hard/crtn.o
                0x0000000020030000                _estack = 0x20030000
                0x0000000000000200                _Min_Heap_Size = 0x200
                0x0000000000000400                _Min_Stack_Size = 0x400

.isr_vector     0x0000000008000000      0x1ac
                0x0000000008000000                . = ALIGN (0x4)
 *(.isr_vector)
 .isr_vector    0x0000000008000000      0x1ac startup/startup_stm32f427xx.o
                0x0000000008000000                g_pfnVectors
                0x00000000080001ac                . = ALIGN (0x4)

.text           0x00000000080001b0     0x7094
                0x00000000080001b0                . = ALIGN (0x4)
 *(.text)
 .text          0x00000000080001b0       0x40 c:/st/stm32cubeide_1.1.0/stm32cubeide/plugins/com.st.stm32cube.ide.mcu.externaltools.gnu-tools-for-stm32.7-2018-q2-update.win32_1.0.0.201904181610/tools/bin/../lib/gcc/arm-none-eabi/7.3.1/thumb/v7e-m/fpv4-sp/hard/crtbegin.o
 .text          0x00000000080001f0       0x10 c:/st/stm32cubeide_1.1.0/stm32cubeide/plugins/com.st.stm32cube.ide.mcu.externaltools.gnu-tools-for-stm32.7-2018-q2-update.win32_1.0.0.201904181610/tools/bin/../lib/gcc/arm-none-eabi/7.3.1/../../../../arm-none-eabi/lib/thumb/v7e-m/fpv4-sp/hard\libc_nano.a(lib_a-strlen.o)
                0x00000000080001f0                strlen
 .text          0x0000000008000200      0x378 c:/st/stm32cubeide_1.1.0/stm32cubeide/plugins/com.st.stm32cube.ide.mcu.externaltools.gnu-tools-for-stm32.7-2018-q2-update.win32_1.0.0.201904181610/tools/bin/../lib/gcc/arm-none-eabi/7.3.1/thumb/v7e-m/fpv4-sp/hard\libgcc.a(_arm_addsubdf3.o)
                0x0000000008000200                __aeabi_drsub
                0x0000000008000208                __aeabi_dsub
                0x0000000008000208                __subdf3
                0x000000000800020c                __aeabi_dadd
                0x000000000800020c                __adddf3
                0x0000000008000484                __floatunsidf
                0x0000000008000484                __aeabi_ui2d
                0x00000000080004a4                __floatsidf
                0x00000000080004a4                __aeabi_i2d
                0x00000000080004c8                __aeabi_f2d
                0x00000000080004c8                __extendsfdf2
                0x000000000800050c                __floatundidf
                0x000000000800050c                __aeabi_ul2d
                0x000000000800051c                __floatdidf
                0x000000000800051c                __aeabi_l2d
 .text          0x0000000008000578      0x424 c:/st/stm32cubeide_1.1.0/stm32cubeide/plugins/com.st.stm32cube.ide.mcu.externaltools.gnu-tools-for-stm32.7-2018-q2-update.win32_1.0.0.201904181610/tools/bin/../lib/gcc/arm-none-eabi/7.3.1/thumb/v7e-m/fpv4-sp/hard\libgcc.a(_arm_muldivdf3.o)
                0x0000000008000578                __aeabi_dmul
                0x0000000008000578                __muldf3
                0x00000000080007cc                __divdf3
                0x00000000080007cc                __aeabi_ddiv
 .text          0x000000000800099c      0x110 c:/st/stm32cubeide_1.1.0/stm32cubeide/plugins/com.st.stm32cube.ide.mcu.externaltools.gnu-tools-for-stm32.7-2018-q2-update.win32_1.0.0.201904181610/tools/bin/../lib/gcc/arm-none-eabi/7.3.1/thumb/v7e-m/fpv4-sp/hard\libgcc.a(_arm_cmpdf2.o)
                0x000000000800099c                __gtdf2
                0x000000000800099c                __gedf2
                0x00000000080009a4                __ltdf2
                0x00000000080009a4                __ledf2
                0x00000000080009ac                __nedf2
                0x00000000080009ac                __eqdf2
                0x00000000080009ac                __cmpdf2
                0x0000000008000a28                __aeabi_cdrcmple
                0x0000000008000a38                __aeabi_cdcmpeq
                0x0000000008000a38                __aeabi_cdcmple
                0x0000000008000a48                __aeabi_dcmpeq
                0x0000000008000a5c                __aeabi_dcmplt
                0x0000000008000a70                __aeabi_dcmple
                0x0000000008000a84                __aeabi_dcmpge
                0x0000000008000a98                __aeabi_dcmpgt
 .text          0x0000000008000aac       0x50 c:/st/stm32cubeide_1.1.0/stm32cubeide/plugins/com.st.stm32cube.ide.mcu.externaltools.gnu-tools-for-stm32.7-2018-q2-update.win32_1.0.0.201904181610/tools/bin/../lib/gcc/arm-none-eabi/7.3.1/thumb/v7e-m/fpv4-sp/hard\libgcc.a(_arm_fixdfsi.o)
                0x0000000008000aac                __aeabi_d2iz
                0x0000000008000aac                __fixdfsi
 .text          0x0000000008000afc       0x40 c:/st/stm32cubeide_1.1.0/stm32cubeide/plugins/com.st.stm32cube.ide.mcu.externaltools.gnu-tools-for-stm32.7-2018-q2-update.win32_1.0.0.201904181610/tools/bin/../lib/gcc/arm-none-eabi/7.3.1/thumb/v7e-m/fpv4-sp/hard\libgcc.a(_arm_fixunsdfsi.o)
                0x0000000008000afc                __aeabi_d2uiz
                0x0000000008000afc                __fixunsdfsi
 .text          0x0000000008000b3c       0xa0 c:/st/stm32cubeide_1.1.0/stm32cubeide/plugins/com.st.stm32cube.ide.mcu.externaltools.gnu-tools-for-stm32.7-2018-q2-update.win32_1.0.0.201904181610/tools/bin/../lib/gcc/arm-none-eabi/7.3.1/thumb/v7e-m/fpv4-sp/hard\libgcc.a(_arm_truncdfsf2.o)
                0x0000000008000b3c                __truncdfsf2
                0x0000000008000b3c                __aeabi_d2f
 .text          0x0000000008000bdc       0x30 c:/st/stm32cubeide_1.1.0/stm32cubeide/plugins/com.st.stm32cube.ide.mcu.externaltools.gnu-tools-for-stm32.7-2018-q2-update.win32_1.0.0.201904181610/tools/bin/../lib/gcc/arm-none-eabi/7.3.1/thumb/v7e-m/fpv4-sp/hard\libgcc.a(_aeabi_uldivmod.o)
                0x0000000008000bdc                __aeabi_uldivmod
 .text          0x0000000008000c0c      0x2cc c:/st/stm32cubeide_1.1.0/stm32cubeide/plugins/com.st.stm32cube.ide.mcu.externaltools.gnu-tools-for-stm32.7-2018-q2-update.win32_1.0.0.201904181610/tools/bin/../lib/gcc/arm-none-eabi/7.3.1/thumb/v7e-m/fpv4-sp/hard\libgcc.a(_udivmoddi4.o)
                0x0000000008000c0c                __udivmoddi4
 .text          0x0000000008000ed8        0x4 c:/st/stm32cubeide_1.1.0/stm32cubeide/plugins/com.st.stm32cube.ide.mcu.externaltools.gnu-tools-for-stm32.7-2018-q2-update.win32_1.0.0.201904181610/tools/bin/../lib/gcc/arm-none-eabi/7.3.1/thumb/v7e-m/fpv4-sp/hard\libgcc.a(_dvmd_tls.o)
                0x0000000008000ed8                __aeabi_idiv0
                0x0000000008000ed8                __aeabi_ldiv0
 *(.text*)
 .text.HAL_Init
                0x0000000008000edc       0x34 Drivers/STM32F4xx_HAL_Driver/Src/stm32f4xx_hal.o
                0x0000000008000edc                HAL_Init
 .text.HAL_IncTick
                0x0000000008000f10       0x10 Drivers/STM32F4xx_HAL_Driver/Src/stm32f4xx_hal.o
                0x0000000008000f10                HAL_IncTick
 .text.HAL_GetTick
                0x0000000008000f20        0xc Drivers/STM32F4xx_HAL_Driver/Src/stm32f4xx_hal.o
                0x0000000008000f20                HAL_GetTick
 .text.HAL_Delay
                0x0000000008000f2c       0x24 Drivers/STM32F4xx_HAL_Driver/Src/stm32f4xx_hal.o
                0x0000000008000f2c                HAL_Delay
 .text.HAL_CAN_ConfigFilter
                0x0000000008000f50       0xf4 Drivers/STM32F4xx_HAL_Driver/Src/stm32f4xx_hal_can.o
                0x0000000008000f50                HAL_CAN_ConfigFilter
 .text.HAL_CAN_Init
                0x0000000008001044      0x138 Drivers/STM32F4xx_HAL_Driver/Src/stm32f4xx_hal_can.o
                0x0000000008001044                HAL_CAN_Init
 .text.HAL_CAN_Transmit
                0x000000000800117c      0x1d0 Drivers/STM32F4xx_HAL_Driver/Src/stm32f4xx_hal_can.o
                0x000000000800117c                HAL_CAN_Transmit
 .text.HAL_CAN_Receive_IT
                0x000000000800134c      0x10c Drivers/STM32F4xx_HAL_Driver/Src/stm32f4xx_hal_can.o
                0x000000000800134c                HAL_CAN_Receive_IT
 .text.HAL_CAN_TxCpltCallback
                0x0000000008001458        0x4 Drivers/STM32F4xx_HAL_Driver/Src/stm32f4xx_hal_can.o
                0x0000000008001458                HAL_CAN_TxCpltCallback
 .text.CAN_Receive_IT
                0x000000000800145c      0x160 Drivers/STM32F4xx_HAL_Driver/Src/stm32f4xx_hal_can.o
 .text.HAL_CAN_IRQHandler
                0x00000000080015bc      0x20c Drivers/STM32F4xx_HAL_Driver/Src/stm32f4xx_hal_can.o
                0x00000000080015bc                HAL_CAN_IRQHandler
 .text.HAL_NVIC_SetPriorityGrouping
                0x00000000080017c8       0x24 Drivers/STM32F4xx_HAL_Driver/Src/stm32f4xx_hal_cortex.o
                0x00000000080017c8                HAL_NVIC_SetPriorityGrouping
 .text.HAL_NVIC_SetPriority
                0x00000000080017ec       0x6c Drivers/STM32F4xx_HAL_Driver/Src/stm32f4xx_hal_cortex.o
                0x00000000080017ec                HAL_NVIC_SetPriority
 .text.HAL_NVIC_EnableIRQ
                0x0000000008001858       0x1c Drivers/STM32F4xx_HAL_Driver/Src/stm32f4xx_hal_cortex.o
                0x0000000008001858                HAL_NVIC_EnableIRQ
 .text.HAL_DMA_Init
                0x0000000008001874      0x134 Drivers/STM32F4xx_HAL_Driver/Src/stm32f4xx_hal_dma.o
                0x0000000008001874                HAL_DMA_Init
 .text.HAL_DMA_Start
                0x00000000080019a8       0x5c Drivers/STM32F4xx_HAL_Driver/Src/stm32f4xx_hal_dma.o
                0x00000000080019a8                HAL_DMA_Start
 .text.HAL_DMA_Start_IT
                0x0000000008001a04       0x84 Drivers/STM32F4xx_HAL_Driver/Src/stm32f4xx_hal_dma.o
                0x0000000008001a04                HAL_DMA_Start_IT
 .text.HAL_DMA_Abort_IT
                0x0000000008001a88       0x24 Drivers/STM32F4xx_HAL_Driver/Src/stm32f4xx_hal_dma.o
                0x0000000008001a88                HAL_DMA_Abort_IT
 .text.HAL_DMA_IRQHandler
                0x0000000008001aac      0x1ac Drivers/STM32F4xx_HAL_Driver/Src/stm32f4xx_hal_dma.o
                0x0000000008001aac                HAL_DMA_IRQHandler
 .text.HAL_GPIO_Init
                0x0000000008001c58      0x27c Drivers/STM32F4xx_HAL_Driver/Src/stm32f4xx_hal_gpio.o
                0x0000000008001c58                HAL_GPIO_Init
 .text.HAL_GPIO_WritePin
                0x0000000008001ed4        0x8 Drivers/STM32F4xx_HAL_Driver/Src/stm32f4xx_hal_gpio.o
                0x0000000008001ed4                HAL_GPIO_WritePin
 .text.HAL_GPIO_TogglePin
                0x0000000008001edc        0x8 Drivers/STM32F4xx_HAL_Driver/Src/stm32f4xx_hal_gpio.o
                0x0000000008001edc                HAL_GPIO_TogglePin
 .text.HAL_RCC_OscConfig
                0x0000000008001ee4      0x334 Drivers/STM32F4xx_HAL_Driver/Src/stm32f4xx_hal_rcc.o
                0x0000000008001ee4                HAL_RCC_OscConfig
 .text.HAL_RCC_GetSysClockFreq
                0x0000000008002218       0x6c Drivers/STM32F4xx_HAL_Driver/Src/stm32f4xx_hal_rcc.o
                0x0000000008002218                HAL_RCC_GetSysClockFreq
 .text.HAL_RCC_ClockConfig
                0x0000000008002284      0x134 Drivers/STM32F4xx_HAL_Driver/Src/stm32f4xx_hal_rcc.o
                0x0000000008002284                HAL_RCC_ClockConfig
 .text.HAL_RCC_GetPCLK1Freq
                0x00000000080023b8       0x20 Drivers/STM32F4xx_HAL_Driver/Src/stm32f4xx_hal_rcc.o
                0x00000000080023b8                HAL_RCC_GetPCLK1Freq
 .text.HAL_RCC_GetPCLK2Freq
                0x00000000080023d8       0x20 Drivers/STM32F4xx_HAL_Driver/Src/stm32f4xx_hal_rcc.o
                0x00000000080023d8                HAL_RCC_GetPCLK2Freq
 .text.HAL_RCC_GetClockConfig
                0x00000000080023f8       0x44 Drivers/STM32F4xx_HAL_Driver/Src/stm32f4xx_hal_rcc.o
                0x00000000080023f8                HAL_RCC_GetClockConfig
 .text.SPI_WaitFlagStateUntilTimeout
                0x000000000800243c       0x98 Drivers/STM32F4xx_HAL_Driver/Src/stm32f4xx_hal_spi.o
 .text.HAL_SPI_TransmitReceive.part.1
                0x00000000080024d4      0x1fc Drivers/STM32F4xx_HAL_Driver/Src/stm32f4xx_hal_spi.o
 .text.HAL_SPI_TransmitReceive
                0x00000000080026d0       0x1c Drivers/STM32F4xx_HAL_Driver/Src/stm32f4xx_hal_spi.o
                0x00000000080026d0                HAL_SPI_TransmitReceive
 .text.HAL_TIM_Base_Start_IT
                0x00000000080026ec       0x18 Drivers/STM32F4xx_HAL_Driver/Src/stm32f4xx_hal_tim.o
                0x00000000080026ec                HAL_TIM_Base_Start_IT
 .text.HAL_TIM_OC_Start
                0x0000000008002704       0x48 Drivers/STM32F4xx_HAL_Driver/Src/stm32f4xx_hal_tim.o
                0x0000000008002704                HAL_TIM_OC_Start
 .text.HAL_TIM_PWM_Start
                0x000000000800274c        0x4 Drivers/STM32F4xx_HAL_Driver/Src/stm32f4xx_hal_tim.o
                0x000000000800274c                HAL_TIM_PWM_Start
 .text.HAL_TIM_IC_Start_DMA
                0x0000000008002750       0xe4 Drivers/STM32F4xx_HAL_Driver/Src/stm32f4xx_hal_tim.o
                0x0000000008002750                HAL_TIM_IC_Start_DMA
 .text.HAL_TIM_OC_DelayElapsedCallback
                0x0000000008002834        0x4 Drivers/STM32F4xx_HAL_Driver/Src/stm32f4xx_hal_tim.o
                0x0000000008002834                HAL_TIM_OC_DelayElapsedCallback
 .text.TIM_DMACaptureCplt
                0x0000000008002838       0x60 Drivers/STM32F4xx_HAL_Driver/Src/stm32f4xx_hal_tim.o
                0x0000000008002838                TIM_DMACaptureCplt
 .text.HAL_TIM_PWM_PulseFinishedCallback
                0x0000000008002898        0x4 Drivers/STM32F4xx_HAL_Driver/Src/stm32f4xx_hal_tim.o
                0x0000000008002898                HAL_TIM_PWM_PulseFinishedCallback
 .text.HAL_TIM_TriggerCallback
                0x000000000800289c        0x4 Drivers/STM32F4xx_HAL_Driver/Src/stm32f4xx_hal_tim.o
                0x000000000800289c                HAL_TIM_TriggerCallback
 .text.HAL_TIM_IRQHandler
                0x00000000080028a0      0x154 Drivers/STM32F4xx_HAL_Driver/Src/stm32f4xx_hal_tim.o
                0x00000000080028a0                HAL_TIM_IRQHandler
 .text.HAL_TIM_ErrorCallback
                0x00000000080029f4        0x4 Drivers/STM32F4xx_HAL_Driver/Src/stm32f4xx_hal_tim.o
                0x00000000080029f4                HAL_TIM_ErrorCallback
 .text.TIM_DMAError
                0x00000000080029f8       0x10 Drivers/STM32F4xx_HAL_Driver/Src/stm32f4xx_hal_tim.o
                0x00000000080029f8                TIM_DMAError
 .text.TIM_Base_SetConfig
                0x0000000008002a08       0xd0 Drivers/STM32F4xx_HAL_Driver/Src/stm32f4xx_hal_tim.o
                0x0000000008002a08                TIM_Base_SetConfig
 .text.HAL_TIM_Base_Init
                0x0000000008002ad8       0x38 Drivers/STM32F4xx_HAL_Driver/Src/stm32f4xx_hal_tim.o
                0x0000000008002ad8                HAL_TIM_Base_Init
 .text.HAL_TIM_IC_Init
                0x0000000008002b10       0x38 Drivers/STM32F4xx_HAL_Driver/Src/stm32f4xx_hal_tim.o
                0x0000000008002b10                HAL_TIM_IC_Init
 .text.TIM_TI1_SetConfig
                0x0000000008002b48       0x78 Drivers/STM32F4xx_HAL_Driver/Src/stm32f4xx_hal_tim.o
                0x0000000008002b48                TIM_TI1_SetConfig
 .text.HAL_TIM_IC_ConfigChannel
                0x0000000008002bc0      0x114 Drivers/STM32F4xx_HAL_Driver/Src/stm32f4xx_hal_tim.o
                0x0000000008002bc0                HAL_TIM_IC_ConfigChannel
 .text.HAL_TIMEx_MasterConfigSynchronization
                0x0000000008002cd4       0x4c Drivers/STM32F4xx_HAL_Driver/Src/stm32f4xx_hal_tim_ex.o
                0x0000000008002cd4                HAL_TIMEx_MasterConfigSynchronization
 .text.HAL_TIMEx_CommutationCallback
                0x0000000008002d20        0x4 Drivers/STM32F4xx_HAL_Driver/Src/stm32f4xx_hal_tim_ex.o
                0x0000000008002d20                HAL_TIMEx_CommutationCallback
 .text.HAL_TIMEx_BreakCallback
                0x0000000008002d24        0x4 Drivers/STM32F4xx_HAL_Driver/Src/stm32f4xx_hal_tim_ex.o
                0x0000000008002d24                HAL_TIMEx_BreakCallback
 .text.UART_SetConfig
                0x0000000008002d28      0x2b8 Drivers/STM32F4xx_HAL_Driver/Src/stm32f4xx_hal_uart.o
 .text.UART_WaitOnFlagUntilTimeout.constprop.3
                0x0000000008002fe0       0x58 Drivers/STM32F4xx_HAL_Driver/Src/stm32f4xx_hal_uart.o
 .text.HAL_UART_Init
                0x0000000008003038       0x60 Drivers/STM32F4xx_HAL_Driver/Src/stm32f4xx_hal_uart.o
                0x0000000008003038                HAL_UART_Init
 .text.HAL_UART_Transmit
                0x0000000008003098       0xb8 Drivers/STM32F4xx_HAL_Driver/Src/stm32f4xx_hal_uart.o
                0x0000000008003098                HAL_UART_Transmit
 .text.HAL_UART_Receive_IT
                0x0000000008003150       0x4c Drivers/STM32F4xx_HAL_Driver/Src/stm32f4xx_hal_uart.o
                0x0000000008003150                HAL_UART_Receive_IT
 .text.HAL_UART_TxCpltCallback
                0x000000000800319c        0x4 Drivers/STM32F4xx_HAL_Driver/Src/stm32f4xx_hal_uart.o
                0x000000000800319c                HAL_UART_TxCpltCallback
 .text.UART_Receive_IT.part.1
                0x00000000080031a0       0x64 Drivers/STM32F4xx_HAL_Driver/Src/stm32f4xx_hal_uart.o
 .text.HAL_UART_ErrorCallback
                0x0000000008003204        0x4 Drivers/STM32F4xx_HAL_Driver/Src/stm32f4xx_hal_uart.o
                0x0000000008003204                HAL_UART_ErrorCallback
 .text.HAL_UART_IRQHandler
                0x0000000008003208      0x180 Drivers/STM32F4xx_HAL_Driver/Src/stm32f4xx_hal_uart.o
                0x0000000008003208                HAL_UART_IRQHandler
 .text.UART_DMAAbortOnError
                0x0000000008003388       0x14 Drivers/STM32F4xx_HAL_Driver/Src/stm32f4xx_hal_uart.o
 .text.Callback_RC_Handle
                0x000000000800339c       0xd4 Src/Remote_Control.o
                0x000000000800339c                Callback_RC_Handle
 .text.is_w_pressed
                0x0000000008003470       0x10 Src/Remote_Control.o
                0x0000000008003470                is_w_pressed
 .text.is_a_pressed
                0x0000000008003480       0x10 Src/Remote_Control.o
                0x0000000008003480                is_a_pressed
 .text.is_s_pressed
                0x0000000008003490       0x10 Src/Remote_Control.o
                0x0000000008003490                is_s_pressed
 .text.is_d_pressed
                0x00000000080034a0       0x10 Src/Remote_Control.o
                0x00000000080034a0                is_d_pressed
 .text.is_q_pressed
                0x00000000080034b0       0x1c Src/Remote_Control.o
                0x00000000080034b0                is_q_pressed
 .text.is_e_pressed
                0x00000000080034cc       0x10 Src/Remote_Control.o
                0x00000000080034cc                is_e_pressed
 .text.is_mouse_moved
                0x00000000080034dc       0x1c Src/Remote_Control.o
                0x00000000080034dc                is_mouse_moved
 .text.calculate_mouse_x_speed
                0x00000000080034f8       0x30 Src/Remote_Control.o
                0x00000000080034f8                calculate_mouse_x_speed
 .text.HAL_TIM_IC_CaptureCallback
                0x0000000008003528       0x80 Src/Remote_Control.o
                0x0000000008003528                HAL_TIM_IC_CaptureCallback
 .text.MX_CAN1_Init
                0x00000000080035a8       0x50 Src/can.o
                0x00000000080035a8                MX_CAN1_Init
 .text.HAL_CAN_MspInit
                0x00000000080035f8       0x8c Src/can.o
                0x00000000080035f8                HAL_CAN_MspInit
 .text.HAL_CAN_ErrorCallback
                0x0000000008003684       0x14 Src/can.o
                0x0000000008003684                HAL_CAN_ErrorCallback
 .text.MX_DMA_Init
                0x0000000008003698       0x48 Src/dma.o
                0x0000000008003698                MX_DMA_Init
 .text.MX_GPIO_Init
                0x00000000080036e0       0xf4 Src/gpio.o
                0x00000000080036e0                MX_GPIO_Init
 .text.kalman1_init
                0x00000000080037d4       0x24 Src/kalman_filter.o
                0x00000000080037d4                kalman1_init
 .text.SystemClock_Config
                0x00000000080037f8       0xa0 Src/main.o
                0x00000000080037f8                SystemClock_Config
 .text.startup.main
                0x0000000008003898      0xafc Src/main.o
                0x0000000008003898                main
 .text.HAL_UART_RxCpltCallback
                0x0000000008004394      0x108 Src/main.o
                0x0000000008004394                HAL_UART_RxCpltCallback
 .text.HAL_TIM_PeriodElapsedCallback
                0x000000000800449c       0x14 Src/main.o
                0x000000000800449c                HAL_TIM_PeriodElapsedCallback
 .text._Error_Handler
                0x00000000080044b0        0x4 Src/main.o
                0x00000000080044b0                _Error_Handler
 .text.HAL_MspInit
                0x00000000080044b4       0x38 Src/stm32f4xx_hal_msp.o
                0x00000000080044b4                HAL_MspInit
 .text.HAL_InitTick
                0x00000000080044ec       0x80 Src/stm32f4xx_hal_timebase_tim.o
                0x00000000080044ec                HAL_InitTick
 .text.NMI_Handler
                0x000000000800456c        0x4 Src/stm32f4xx_it.o
                0x000000000800456c                NMI_Handler
 .text.HardFault_Handler
                0x0000000008004570        0x4 Src/stm32f4xx_it.o
                0x0000000008004570                HardFault_Handler
 .text.MemManage_Handler
                0x0000000008004574        0x4 Src/stm32f4xx_it.o
                0x0000000008004574                MemManage_Handler
 .text.BusFault_Handler
                0x0000000008004578        0x4 Src/stm32f4xx_it.o
                0x0000000008004578                BusFault_Handler
 .text.UsageFault_Handler
                0x000000000800457c        0x4 Src/stm32f4xx_it.o
                0x000000000800457c                UsageFault_Handler
 .text.SVC_Handler
                0x0000000008004580        0x4 Src/stm32f4xx_it.o
                0x0000000008004580                SVC_Handler
 .text.DebugMon_Handler
                0x0000000008004584        0x4 Src/stm32f4xx_it.o
                0x0000000008004584                DebugMon_Handler
 .text.PendSV_Handler
                0x0000000008004588        0x4 Src/stm32f4xx_it.o
                0x0000000008004588                PendSV_Handler
 .text.SysTick_Handler
                0x000000000800458c        0x4 Src/stm32f4xx_it.o
                0x000000000800458c                SysTick_Handler
 .text.CAN1_TX_IRQHandler
                0x0000000008004590        0xc Src/stm32f4xx_it.o
                0x0000000008004590                CAN1_TX_IRQHandler
 .text.CAN1_RX0_IRQHandler
                0x000000000800459c        0x4 Src/stm32f4xx_it.o
                0x000000000800459c                CAN1_RX0_IRQHandler
 .text.USART1_IRQHandler
                0x00000000080045a0       0x18 Src/stm32f4xx_it.o
                0x00000000080045a0                USART1_IRQHandler
 .text.TIM6_DAC_IRQHandler
                0x00000000080045b8        0xc Src/stm32f4xx_it.o
                0x00000000080045b8                TIM6_DAC_IRQHandler
 .text.DMA2_Stream2_IRQHandler
                0x00000000080045c4        0xc Src/stm32f4xx_it.o
                0x00000000080045c4                DMA2_Stream2_IRQHandler
 .text.DMA2_Stream6_IRQHandler
                0x00000000080045d0        0xc Src/stm32f4xx_it.o
                0x00000000080045d0                DMA2_Stream6_IRQHandler
 .text._sbrk    0x00000000080045dc       0x3c Src/syscalls.o
                0x00000000080045dc                _sbrk
 .text.SystemInit
                0x0000000008004618       0x50 Src/system_stm32f4xx.o
                0x0000000008004618                SystemInit
 .text.MX_TIM1_Init
                0x0000000008004668       0xd0 Src/tim.o
                0x0000000008004668                MX_TIM1_Init
 .text.HAL_TIM_Base_MspInit
                0x0000000008004738       0x40 Src/tim.o
                0x0000000008004738                HAL_TIM_Base_MspInit
 .text.HAL_TIM_IC_MspInit
                0x0000000008004778       0xc8 Src/tim.o
                0x0000000008004778                HAL_TIM_IC_MspInit
 .text.MX_USART1_UART_Init
                0x0000000008004840       0x48 Src/usart.o
                0x0000000008004840                MX_USART1_UART_Init
 .text.HAL_UART_MspInit
                0x0000000008004888      0x100 Src/usart.o
                0x0000000008004888                HAL_UART_MspInit
 .text.UART_Receive_DMA_NoIT
                0x0000000008004988       0x80 Src/usart.o
                0x0000000008004988                UART_Receive_DMA_NoIT
 .text.HAL_UART_Receive_IT_IDLE
                0x0000000008004a08       0x14 Src/usart.o
                0x0000000008004a08                HAL_UART_Receive_IT_IDLE
 .text.USART6_IRQHandler
                0x0000000008004a1c        0xc Src/usart.o
                0x0000000008004a1c                USART6_IRQHandler
 .text.HAL_UART_IDLE_IRQHandler
                0x0000000008004a28      0x148 Src/usart.o
                0x0000000008004a28                HAL_UART_IDLE_IRQHandler
 .text.my_can_filter_init_recv_all
                0x0000000008004b70       0x44 Src/bsp/bsp_can.o
                0x0000000008004b70                my_can_filter_init_recv_all
 .text.get_moto_measure
                0x0000000008004bb4       0xa4 Src/bsp/bsp_can.o
                0x0000000008004bb4                get_moto_measure
 .text.HAL_CAN_RxCpltCallback
                0x0000000008004c58       0x9c Src/bsp/bsp_can.o
                0x0000000008004c58                HAL_CAN_RxCpltCallback
 .text.set_moto_current
                0x0000000008004cf4       0x40 Src/bsp/bsp_can.o
                0x0000000008004cf4                set_moto_current
 .text.send_gimbal_cur
                0x0000000008004d34       0x30 Src/bsp/bsp_can.o
                0x0000000008004d34                send_gimbal_cur
 .text.mpu_write_byte
                0x0000000008004d64       0x70 Src/bsp/bsp_imu.o
                0x0000000008004d64                mpu_write_byte
 .text.ist_reg_write_by_mpu
                0x0000000008004dd4       0x44 Src/bsp/bsp_imu.o
 .text.mpu_read_byte
                0x0000000008004e18       0x68 Src/bsp/bsp_imu.o
                0x0000000008004e18                mpu_read_byte
 .text.ist_reg_read_by_mpu
                0x0000000008004e80       0x38 Src/bsp/bsp_imu.o
 .text.mpu_read_bytes
                0x0000000008004eb8       0x70 Src/bsp/bsp_imu.o
                0x0000000008004eb8                mpu_read_bytes
 .text.ist8310_init
                0x0000000008004f28      0x17c Src/bsp/bsp_imu.o
                0x0000000008004f28                ist8310_init
 .text.mpu_offset_call
                0x00000000080050a4       0xfc Src/bsp/bsp_imu.o
                0x00000000080050a4                mpu_offset_call
 .text.mpu_device_init
                0x00000000080051a0       0x94 Src/bsp/bsp_imu.o
                0x00000000080051a0                mpu_device_init
 .text.init_quaternion
                0x0000000008005234      0x1b0 Src/bsp/bsp_imu.o
                0x0000000008005234                init_quaternion
 .text.pid_param_init
                0x00000000080053e4       0x54 Src/bsp/pid.o
 .text.pid_reset
                0x0000000008005438       0x10 Src/bsp/pid.o
                0x0000000008005438                pid_reset
 .text.pid_calculate
                0x0000000008005448       0xf8 Src/bsp/pid.o
 .text.pid_init
                0x0000000008005540       0x1c Src/bsp/pid.o
                0x0000000008005540                pid_init
 .text.Reset_Handler
                0x000000000800555c       0x50 startup/startup_stm32f427xx.o
                0x000000000800555c                Reset_Handler
 .text.Default_Handler
                0x00000000080055ac        0x2 startup/startup_stm32f427xx.o
                0x00000000080055ac                RTC_Alarm_IRQHandler
                0x00000000080055ac                HASH_RNG_IRQHandler
                0x00000000080055ac                EXTI2_IRQHandler
                0x00000000080055ac                TIM8_CC_IRQHandler
                0x00000000080055ac                UART8_IRQHandler
                0x00000000080055ac                SPI4_IRQHandler
                0x00000000080055ac                TIM1_CC_IRQHandler
                0x00000000080055ac                DMA2_Stream5_IRQHandler
                0x00000000080055ac                DMA1_Stream5_IRQHandler
                0x00000000080055ac                PVD_IRQHandler
                0x00000000080055ac                SDIO_IRQHandler
                0x00000000080055ac                TAMP_STAMP_IRQHandler
                0x00000000080055ac                CAN2_RX1_IRQHandler
                0x00000000080055ac                EXTI3_IRQHandler
                0x00000000080055ac                TIM8_TRG_COM_TIM14_IRQHandler
                0x00000000080055ac                TIM1_UP_TIM10_IRQHandler
                0x00000000080055ac                TIM8_UP_TIM13_IRQHandler
                0x00000000080055ac                I2C3_ER_IRQHandler
                0x00000000080055ac                EXTI0_IRQHandler
                0x00000000080055ac                I2C2_EV_IRQHandler
                0x00000000080055ac                DMA1_Stream2_IRQHandler
                0x00000000080055ac                FPU_IRQHandler
                0x00000000080055ac                OTG_HS_WKUP_IRQHandler
                0x00000000080055ac                CAN2_SCE_IRQHandler
                0x00000000080055ac                SPI1_IRQHandler
                0x00000000080055ac                TIM1_BRK_TIM9_IRQHandler
                0x00000000080055ac                DCMI_IRQHandler
                0x00000000080055ac                CAN2_RX0_IRQHandler
                0x00000000080055ac                DMA2_Stream3_IRQHandler
                0x00000000080055ac                USART3_IRQHandler
                0x00000000080055ac                CAN1_RX1_IRQHandler
                0x00000000080055ac                UART5_IRQHandler
                0x00000000080055ac                DMA2_Stream0_IRQHandler
                0x00000000080055ac                TIM4_IRQHandler
                0x00000000080055ac                I2C1_EV_IRQHandler
                0x00000000080055ac                DMA1_Stream6_IRQHandler
                0x00000000080055ac                DMA1_Stream1_IRQHandler
                0x00000000080055ac                UART4_IRQHandler
                0x00000000080055ac                TIM3_IRQHandler
                0x00000000080055ac                RCC_IRQHandler
                0x00000000080055ac                TIM8_BRK_TIM12_IRQHandler
                0x00000000080055ac                Default_Handler
                0x00000000080055ac                EXTI15_10_IRQHandler
                0x00000000080055ac                ADC_IRQHandler
                0x00000000080055ac                DMA1_Stream7_IRQHandler
                0x00000000080055ac                SPI5_IRQHandler
                0x00000000080055ac                TIM7_IRQHandler
                0x00000000080055ac                CAN2_TX_IRQHandler
                0x00000000080055ac                TIM5_IRQHandler
                0x00000000080055ac                DMA2_Stream7_IRQHandler
                0x00000000080055ac                I2C3_EV_IRQHandler
                0x00000000080055ac                EXTI9_5_IRQHandler
                0x00000000080055ac                RTC_WKUP_IRQHandler
                0x00000000080055ac                ETH_WKUP_IRQHandler
                0x00000000080055ac                SPI2_IRQHandler
                0x00000000080055ac                OTG_HS_EP1_IN_IRQHandler
                0x00000000080055ac                DMA1_Stream0_IRQHandler
                0x00000000080055ac                EXTI4_IRQHandler
                0x00000000080055ac                ETH_IRQHandler
                0x00000000080055ac                OTG_HS_EP1_OUT_IRQHandler
                0x00000000080055ac                WWDG_IRQHandler
                0x00000000080055ac                SPI6_IRQHandler
                0x00000000080055ac                TIM2_IRQHandler
                0x00000000080055ac                OTG_FS_WKUP_IRQHandler
                0x00000000080055ac                TIM1_TRG_COM_TIM11_IRQHandler
                0x00000000080055ac                OTG_HS_IRQHandler
                0x00000000080055ac                DMA2D_IRQHandler
                0x00000000080055ac                EXTI1_IRQHandler
                0x00000000080055ac                UART7_IRQHandler
                0x00000000080055ac                USART2_IRQHandler
                0x00000000080055ac                I2C2_ER_IRQHandler
                0x00000000080055ac                DMA2_Stream1_IRQHandler
                0x00000000080055ac                CAN1_SCE_IRQHandler
                0x00000000080055ac                FLASH_IRQHandler
                0x00000000080055ac                DMA2_Stream4_IRQHandler
                0x00000000080055ac                OTG_FS_IRQHandler
                0x00000000080055ac                SPI3_IRQHandler
                0x00000000080055ac                DMA1_Stream4_IRQHandler
                0x00000000080055ac                I2C1_ER_IRQHandler
                0x00000000080055ac                FMC_IRQHandler
                0x00000000080055ac                SAI1_IRQHandler
                0x00000000080055ac                DMA1_Stream3_IRQHandler
 .text.atof     0x00000000080055ae        0x6 c:/st/stm32cubeide_1.1.0/stm32cubeide/plugins/com.st.stm32cube.ide.mcu.externaltools.gnu-tools-for-stm32.7-2018-q2-update.win32_1.0.0.201904181610/tools/bin/../lib/gcc/arm-none-eabi/7.3.1/../../../../arm-none-eabi/lib/thumb/v7e-m/fpv4-sp/hard\libc_nano.a(lib_a-atof.o)
                0x00000000080055ae                atof
 .text.__errno  0x00000000080055b4        0xc c:/st/stm32cubeide_1.1.0/stm32cubeide/plugins/com.st.stm32cube.ide.mcu.externaltools.gnu-tools-for-stm32.7-2018-q2-update.win32_1.0.0.201904181610/tools/bin/../lib/gcc/arm-none-eabi/7.3.1/../../../../arm-none-eabi/lib/thumb/v7e-m/fpv4-sp/hard\libc_nano.a(lib_a-errno.o)
                0x00000000080055b4                __errno
 .text.__libc_init_array
                0x00000000080055c0       0x48 c:/st/stm32cubeide_1.1.0/stm32cubeide/plugins/com.st.stm32cube.ide.mcu.externaltools.gnu-tools-for-stm32.7-2018-q2-update.win32_1.0.0.201904181610/tools/bin/../lib/gcc/arm-none-eabi/7.3.1/../../../../arm-none-eabi/lib/thumb/v7e-m/fpv4-sp/hard\libc_nano.a(lib_a-init.o)
                0x00000000080055c0                __libc_init_array
 .text.memset   0x0000000008005608       0x10 c:/st/stm32cubeide_1.1.0/stm32cubeide/plugins/com.st.stm32cube.ide.mcu.externaltools.gnu-tools-for-stm32.7-2018-q2-update.win32_1.0.0.201904181610/tools/bin/../lib/gcc/arm-none-eabi/7.3.1/../../../../arm-none-eabi/lib/thumb/v7e-m/fpv4-sp/hard\libc_nano.a(lib_a-memset.o)
                0x0000000008005608                memset
 .text.unlikely.sulp
                0x0000000008005618       0x38 c:/st/stm32cubeide_1.1.0/stm32cubeide/plugins/com.st.stm32cube.ide.mcu.externaltools.gnu-tools-for-stm32.7-2018-q2-update.win32_1.0.0.201904181610/tools/bin/../lib/gcc/arm-none-eabi/7.3.1/../../../../arm-none-eabi/lib/thumb/v7e-m/fpv4-sp/hard\libc_nano.a(lib_a-strtod.o)
 .text._strtod_l
                0x0000000008005650      0xbe8 c:/st/stm32cubeide_1.1.0/stm32cubeide/plugins/com.st.stm32cube.ide.mcu.externaltools.gnu-tools-for-stm32.7-2018-q2-update.win32_1.0.0.201904181610/tools/bin/../lib/gcc/arm-none-eabi/7.3.1/../../../../arm-none-eabi/lib/thumb/v7e-m/fpv4-sp/hard\libc_nano.a(lib_a-strtod.o)
                0x0000000008005650                _strtod_l
 .text.strtod   0x0000000008006238       0x28 c:/st/stm32cubeide_1.1.0/stm32cubeide/plugins/com.st.stm32cube.ide.mcu.externaltools.gnu-tools-for-stm32.7-2018-q2-update.win32_1.0.0.201904181610/tools/bin/../lib/gcc/arm-none-eabi/7.3.1/../../../../arm-none-eabi/lib/thumb/v7e-m/fpv4-sp/hard\libc_nano.a(lib_a-strtod.o)
                0x0000000008006238                strtod
 .text.rshift   0x0000000008006260       0x74 c:/st/stm32cubeide_1.1.0/stm32cubeide/plugins/com.st.stm32cube.ide.mcu.externaltools.gnu-tools-for-stm32.7-2018-q2-update.win32_1.0.0.201904181610/tools/bin/../lib/gcc/arm-none-eabi/7.3.1/../../../../arm-none-eabi/lib/thumb/v7e-m/fpv4-sp/hard\libc_nano.a(lib_a-gdtoa-gethex.o)
 .text.__hexdig_fun
                0x00000000080062d4       0x2a c:/st/stm32cubeide_1.1.0/stm32cubeide/plugins/com.st.stm32cube.ide.mcu.externaltools.gnu-tools-for-stm32.7-2018-q2-update.win32_1.0.0.201904181610/tools/bin/../lib/gcc/arm-none-eabi/7.3.1/../../../../arm-none-eabi/lib/thumb/v7e-m/fpv4-sp/hard\libc_nano.a(lib_a-gdtoa-gethex.o)
                0x00000000080062d4                __hexdig_fun
 .text.__gethex
                0x00000000080062fe      0x442 c:/st/stm32cubeide_1.1.0/stm32cubeide/plugins/com.st.stm32cube.ide.mcu.externaltools.gnu-tools-for-stm32.7-2018-q2-update.win32_1.0.0.201904181610/tools/bin/../lib/gcc/arm-none-eabi/7.3.1/../../../../arm-none-eabi/lib/thumb/v7e-m/fpv4-sp/hard\libc_nano.a(lib_a-gdtoa-gethex.o)
                0x00000000080062fe                __gethex
 .text.L_shift  0x0000000008006740       0x24 c:/st/stm32cubeide_1.1.0/stm32cubeide/plugins/com.st.stm32cube.ide.mcu.externaltools.gnu-tools-for-stm32.7-2018-q2-update.win32_1.0.0.201904181610/tools/bin/../lib/gcc/arm-none-eabi/7.3.1/../../../../arm-none-eabi/lib/thumb/v7e-m/fpv4-sp/hard\libc_nano.a(lib_a-gdtoa-hexnan.o)
 .text.__match  0x0000000008006764       0x28 c:/st/stm32cubeide_1.1.0/stm32cubeide/plugins/com.st.stm32cube.ide.mcu.externaltools.gnu-tools-for-stm32.7-2018-q2-update.win32_1.0.0.201904181610/tools/bin/../lib/gcc/arm-none-eabi/7.3.1/../../../../arm-none-eabi/lib/thumb/v7e-m/fpv4-sp/hard\libc_nano.a(lib_a-gdtoa-hexnan.o)
                0x0000000008006764                __match
 .text.__hexnan
                0x000000000800678c      0x120 c:/st/stm32cubeide_1.1.0/stm32cubeide/plugins/com.st.stm32cube.ide.mcu.externaltools.gnu-tools-for-stm32.7-2018-q2-update.win32_1.0.0.201904181610/tools/bin/../lib/gcc/arm-none-eabi/7.3.1/../../../../arm-none-eabi/lib/thumb/v7e-m/fpv4-sp/hard\libc_nano.a(lib_a-gdtoa-hexnan.o)
                0x000000000800678c                __hexnan
 .text.__localeconv_l
                0x00000000080068ac        0x4 c:/st/stm32cubeide_1.1.0/stm32cubeide/plugins/com.st.stm32cube.ide.mcu.externaltools.gnu-tools-for-stm32.7-2018-q2-update.win32_1.0.0.201904181610/tools/bin/../lib/gcc/arm-none-eabi/7.3.1/../../../../arm-none-eabi/lib/thumb/v7e-m/fpv4-sp/hard\libc_nano.a(lib_a-localeconv.o)
                0x00000000080068ac                __localeconv_l
 .text.__ascii_mbtowc
                0x00000000080068b0       0x24 c:/st/stm32cubeide_1.1.0/stm32cubeide/plugins/com.st.stm32cube.ide.mcu.externaltools.gnu-tools-for-stm32.7-2018-q2-update.win32_1.0.0.201904181610/tools/bin/../lib/gcc/arm-none-eabi/7.3.1/../../../../arm-none-eabi/lib/thumb/v7e-m/fpv4-sp/hard\libc_nano.a(lib_a-mbtowc_r.o)
                0x00000000080068b0                __ascii_mbtowc
 .text.memcpy   0x00000000080068d4       0x16 c:/st/stm32cubeide_1.1.0/stm32cubeide/plugins/com.st.stm32cube.ide.mcu.externaltools.gnu-tools-for-stm32.7-2018-q2-update.win32_1.0.0.201904181610/tools/bin/../lib/gcc/arm-none-eabi/7.3.1/../../../../arm-none-eabi/lib/thumb/v7e-m/fpv4-sp/hard\libc_nano.a(lib_a-memcpy-stub.o)
                0x00000000080068d4                memcpy
 .text._Balloc  0x00000000080068ea       0x68 c:/st/stm32cubeide_1.1.0/stm32cubeide/plugins/com.st.stm32cube.ide.mcu.externaltools.gnu-tools-for-stm32.7-2018-q2-update.win32_1.0.0.201904181610/tools/bin/../lib/gcc/arm-none-eabi/7.3.1/../../../../arm-none-eabi/lib/thumb/v7e-m/fpv4-sp/hard\libc_nano.a(lib_a-mprec.o)
                0x00000000080068ea                _Balloc
 .text._Bfree   0x0000000008006952       0x2e c:/st/stm32cubeide_1.1.0/stm32cubeide/plugins/com.st.stm32cube.ide.mcu.externaltools.gnu-tools-for-stm32.7-2018-q2-update.win32_1.0.0.201904181610/tools/bin/../lib/gcc/arm-none-eabi/7.3.1/../../../../arm-none-eabi/lib/thumb/v7e-m/fpv4-sp/hard\libc_nano.a(lib_a-mprec.o)
                0x0000000008006952                _Bfree
 .text.__multadd
                0x0000000008006980       0x76 c:/st/stm32cubeide_1.1.0/stm32cubeide/plugins/com.st.stm32cube.ide.mcu.externaltools.gnu-tools-for-stm32.7-2018-q2-update.win32_1.0.0.201904181610/tools/bin/../lib/gcc/arm-none-eabi/7.3.1/../../../../arm-none-eabi/lib/thumb/v7e-m/fpv4-sp/hard\libc_nano.a(lib_a-mprec.o)
                0x0000000008006980                __multadd
 .text.__s2b    0x00000000080069f6       0x7c c:/st/stm32cubeide_1.1.0/stm32cubeide/plugins/com.st.stm32cube.ide.mcu.externaltools.gnu-tools-for-stm32.7-2018-q2-update.win32_1.0.0.201904181610/tools/bin/../lib/gcc/arm-none-eabi/7.3.1/../../../../arm-none-eabi/lib/thumb/v7e-m/fpv4-sp/hard\libc_nano.a(lib_a-mprec.o)
                0x00000000080069f6                __s2b
 .text.__hi0bits
                0x0000000008006a72       0x3e c:/st/stm32cubeide_1.1.0/stm32cubeide/plugins/com.st.stm32cube.ide.mcu.externaltools.gnu-tools-for-stm32.7-2018-q2-update.win32_1.0.0.201904181610/tools/bin/../lib/gcc/arm-none-eabi/7.3.1/../../../../arm-none-eabi/lib/thumb/v7e-m/fpv4-sp/hard\libc_nano.a(lib_a-mprec.o)
                0x0000000008006a72                __hi0bits
 .text.__lo0bits
                0x0000000008006ab0       0x5e c:/st/stm32cubeide_1.1.0/stm32cubeide/plugins/com.st.stm32cube.ide.mcu.externaltools.gnu-tools-for-stm32.7-2018-q2-update.win32_1.0.0.201904181610/tools/bin/../lib/gcc/arm-none-eabi/7.3.1/../../../../arm-none-eabi/lib/thumb/v7e-m/fpv4-sp/hard\libc_nano.a(lib_a-mprec.o)
                0x0000000008006ab0                __lo0bits
 .text.__i2b    0x0000000008006b0e       0x12 c:/st/stm32cubeide_1.1.0/stm32cubeide/plugins/com.st.stm32cube.ide.mcu.externaltools.gnu-tools-for-stm32.7-2018-q2-update.win32_1.0.0.201904181610/tools/bin/../lib/gcc/arm-none-eabi/7.3.1/../../../../arm-none-eabi/lib/thumb/v7e-m/fpv4-sp/hard\libc_nano.a(lib_a-mprec.o)
                0x0000000008006b0e                __i2b
 .text.__multiply
                0x0000000008006b20      0x12c c:/st/stm32cubeide_1.1.0/stm32cubeide/plugins/com.st.stm32cube.ide.mcu.externaltools.gnu-tools-for-stm32.7-2018-q2-update.win32_1.0.0.201904181610/tools/bin/../lib/gcc/arm-none-eabi/7.3.1/../../../../arm-none-eabi/lib/thumb/v7e-m/fpv4-sp/hard\libc_nano.a(lib_a-mprec.o)
                0x0000000008006b20                __multiply
 .text.__pow5mult
                0x0000000008006c4c       0x9c c:/st/stm32cubeide_1.1.0/stm32cubeide/plugins/com.st.stm32cube.ide.mcu.externaltools.gnu-tools-for-stm32.7-2018-q2-update.win32_1.0.0.201904181610/tools/bin/../lib/gcc/arm-none-eabi/7.3.1/../../../../arm-none-eabi/lib/thumb/v7e-m/fpv4-sp/hard\libc_nano.a(lib_a-mprec.o)
                0x0000000008006c4c                __pow5mult
 .text.__lshift
                0x0000000008006ce8       0xa8 c:/st/stm32cubeide_1.1.0/stm32cubeide/plugins/com.st.stm32cube.ide.mcu.externaltools.gnu-tools-for-stm32.7-2018-q2-update.win32_1.0.0.201904181610/tools/bin/../lib/gcc/arm-none-eabi/7.3.1/../../../../arm-none-eabi/lib/thumb/v7e-m/fpv4-sp/hard\libc_nano.a(lib_a-mprec.o)
                0x0000000008006ce8                __lshift
 .text.__mcmp   0x0000000008006d90       0x34 c:/st/stm32cubeide_1.1.0/stm32cubeide/plugins/com.st.stm32cube.ide.mcu.externaltools.gnu-tools-for-stm32.7-2018-q2-update.win32_1.0.0.201904181610/tools/bin/../lib/gcc/arm-none-eabi/7.3.1/../../../../arm-none-eabi/lib/thumb/v7e-m/fpv4-sp/hard\libc_nano.a(lib_a-mprec.o)
                0x0000000008006d90                __mcmp
 .text.__mdiff  0x0000000008006dc4       0xba c:/st/stm32cubeide_1.1.0/stm32cubeide/plugins/com.st.stm32cube.ide.mcu.externaltools.gnu-tools-for-stm32.7-2018-q2-update.win32_1.0.0.201904181610/tools/bin/../lib/gcc/arm-none-eabi/7.3.1/../../../../arm-none-eabi/lib/thumb/v7e-m/fpv4-sp/hard\libc_nano.a(lib_a-mprec.o)
                0x0000000008006dc4                __mdiff
 *fill*         0x0000000008006e7e        0x2 
 .text.__ulp    0x0000000008006e80       0x50 c:/st/stm32cubeide_1.1.0/stm32cubeide/plugins/com.st.stm32cube.ide.mcu.externaltools.gnu-tools-for-stm32.7-2018-q2-update.win32_1.0.0.201904181610/tools/bin/../lib/gcc/arm-none-eabi/7.3.1/../../../../arm-none-eabi/lib/thumb/v7e-m/fpv4-sp/hard\libc_nano.a(lib_a-mprec.o)
                0x0000000008006e80                __ulp
 .text.__b2d    0x0000000008006ed0       0x9c c:/st/stm32cubeide_1.1.0/stm32cubeide/plugins/com.st.stm32cube.ide.mcu.externaltools.gnu-tools-for-stm32.7-2018-q2-update.win32_1.0.0.201904181610/tools/bin/../lib/gcc/arm-none-eabi/7.3.1/../../../../arm-none-eabi/lib/thumb/v7e-m/fpv4-sp/hard\libc_nano.a(lib_a-mprec.o)
                0x0000000008006ed0                __b2d
 .text.__d2b    0x0000000008006f6c       0x9e c:/st/stm32cubeide_1.1.0/stm32cubeide/plugins/com.st.stm32cube.ide.mcu.externaltools.gnu-tools-for-stm32.7-2018-q2-update.win32_1.0.0.201904181610/tools/bin/../lib/gcc/arm-none-eabi/7.3.1/../../../../arm-none-eabi/lib/thumb/v7e-m/fpv4-sp/hard\libc_nano.a(lib_a-mprec.o)
                0x0000000008006f6c                __d2b
 .text.__ratio  0x000000000800700a       0x66 c:/st/stm32cubeide_1.1.0/stm32cubeide/plugins/com.st.stm32cube.ide.mcu.externaltools.gnu-tools-for-stm32.7-2018-q2-update.win32_1.0.0.201904181610/tools/bin/../lib/gcc/arm-none-eabi/7.3.1/../../../../arm-none-eabi/lib/thumb/v7e-m/fpv4-sp/hard\libc_nano.a(lib_a-mprec.o)
                0x000000000800700a                __ratio
 .text.__copybits
                0x0000000008007070       0x34 c:/st/stm32cubeide_1.1.0/stm32cubeide/plugins/com.st.stm32cube.ide.mcu.externaltools.gnu-tools-for-stm32.7-2018-q2-update.win32_1.0.0.201904181610/tools/bin/../lib/gcc/arm-none-eabi/7.3.1/../../../../arm-none-eabi/lib/thumb/v7e-m/fpv4-sp/hard\libc_nano.a(lib_a-mprec.o)
                0x0000000008007070                __copybits
 .text.__any_on
                0x00000000080070a4       0x42 c:/st/stm32cubeide_1.1.0/stm32cubeide/plugins/com.st.stm32cube.ide.mcu.externaltools.gnu-tools-for-stm32.7-2018-q2-update.win32_1.0.0.201904181610/tools/bin/../lib/gcc/arm-none-eabi/7.3.1/../../../../arm-none-eabi/lib/thumb/v7e-m/fpv4-sp/hard\libc_nano.a(lib_a-mprec.o)
                0x00000000080070a4                __any_on
 .text._calloc_r
                0x00000000080070e6       0x1c c:/st/stm32cubeide_1.1.0/stm32cubeide/plugins/com.st.stm32cube.ide.mcu.externaltools.gnu-tools-for-stm32.7-2018-q2-update.win32_1.0.0.201904181610/tools/bin/../lib/gcc/arm-none-eabi/7.3.1/../../../../arm-none-eabi/lib/thumb/v7e-m/fpv4-sp/hard\libc_nano.a(lib_a-nano-callocr.o)
                0x00000000080070e6                _calloc_r
 *fill*         0x0000000008007102        0x2 
 .text._malloc_r
                0x0000000008007104       0xb4 c:/st/stm32cubeide_1.1.0/stm32cubeide/plugins/com.st.stm32cube.ide.mcu.externaltools.gnu-tools-for-stm32.7-2018-q2-update.win32_1.0.0.201904181610/tools/bin/../lib/gcc/arm-none-eabi/7.3.1/../../../../arm-none-eabi/lib/thumb/v7e-m/fpv4-sp/hard\libc_nano.a(lib_a-nano-mallocr.o)
                0x0000000008007104                _malloc_r
 .text._sbrk_r  0x00000000080071b8       0x20 c:/st/stm32cubeide_1.1.0/stm32cubeide/plugins/com.st.stm32cube.ide.mcu.externaltools.gnu-tools-for-stm32.7-2018-q2-update.win32_1.0.0.201904181610/tools/bin/../lib/gcc/arm-none-eabi/7.3.1/../../../../arm-none-eabi/lib/thumb/v7e-m/fpv4-sp/hard\libc_nano.a(lib_a-sbrkr.o)
                0x00000000080071b8                _sbrk_r
 .text.strncmp  0x00000000080071d8       0x24 c:/st/stm32cubeide_1.1.0/stm32cubeide/plugins/com.st.stm32cube.ide.mcu.externaltools.gnu-tools-for-stm32.7-2018-q2-update.win32_1.0.0.201904181610/tools/bin/../lib/gcc/arm-none-eabi/7.3.1/../../../../arm-none-eabi/lib/thumb/v7e-m/fpv4-sp/hard\libc_nano.a(lib_a-strncmp.o)
                0x00000000080071d8                strncmp
 .text.__ascii_wctomb
                0x00000000080071fc       0x1a c:/st/stm32cubeide_1.1.0/stm32cubeide/plugins/com.st.stm32cube.ide.mcu.externaltools.gnu-tools-for-stm32.7-2018-q2-update.win32_1.0.0.201904181610/tools/bin/../lib/gcc/arm-none-eabi/7.3.1/../../../../arm-none-eabi/lib/thumb/v7e-m/fpv4-sp/hard\libc_nano.a(lib_a-wctomb_r.o)
                0x00000000080071fc                __ascii_wctomb
 *fill*         0x0000000008007216        0x2 
 .text.malloc   0x0000000008007218       0x10 c:/st/stm32cubeide_1.1.0/stm32cubeide/plugins/com.st.stm32cube.ide.mcu.externaltools.gnu-tools-for-stm32.7-2018-q2-update.win32_1.0.0.201904181610/tools/bin/../lib/gcc/arm-none-eabi/7.3.1/../../../../arm-none-eabi/lib/thumb/v7e-m/fpv4-sp/hard\libc_nano.a(lib_a-malloc.o)
                0x0000000008007218                malloc
 .text.__malloc_lock
                0x0000000008007228        0x2 c:/st/stm32cubeide_1.1.0/stm32cubeide/plugins/com.st.stm32cube.ide.mcu.externaltools.gnu-tools-for-stm32.7-2018-q2-update.win32_1.0.0.201904181610/tools/bin/../lib/gcc/arm-none-eabi/7.3.1/../../../../arm-none-eabi/lib/thumb/v7e-m/fpv4-sp/hard\libc_nano.a(lib_a-mlock.o)
                0x0000000008007228                __malloc_lock
 .text.__malloc_unlock
                0x000000000800722a        0x2 c:/st/stm32cubeide_1.1.0/stm32cubeide/plugins/com.st.stm32cube.ide.mcu.externaltools.gnu-tools-for-stm32.7-2018-q2-update.win32_1.0.0.201904181610/tools/bin/../lib/gcc/arm-none-eabi/7.3.1/../../../../arm-none-eabi/lib/thumb/v7e-m/fpv4-sp/hard\libc_nano.a(lib_a-mlock.o)
                0x000000000800722a                __malloc_unlock
 *(.glue_7)
 .glue_7        0x000000000800722c        0x0 linker stubs
 *(.glue_7t)
 .glue_7t       0x000000000800722c        0x0 linker stubs
 *(.eh_frame)
 .eh_frame      0x000000000800722c        0x0 c:/st/stm32cubeide_1.1.0/stm32cubeide/plugins/com.st.stm32cube.ide.mcu.externaltools.gnu-tools-for-stm32.7-2018-q2-update.win32_1.0.0.201904181610/tools/bin/../lib/gcc/arm-none-eabi/7.3.1/thumb/v7e-m/fpv4-sp/hard/crtbegin.o
 *(.init)
 .init          0x000000000800722c        0x4 c:/st/stm32cubeide_1.1.0/stm32cubeide/plugins/com.st.stm32cube.ide.mcu.externaltools.gnu-tools-for-stm32.7-2018-q2-update.win32_1.0.0.201904181610/tools/bin/../lib/gcc/arm-none-eabi/7.3.1/thumb/v7e-m/fpv4-sp/hard/crti.o
                0x000000000800722c                _init
 .init          0x0000000008007230        0x8 c:/st/stm32cubeide_1.1.0/stm32cubeide/plugins/com.st.stm32cube.ide.mcu.externaltools.gnu-tools-for-stm32.7-2018-q2-update.win32_1.0.0.201904181610/tools/bin/../lib/gcc/arm-none-eabi/7.3.1/thumb/v7e-m/fpv4-sp/hard/crtn.o
 *(.fini)
 .fini          0x0000000008007238        0x4 c:/st/stm32cubeide_1.1.0/stm32cubeide/plugins/com.st.stm32cube.ide.mcu.externaltools.gnu-tools-for-stm32.7-2018-q2-update.win32_1.0.0.201904181610/tools/bin/../lib/gcc/arm-none-eabi/7.3.1/thumb/v7e-m/fpv4-sp/hard/crti.o
                0x0000000008007238                _fini
 .fini          0x000000000800723c        0x8 c:/st/stm32cubeide_1.1.0/stm32cubeide/plugins/com.st.stm32cube.ide.mcu.externaltools.gnu-tools-for-stm32.7-2018-q2-update.win32_1.0.0.201904181610/tools/bin/../lib/gcc/arm-none-eabi/7.3.1/thumb/v7e-m/fpv4-sp/hard/crtn.o
                0x0000000008007244                . = ALIGN (0x4)
                0x0000000008007244                _etext = .

.vfp11_veneer   0x0000000008007244        0x0
 .vfp11_veneer  0x0000000008007244        0x0 linker stubs

.v4_bx          0x0000000008007244        0x0
 .v4_bx         0x0000000008007244        0x0 linker stubs

.iplt           0x0000000008007244        0x0
 .iplt          0x0000000008007244        0x0 c:/st/stm32cubeide_1.1.0/stm32cubeide/plugins/com.st.stm32cube.ide.mcu.externaltools.gnu-tools-for-stm32.7-2018-q2-update.win32_1.0.0.201904181610/tools/bin/../lib/gcc/arm-none-eabi/7.3.1/thumb/v7e-m/fpv4-sp/hard/crtbegin.o

.rodata         0x0000000008007248      0x2c0
                0x0000000008007248                . = ALIGN (0x4)
 *(.rodata)
 *(.rodata*)
 .rodata.flagBitshiftOffset.9361
                0x0000000008007248        0x8 Drivers/STM32F4xx_HAL_Driver/Src/stm32f4xx_hal_dma.o
 .rodata.MX_CAN1_Init.str1.4
                0x0000000008007250        0xd Src/can.o
 *fill*         0x000000000800725d        0x3 
 .rodata.AHBPrescTable
                0x0000000008007260       0x10 Src/system_stm32f4xx.o
                0x0000000008007260                AHBPrescTable
 .rodata.APBPrescTable
                0x0000000008007270        0x8 Src/system_stm32f4xx.o
                0x0000000008007270                APBPrescTable
 .rodata.MX_TIM1_Init.str1.4
                0x0000000008007278        0xd Src/tim.o
 *fill*         0x0000000008007285        0x3 
 .rodata.MX_USART1_UART_Init.str1.4
                0x0000000008007288       0x10 Src/usart.o
                                          0xf (size before relaxing)
 .rodata._strtod_l.str1.1
                0x0000000008007298        0xc c:/st/stm32cubeide_1.1.0/stm32cubeide/plugins/com.st.stm32cube.ide.mcu.externaltools.gnu-tools-for-stm32.7-2018-q2-update.win32_1.0.0.201904181610/tools/bin/../lib/gcc/arm-none-eabi/7.3.1/../../../../arm-none-eabi/lib/thumb/v7e-m/fpv4-sp/hard\libc_nano.a(lib_a-strtod.o)
 .rodata.fpi.7435
                0x00000000080072a4       0x14 c:/st/stm32cubeide_1.1.0/stm32cubeide/plugins/com.st.stm32cube.ide.mcu.externaltools.gnu-tools-for-stm32.7-2018-q2-update.win32_1.0.0.201904181610/tools/bin/../lib/gcc/arm-none-eabi/7.3.1/../../../../arm-none-eabi/lib/thumb/v7e-m/fpv4-sp/hard\libc_nano.a(lib_a-strtod.o)
 .rodata.fpinan.7471
                0x00000000080072b8       0x14 c:/st/stm32cubeide_1.1.0/stm32cubeide/plugins/com.st.stm32cube.ide.mcu.externaltools.gnu-tools-for-stm32.7-2018-q2-update.win32_1.0.0.201904181610/tools/bin/../lib/gcc/arm-none-eabi/7.3.1/../../../../arm-none-eabi/lib/thumb/v7e-m/fpv4-sp/hard\libc_nano.a(lib_a-strtod.o)
 *fill*         0x00000000080072cc        0x4 
 .rodata.tinytens
                0x00000000080072d0       0x28 c:/st/stm32cubeide_1.1.0/stm32cubeide/plugins/com.st.stm32cube.ide.mcu.externaltools.gnu-tools-for-stm32.7-2018-q2-update.win32_1.0.0.201904181610/tools/bin/../lib/gcc/arm-none-eabi/7.3.1/../../../../arm-none-eabi/lib/thumb/v7e-m/fpv4-sp/hard\libc_nano.a(lib_a-strtod.o)
 .rodata._setlocale_r.str1.1
                0x00000000080072f8        0x8 c:/st/stm32cubeide_1.1.0/stm32cubeide/plugins/com.st.stm32cube.ide.mcu.externaltools.gnu-tools-for-stm32.7-2018-q2-update.win32_1.0.0.201904181610/tools/bin/../lib/gcc/arm-none-eabi/7.3.1/../../../../arm-none-eabi/lib/thumb/v7e-m/fpv4-sp/hard\libc_nano.a(lib_a-locale.o)
                                          0x9 (size before relaxing)
 .rodata.str1.1
                0x0000000008007300        0x2 c:/st/stm32cubeide_1.1.0/stm32cubeide/plugins/com.st.stm32cube.ide.mcu.externaltools.gnu-tools-for-stm32.7-2018-q2-update.win32_1.0.0.201904181610/tools/bin/../lib/gcc/arm-none-eabi/7.3.1/../../../../arm-none-eabi/lib/thumb/v7e-m/fpv4-sp/hard\libc_nano.a(lib_a-locale.o)
 *fill*         0x0000000008007302        0x6 
 .rodata.__mprec_bigtens
                0x0000000008007308       0x28 c:/st/stm32cubeide_1.1.0/stm32cubeide/plugins/com.st.stm32cube.ide.mcu.externaltools.gnu-tools-for-stm32.7-2018-q2-update.win32_1.0.0.201904181610/tools/bin/../lib/gcc/arm-none-eabi/7.3.1/../../../../arm-none-eabi/lib/thumb/v7e-m/fpv4-sp/hard\libc_nano.a(lib_a-mprec.o)
                0x0000000008007308                __mprec_bigtens
 .rodata.__mprec_tens
                0x0000000008007330       0xc8 c:/st/stm32cubeide_1.1.0/stm32cubeide/plugins/com.st.stm32cube.ide.mcu.externaltools.gnu-tools-for-stm32.7-2018-q2-update.win32_1.0.0.201904181610/tools/bin/../lib/gcc/arm-none-eabi/7.3.1/../../../../arm-none-eabi/lib/thumb/v7e-m/fpv4-sp/hard\libc_nano.a(lib_a-mprec.o)
                0x0000000008007330                __mprec_tens
 .rodata.p05.7359
                0x00000000080073f8        0xc c:/st/stm32cubeide_1.1.0/stm32cubeide/plugins/com.st.stm32cube.ide.mcu.externaltools.gnu-tools-for-stm32.7-2018-q2-update.win32_1.0.0.201904181610/tools/bin/../lib/gcc/arm-none-eabi/7.3.1/../../../../arm-none-eabi/lib/thumb/v7e-m/fpv4-sp/hard\libc_nano.a(lib_a-mprec.o)
 .rodata._ctype_
                0x0000000008007404      0x101 c:/st/stm32cubeide_1.1.0/stm32cubeide/plugins/com.st.stm32cube.ide.mcu.externaltools.gnu-tools-for-stm32.7-2018-q2-update.win32_1.0.0.201904181610/tools/bin/../lib/gcc/arm-none-eabi/7.3.1/../../../../arm-none-eabi/lib/thumb/v7e-m/fpv4-sp/hard\libc_nano.a(lib_a-ctype_.o)
                0x0000000008007404                _ctype_
                0x0000000008007508                . = ALIGN (0x4)
 *fill*         0x0000000008007505        0x3 

.ARM.extab
 *(.ARM.extab* .gnu.linkonce.armextab.*)

.ARM            0x0000000008007508        0x8
                0x0000000008007508                __exidx_start = .
 *(.ARM.exidx*)
 .ARM.exidx     0x0000000008007508        0x8 c:/st/stm32cubeide_1.1.0/stm32cubeide/plugins/com.st.stm32cube.ide.mcu.externaltools.gnu-tools-for-stm32.7-2018-q2-update.win32_1.0.0.201904181610/tools/bin/../lib/gcc/arm-none-eabi/7.3.1/thumb/v7e-m/fpv4-sp/hard\libgcc.a(_udivmoddi4.o)
                0x0000000008007510                __exidx_end = .

.rel.dyn        0x0000000008007510        0x0
 .rel.iplt      0x0000000008007510        0x0 c:/st/stm32cubeide_1.1.0/stm32cubeide/plugins/com.st.stm32cube.ide.mcu.externaltools.gnu-tools-for-stm32.7-2018-q2-update.win32_1.0.0.201904181610/tools/bin/../lib/gcc/arm-none-eabi/7.3.1/thumb/v7e-m/fpv4-sp/hard/crtbegin.o

.preinit_array  0x0000000008007510        0x0
                0x0000000008007510                PROVIDE (__preinit_array_start = .)
 *(.preinit_array*)
                0x0000000008007510                PROVIDE (__preinit_array_end = .)

.init_array     0x0000000008007510        0x4
                0x0000000008007510                PROVIDE (__init_array_start = .)
 *(SORT_BY_NAME(.init_array.*))
 *(.init_array*)
 .init_array    0x0000000008007510        0x4 c:/st/stm32cubeide_1.1.0/stm32cubeide/plugins/com.st.stm32cube.ide.mcu.externaltools.gnu-tools-for-stm32.7-2018-q2-update.win32_1.0.0.201904181610/tools/bin/../lib/gcc/arm-none-eabi/7.3.1/thumb/v7e-m/fpv4-sp/hard/crtbegin.o
                0x0000000008007514                PROVIDE (__init_array_end = .)

.fini_array     0x0000000008007514        0x4
                [!provide]                        PROVIDE (__fini_array_start = .)
 *(SORT_BY_NAME(.fini_array.*))
 *(.fini_array*)
 .fini_array    0x0000000008007514        0x4 c:/st/stm32cubeide_1.1.0/stm32cubeide/plugins/com.st.stm32cube.ide.mcu.externaltools.gnu-tools-for-stm32.7-2018-q2-update.win32_1.0.0.201904181610/tools/bin/../lib/gcc/arm-none-eabi/7.3.1/thumb/v7e-m/fpv4-sp/hard/crtbegin.o
                [!provide]                        PROVIDE (__fini_array_end = .)
                0x0000000008007518                _sidata = LOADADDR (.data)

.data           0x0000000020000000      0x210 load address 0x0000000008007518
                0x0000000020000000                . = ALIGN (0x4)
                0x0000000020000000                _sdata = .
 *(.data)
 *(.data*)
 .data.cAlmStr  0x0000000020000000        0xe Src/main.o
                0x0000000020000000                cAlmStr
 *fill*         0x000000002000000e        0x2 
 .data.firstTime
                0x0000000020000010        0x4 Src/main.o
                0x0000000020000010                firstTime
 .data.heading  0x0000000020000014        0x4 Src/main.o
                0x0000000020000014                heading
 .data.heading_pos
                0x0000000020000018        0x4 Src/main.o
                0x0000000020000018                heading_pos
 .data.pitch_zero_position
                0x000000002000001c        0x4 Src/main.o
                0x000000002000001c                pitch_zero_position
 .data.test_speed
                0x0000000020000020        0x4 Src/main.o
                0x0000000020000020                test_speed
 .data.yaw_zero_position
                0x0000000020000024        0x4 Src/main.o
                0x0000000020000024                yaw_zero_position
 .data.SystemCoreClock
                0x0000000020000028        0x4 Src/system_stm32f4xx.o
                0x0000000020000028                SystemCoreClock
 .data.q0       0x000000002000002c        0x4 Src/bsp/bsp_imu.o
                0x000000002000002c                q0
 .data.tx_buff  0x0000000020000030        0xe Src/bsp/bsp_imu.o
 *fill*         0x000000002000003e        0x2 
 .data._impure_ptr
                0x0000000020000040        0x4 c:/st/stm32cubeide_1.1.0/stm32cubeide/plugins/com.st.stm32cube.ide.mcu.externaltools.gnu-tools-for-stm32.7-2018-q2-update.win32_1.0.0.201904181610/tools/bin/../lib/gcc/arm-none-eabi/7.3.1/../../../../arm-none-eabi/lib/thumb/v7e-m/fpv4-sp/hard\libc_nano.a(lib_a-impure.o)
                0x0000000020000040                _impure_ptr
 .data.impure_data
                0x0000000020000044       0x60 c:/st/stm32cubeide_1.1.0/stm32cubeide/plugins/com.st.stm32cube.ide.mcu.externaltools.gnu-tools-for-stm32.7-2018-q2-update.win32_1.0.0.201904181610/tools/bin/../lib/gcc/arm-none-eabi/7.3.1/../../../../arm-none-eabi/lib/thumb/v7e-m/fpv4-sp/hard\libc_nano.a(lib_a-impure.o)
 .data.__global_locale
                0x00000000200000a4      0x16c c:/st/stm32cubeide_1.1.0/stm32cubeide/plugins/com.st.stm32cube.ide.mcu.externaltools.gnu-tools-for-stm32.7-2018-q2-update.win32_1.0.0.201904181610/tools/bin/../lib/gcc/arm-none-eabi/7.3.1/../../../../arm-none-eabi/lib/thumb/v7e-m/fpv4-sp/hard\libc_nano.a(lib_a-locale.o)
                0x00000000200000a4                __global_locale
                0x0000000020000210                . = ALIGN (0x4)
                0x0000000020000210                _edata = .
                0x0000000008007728                _siccmram = LOADADDR (.ccmram)

.igot.plt       0x0000000020000210        0x0 load address 0x0000000008007728
 .igot.plt      0x0000000020000210        0x0 c:/st/stm32cubeide_1.1.0/stm32cubeide/plugins/com.st.stm32cube.ide.mcu.externaltools.gnu-tools-for-stm32.7-2018-q2-update.win32_1.0.0.201904181610/tools/bin/../lib/gcc/arm-none-eabi/7.3.1/thumb/v7e-m/fpv4-sp/hard/crtbegin.o

.ccmram         0x0000000010000000        0x0 load address 0x0000000008007728
                0x0000000010000000                . = ALIGN (0x4)
                0x0000000010000000                _sccmram = .
 *(.ccmram)
 *(.ccmram*)
                0x0000000010000000                . = ALIGN (0x4)
                0x0000000010000000                _eccmram = .
                0x0000000010000000                . = ALIGN (0x4)

.bss            0x0000000020000210      0xd34
                0x0000000020000210                _sbss = .
                0x0000000020000210                __bss_start__ = _sbss
 *(.bss)
 .bss           0x0000000020000210       0x1c c:/st/stm32cubeide_1.1.0/stm32cubeide/plugins/com.st.stm32cube.ide.mcu.externaltools.gnu-tools-for-stm32.7-2018-q2-update.win32_1.0.0.201904181610/tools/bin/../lib/gcc/arm-none-eabi/7.3.1/thumb/v7e-m/fpv4-sp/hard/crtbegin.o
 *(.bss*)
 .bss.LED_Flash_Timer_remote_control
                0x000000002000022c        0x4 Src/Remote_Control.o
                0x000000002000022c                LED_Flash_Timer_remote_control
 .bss.Latest_Remote_Control_Pack_Time
                0x0000000020000230        0x4 Src/Remote_Control.o
                0x0000000020000230                Latest_Remote_Control_Pack_Time
 .bss.test_keyval
                0x0000000020000234        0x2 Src/Remote_Control.o
                0x0000000020000234                test_keyval
 .bss.Uart1_Rx_Cnt
                0x0000000020000236        0x1 Src/main.o
                0x0000000020000236                Uart1_Rx_Cnt
 *fill*         0x0000000020000237        0x1 
 .bss.counter   0x0000000020000238        0x4 Src/main.o
                0x0000000020000238                counter
 .bss.end_Yaw   0x000000002000023c        0x4 Src/main.o
                0x000000002000023c                end_Yaw
 .bss.imuCalTime
                0x0000000020000240        0x4 Src/main.o
                0x0000000020000240                imuCalTime
 .bss.imuFirst  0x0000000020000244        0x4 Src/main.o
                0x0000000020000244                imuFirst
 .bss.imuLast   0x0000000020000248        0x4 Src/main.o
                0x0000000020000248                imuLast
 .bss.niuYao    0x000000002000024c        0x4 Src/main.o
                0x000000002000024c                niuYao
 .bss.pitch_angle
                0x0000000020000250        0x4 Src/main.o
                0x0000000020000250                pitch_angle
 .bss.rotate_speed
                0x0000000020000254        0x4 Src/main.o
                0x0000000020000254                rotate_speed
 .bss.send_control
                0x0000000020000258        0x4 Src/main.o
                0x0000000020000258                send_control
 .bss.set_spd   0x000000002000025c        0x4 Src/main.o
                0x000000002000025c                set_spd
 .bss.x_speed   0x0000000020000260        0x4 Src/main.o
                0x0000000020000260                x_speed
 .bss.y_speed   0x0000000020000264        0x4 Src/main.o
                0x0000000020000264                y_speed
 .bss.yaw_angle
                0x0000000020000268        0x4 Src/main.o
                0x0000000020000268                yaw_angle
 .bss.heap_end.7221
                0x000000002000026c        0x4 Src/syscalls.o
 .bss.Rx1Message.9970
                0x0000000020000270       0x24 Src/bsp/bsp_can.o
 .bss.Tx1Message.9969
                0x0000000020000294       0x1c Src/bsp/bsp_can.o
 .bss.moto_chassis
                0x00000000200002b0      0x120 Src/bsp/bsp_can.o
                0x00000000200002b0                moto_chassis
 .bss.imu       0x00000000200003d0       0x34 Src/bsp/bsp_imu.o
                0x00000000200003d0                imu
 .bss.q1        0x0000000020000404        0x4 Src/bsp/bsp_imu.o
                0x0000000020000404                q1
 .bss.q2        0x0000000020000408        0x4 Src/bsp/bsp_imu.o
                0x0000000020000408                q2
 .bss.q3        0x000000002000040c        0x4 Src/bsp/bsp_imu.o
                0x000000002000040c                q3
 .bss.rx        0x0000000020000410        0x1 Src/bsp/bsp_imu.o
 .bss.tx        0x0000000020000411        0x1 Src/bsp/bsp_imu.o
 *fill*         0x0000000020000412        0x2 
 .bss.__malloc_free_list
                0x0000000020000414        0x4 c:/st/stm32cubeide_1.1.0/stm32cubeide/plugins/com.st.stm32cube.ide.mcu.externaltools.gnu-tools-for-stm32.7-2018-q2-update.win32_1.0.0.201904181610/tools/bin/../lib/gcc/arm-none-eabi/7.3.1/../../../../arm-none-eabi/lib/thumb/v7e-m/fpv4-sp/hard\libc_nano.a(lib_a-nano-mallocr.o)
                0x0000000020000414                __malloc_free_list
 .bss.__malloc_sbrk_start
                0x0000000020000418        0x4 c:/st/stm32cubeide_1.1.0/stm32cubeide/plugins/com.st.stm32cube.ide.mcu.externaltools.gnu-tools-for-stm32.7-2018-q2-update.win32_1.0.0.201904181610/tools/bin/../lib/gcc/arm-none-eabi/7.3.1/../../../../arm-none-eabi/lib/thumb/v7e-m/fpv4-sp/hard\libc_nano.a(lib_a-nano-mallocr.o)
                0x0000000020000418                __malloc_sbrk_start
 *(COMMON)
 COMMON         0x000000002000041c        0x4 Drivers/STM32F4xx_HAL_Driver/Src/stm32f4xx_hal.o
                0x000000002000041c                uwTick
 COMMON         0x0000000020000420       0x1a Src/Remote_Control.o
                0x0000000020000420                HighTime
                0x0000000020000424                remote_control
 *fill*         0x000000002000043a        0x2 
 COMMON         0x000000002000043c       0x44 Src/can.o
                0x000000002000043c                hcan1
 COMMON         0x0000000020000480      0x670 Src/main.o
                0x0000000020000480                pitch_filter
                0x000000002000049c                x_stopped_time
                0x00000000200004a0                trigger_pid_speed
                0x0000000020000504                center_angle
                0x0000000020000508                yaw_pid_aim_pos
                0x000000002000056c                yaw_pid_lock_pos
                0x00000000200005d0                motor_pid
                0x0000000020000760                Uart1_RxBuff
                0x0000000020000860                yaw_pid_lock_speed
                0x00000000200008c4                yaw_filter
                0x00000000200008e0                wheel_speeds
                0x00000000200008f0                TIM_COUNT
                0x00000000200008f4                pitch_pid_speed
                0x0000000020000958                yaw_pid_pos
                0x00000000200009bc                result
                0x00000000200009c0                aRxBuffer
                0x00000000200009c1                mouse_x_moved
                0x00000000200009c4                chassis_rotate_pos
                0x0000000020000a28                pitch_pid_pos
                0x0000000020000a8c                yaw_pid_speed
 COMMON         0x0000000020000af0       0x3c Src/stm32f4xx_hal_timebase_tim.o
                0x0000000020000af0                htim6
 COMMON         0x0000000020000b2c      0x150 Src/tim.o
                0x0000000020000b2c                htim4
                0x0000000020000b68                htim3
                0x0000000020000ba4                hdma_tim1_ch1_ch2_ch3
                0x0000000020000c04                htim1
                0x0000000020000c40                htim2
 COMMON         0x0000000020000c7c      0x144 Src/usart.o
                0x0000000020000c7c                UART_Buffer
                0x0000000020000ce0                hdma_usart1_rx
                0x0000000020000d40                huart1
                0x0000000020000d80                huart6
 COMMON         0x0000000020000dc0       0xdc Src/bsp/bsp_can.o
                0x0000000020000dc0                FlashTimer
                0x0000000020000dc4                moto_trigger
                0x0000000020000e0c                moto_pit
                0x0000000020000e54                moto_yaw
 COMMON         0x0000000020000e9c       0x4c Src/bsp/bsp_imu.o
                0x0000000020000e9c                exInt
                0x0000000020000ea0                ist_buff
                0x0000000020000ea6                id
                0x0000000020000ea8                now_update
                0x0000000020000eac                eyInt
                0x0000000020000eb0                mpu_data
                0x0000000020000ed0                mpu_buff
                0x0000000020000ee0                ezInt
                0x0000000020000ee4                last_update
 COMMON         0x0000000020000ee8       0x58 Src/bsp/spi.o
                0x0000000020000ee8                hspi5
 COMMON         0x0000000020000f40        0x4 c:/st/stm32cubeide_1.1.0/stm32cubeide/plugins/com.st.stm32cube.ide.mcu.externaltools.gnu-tools-for-stm32.7-2018-q2-update.win32_1.0.0.201904181610/tools/bin/../lib/gcc/arm-none-eabi/7.3.1/../../../../arm-none-eabi/lib/thumb/v7e-m/fpv4-sp/hard\libc_nano.a(lib_a-reent.o)
                0x0000000020000f40                errno
                0x0000000020000f44                . = ALIGN (0x4)
                0x0000000020000f44                _ebss = .
                0x0000000020000f44                __bss_end__ = _ebss

._user_heap_stack
                0x0000000020000f44      0x600
                0x0000000020000f44                . = ALIGN (0x4)
                0x0000000020000f44                PROVIDE (end = .)
                [!provide]                        PROVIDE (_end = .)
                0x0000000020001144                . = (. + _Min_Heap_Size)
 *fill*         0x0000000020000f44      0x200 
                0x0000000020001544                . = (. + _Min_Stack_Size)
 *fill*         0x0000000020001144      0x400 
                0x0000000020001544                . = ALIGN (0x4)

/DISCARD/
 libc.a(*)
 libm.a(*)
 libgcc.a(*)

.ARM.attributes
                0x0000000000000000       0x30
 *(.ARM.attributes)
 .ARM.attributes
                0x0000000000000000       0x22 c:/st/stm32cubeide_1.1.0/stm32cubeide/plugins/com.st.stm32cube.ide.mcu.externaltools.gnu-tools-for-stm32.7-2018-q2-update.win32_1.0.0.201904181610/tools/bin/../lib/gcc/arm-none-eabi/7.3.1/thumb/v7e-m/fpv4-sp/hard/crti.o
 .ARM.attributes
                0x0000000000000022       0x34 c:/st/stm32cubeide_1.1.0/stm32cubeide/plugins/com.st.stm32cube.ide.mcu.externaltools.gnu-tools-for-stm32.7-2018-q2-update.win32_1.0.0.201904181610/tools/bin/../lib/gcc/arm-none-eabi/7.3.1/thumb/v7e-m/fpv4-sp/hard/crtbegin.o
 .ARM.attributes
                0x0000000000000056       0x39 Drivers/STM32F4xx_HAL_Driver/Src/stm32f4xx_hal.o
 .ARM.attributes
                0x000000000000008f       0x39 Drivers/STM32F4xx_HAL_Driver/Src/stm32f4xx_hal_can.o
 .ARM.attributes
                0x00000000000000c8       0x39 Drivers/STM32F4xx_HAL_Driver/Src/stm32f4xx_hal_cortex.o
 .ARM.attributes
                0x0000000000000101       0x39 Drivers/STM32F4xx_HAL_Driver/Src/stm32f4xx_hal_dma.o
 .ARM.attributes
                0x000000000000013a       0x39 Drivers/STM32F4xx_HAL_Driver/Src/stm32f4xx_hal_gpio.o
 .ARM.attributes
                0x0000000000000173       0x39 Drivers/STM32F4xx_HAL_Driver/Src/stm32f4xx_hal_rcc.o
 .ARM.attributes
                0x00000000000001ac       0x39 Drivers/STM32F4xx_HAL_Driver/Src/stm32f4xx_hal_spi.o
 .ARM.attributes
                0x00000000000001e5       0x39 Drivers/STM32F4xx_HAL_Driver/Src/stm32f4xx_hal_tim.o
 .ARM.attributes
                0x000000000000021e       0x39 Drivers/STM32F4xx_HAL_Driver/Src/stm32f4xx_hal_tim_ex.o
 .ARM.attributes
                0x0000000000000257       0x39 Drivers/STM32F4xx_HAL_Driver/Src/stm32f4xx_hal_uart.o
 .ARM.attributes
                0x0000000000000290       0x39 Src/Remote_Control.o
 .ARM.attributes
                0x00000000000002c9       0x39 Src/can.o
 .ARM.attributes
                0x0000000000000302       0x39 Src/dma.o
 .ARM.attributes
                0x000000000000033b       0x39 Src/gpio.o
 .ARM.attributes
                0x0000000000000374       0x39 Src/kalman_filter.o
 .ARM.attributes
                0x00000000000003ad       0x39 Src/main.o
 .ARM.attributes
                0x00000000000003e6       0x39 Src/stm32f4xx_hal_msp.o
 .ARM.attributes
                0x000000000000041f       0x39 Src/stm32f4xx_hal_timebase_tim.o
 .ARM.attributes
                0x0000000000000458       0x39 Src/stm32f4xx_it.o
 .ARM.attributes
                0x0000000000000491       0x39 Src/syscalls.o
 .ARM.attributes
                0x00000000000004ca       0x39 Src/system_stm32f4xx.o
 .ARM.attributes
                0x0000000000000503       0x39 Src/tim.o
 .ARM.attributes
                0x000000000000053c       0x39 Src/usart.o
 .ARM.attributes
                0x0000000000000575       0x39 Src/bsp/bsp_can.o
 .ARM.attributes
                0x00000000000005ae       0x39 Src/bsp/bsp_imu.o
 .ARM.attributes
                0x00000000000005e7       0x39 Src/bsp/pid.o
 .ARM.attributes
                0x0000000000000620       0x39 Src/bsp/spi.o
 .ARM.attributes
                0x0000000000000659       0x21 startup/startup_stm32f427xx.o
 .ARM.attributes
                0x000000000000067a       0x34 c:/st/stm32cubeide_1.1.0/stm32cubeide/plugins/com.st.stm32cube.ide.mcu.externaltools.gnu-tools-for-stm32.7-2018-q2-update.win32_1.0.0.201904181610/tools/bin/../lib/gcc/arm-none-eabi/7.3.1/../../../../arm-none-eabi/lib/thumb/v7e-m/fpv4-sp/hard\libc_nano.a(lib_a-atof.o)
 .ARM.attributes
                0x00000000000006ae       0x34 c:/st/stm32cubeide_1.1.0/stm32cubeide/plugins/com.st.stm32cube.ide.mcu.externaltools.gnu-tools-for-stm32.7-2018-q2-update.win32_1.0.0.201904181610/tools/bin/../lib/gcc/arm-none-eabi/7.3.1/../../../../arm-none-eabi/lib/thumb/v7e-m/fpv4-sp/hard\libc_nano.a(lib_a-errno.o)
 .ARM.attributes
                0x00000000000006e2       0x34 c:/st/stm32cubeide_1.1.0/stm32cubeide/plugins/com.st.stm32cube.ide.mcu.externaltools.gnu-tools-for-stm32.7-2018-q2-update.win32_1.0.0.201904181610/tools/bin/../lib/gcc/arm-none-eabi/7.3.1/../../../../arm-none-eabi/lib/thumb/v7e-m/fpv4-sp/hard\libc_nano.a(lib_a-impure.o)
 .ARM.attributes
                0x0000000000000716       0x34 c:/st/stm32cubeide_1.1.0/stm32cubeide/plugins/com.st.stm32cube.ide.mcu.externaltools.gnu-tools-for-stm32.7-2018-q2-update.win32_1.0.0.201904181610/tools/bin/../lib/gcc/arm-none-eabi/7.3.1/../../../../arm-none-eabi/lib/thumb/v7e-m/fpv4-sp/hard\libc_nano.a(lib_a-init.o)
 .ARM.attributes
                0x000000000000074a       0x34 c:/st/stm32cubeide_1.1.0/stm32cubeide/plugins/com.st.stm32cube.ide.mcu.externaltools.gnu-tools-for-stm32.7-2018-q2-update.win32_1.0.0.201904181610/tools/bin/../lib/gcc/arm-none-eabi/7.3.1/../../../../arm-none-eabi/lib/thumb/v7e-m/fpv4-sp/hard\libc_nano.a(lib_a-memset.o)
 .ARM.attributes
                0x000000000000077e       0x34 c:/st/stm32cubeide_1.1.0/stm32cubeide/plugins/com.st.stm32cube.ide.mcu.externaltools.gnu-tools-for-stm32.7-2018-q2-update.win32_1.0.0.201904181610/tools/bin/../lib/gcc/arm-none-eabi/7.3.1/../../../../arm-none-eabi/lib/thumb/v7e-m/fpv4-sp/hard\libc_nano.a(lib_a-strtod.o)
 .ARM.attributes
                0x00000000000007b2       0x34 c:/st/stm32cubeide_1.1.0/stm32cubeide/plugins/com.st.stm32cube.ide.mcu.externaltools.gnu-tools-for-stm32.7-2018-q2-update.win32_1.0.0.201904181610/tools/bin/../lib/gcc/arm-none-eabi/7.3.1/../../../../arm-none-eabi/lib/thumb/v7e-m/fpv4-sp/hard\libc_nano.a(lib_a-gdtoa-gethex.o)
 .ARM.attributes
                0x00000000000007e6       0x34 c:/st/stm32cubeide_1.1.0/stm32cubeide/plugins/com.st.stm32cube.ide.mcu.externaltools.gnu-tools-for-stm32.7-2018-q2-update.win32_1.0.0.201904181610/tools/bin/../lib/gcc/arm-none-eabi/7.3.1/../../../../arm-none-eabi/lib/thumb/v7e-m/fpv4-sp/hard\libc_nano.a(lib_a-gdtoa-hexnan.o)
 .ARM.attributes
                0x000000000000081a       0x34 c:/st/stm32cubeide_1.1.0/stm32cubeide/plugins/com.st.stm32cube.ide.mcu.externaltools.gnu-tools-for-stm32.7-2018-q2-update.win32_1.0.0.201904181610/tools/bin/../lib/gcc/arm-none-eabi/7.3.1/../../../../arm-none-eabi/lib/thumb/v7e-m/fpv4-sp/hard\libc_nano.a(lib_a-locale.o)
 .ARM.attributes
                0x000000000000084e       0x34 c:/st/stm32cubeide_1.1.0/stm32cubeide/plugins/com.st.stm32cube.ide.mcu.externaltools.gnu-tools-for-stm32.7-2018-q2-update.win32_1.0.0.201904181610/tools/bin/../lib/gcc/arm-none-eabi/7.3.1/../../../../arm-none-eabi/lib/thumb/v7e-m/fpv4-sp/hard\libc_nano.a(lib_a-localeconv.o)
 .ARM.attributes
                0x0000000000000882       0x34 c:/st/stm32cubeide_1.1.0/stm32cubeide/plugins/com.st.stm32cube.ide.mcu.externaltools.gnu-tools-for-stm32.7-2018-q2-update.win32_1.0.0.201904181610/tools/bin/../lib/gcc/arm-none-eabi/7.3.1/../../../../arm-none-eabi/lib/thumb/v7e-m/fpv4-sp/hard\libc_nano.a(lib_a-mbtowc_r.o)
 .ARM.attributes
                0x00000000000008b6       0x34 c:/st/stm32cubeide_1.1.0/stm32cubeide/plugins/com.st.stm32cube.ide.mcu.externaltools.gnu-tools-for-stm32.7-2018-q2-update.win32_1.0.0.201904181610/tools/bin/../lib/gcc/arm-none-eabi/7.3.1/../../../../arm-none-eabi/lib/thumb/v7e-m/fpv4-sp/hard\libc_nano.a(lib_a-memcpy-stub.o)
 .ARM.attributes
                0x00000000000008ea       0x34 c:/st/stm32cubeide_1.1.0/stm32cubeide/plugins/com.st.stm32cube.ide.mcu.externaltools.gnu-tools-for-stm32.7-2018-q2-update.win32_1.0.0.201904181610/tools/bin/../lib/gcc/arm-none-eabi/7.3.1/../../../../arm-none-eabi/lib/thumb/v7e-m/fpv4-sp/hard\libc_nano.a(lib_a-mprec.o)
 .ARM.attributes
                0x000000000000091e       0x34 c:/st/stm32cubeide_1.1.0/stm32cubeide/plugins/com.st.stm32cube.ide.mcu.externaltools.gnu-tools-for-stm32.7-2018-q2-update.win32_1.0.0.201904181610/tools/bin/../lib/gcc/arm-none-eabi/7.3.1/../../../../arm-none-eabi/lib/thumb/v7e-m/fpv4-sp/hard\libc_nano.a(lib_a-nano-callocr.o)
 .ARM.attributes
                0x0000000000000952       0x34 c:/st/stm32cubeide_1.1.0/stm32cubeide/plugins/com.st.stm32cube.ide.mcu.externaltools.gnu-tools-for-stm32.7-2018-q2-update.win32_1.0.0.201904181610/tools/bin/../lib/gcc/arm-none-eabi/7.3.1/../../../../arm-none-eabi/lib/thumb/v7e-m/fpv4-sp/hard\libc_nano.a(lib_a-nano-mallocr.o)
 .ARM.attributes
                0x0000000000000986       0x34 c:/st/stm32cubeide_1.1.0/stm32cubeide/plugins/com.st.stm32cube.ide.mcu.externaltools.gnu-tools-for-stm32.7-2018-q2-update.win32_1.0.0.201904181610/tools/bin/../lib/gcc/arm-none-eabi/7.3.1/../../../../arm-none-eabi/lib/thumb/v7e-m/fpv4-sp/hard\libc_nano.a(lib_a-sbrkr.o)
 .ARM.attributes
                0x00000000000009ba       0x1b c:/st/stm32cubeide_1.1.0/stm32cubeide/plugins/com.st.stm32cube.ide.mcu.externaltools.gnu-tools-for-stm32.7-2018-q2-update.win32_1.0.0.201904181610/tools/bin/../lib/gcc/arm-none-eabi/7.3.1/../../../../arm-none-eabi/lib/thumb/v7e-m/fpv4-sp/hard\libc_nano.a(lib_a-strlen.o)
 .ARM.attributes
                0x00000000000009d5       0x34 c:/st/stm32cubeide_1.1.0/stm32cubeide/plugins/com.st.stm32cube.ide.mcu.externaltools.gnu-tools-for-stm32.7-2018-q2-update.win32_1.0.0.201904181610/tools/bin/../lib/gcc/arm-none-eabi/7.3.1/../../../../arm-none-eabi/lib/thumb/v7e-m/fpv4-sp/hard\libc_nano.a(lib_a-strncmp.o)
 .ARM.attributes
                0x0000000000000a09       0x34 c:/st/stm32cubeide_1.1.0/stm32cubeide/plugins/com.st.stm32cube.ide.mcu.externaltools.gnu-tools-for-stm32.7-2018-q2-update.win32_1.0.0.201904181610/tools/bin/../lib/gcc/arm-none-eabi/7.3.1/../../../../arm-none-eabi/lib/thumb/v7e-m/fpv4-sp/hard\libc_nano.a(lib_a-wctomb_r.o)
 .ARM.attributes
                0x0000000000000a3d       0x34 c:/st/stm32cubeide_1.1.0/stm32cubeide/plugins/com.st.stm32cube.ide.mcu.externaltools.gnu-tools-for-stm32.7-2018-q2-update.win32_1.0.0.201904181610/tools/bin/../lib/gcc/arm-none-eabi/7.3.1/../../../../arm-none-eabi/lib/thumb/v7e-m/fpv4-sp/hard\libc_nano.a(lib_a-ctype_.o)
 .ARM.attributes
                0x0000000000000a71       0x34 c:/st/stm32cubeide_1.1.0/stm32cubeide/plugins/com.st.stm32cube.ide.mcu.externaltools.gnu-tools-for-stm32.7-2018-q2-update.win32_1.0.0.201904181610/tools/bin/../lib/gcc/arm-none-eabi/7.3.1/../../../../arm-none-eabi/lib/thumb/v7e-m/fpv4-sp/hard\libc_nano.a(lib_a-malloc.o)
 .ARM.attributes
                0x0000000000000aa5       0x34 c:/st/stm32cubeide_1.1.0/stm32cubeide/plugins/com.st.stm32cube.ide.mcu.externaltools.gnu-tools-for-stm32.7-2018-q2-update.win32_1.0.0.201904181610/tools/bin/../lib/gcc/arm-none-eabi/7.3.1/../../../../arm-none-eabi/lib/thumb/v7e-m/fpv4-sp/hard\libc_nano.a(lib_a-mlock.o)
 .ARM.attributes
                0x0000000000000ad9       0x34 c:/st/stm32cubeide_1.1.0/stm32cubeide/plugins/com.st.stm32cube.ide.mcu.externaltools.gnu-tools-for-stm32.7-2018-q2-update.win32_1.0.0.201904181610/tools/bin/../lib/gcc/arm-none-eabi/7.3.1/../../../../arm-none-eabi/lib/thumb/v7e-m/fpv4-sp/hard\libc_nano.a(lib_a-reent.o)
 .ARM.attributes
                0x0000000000000b0d       0x22 c:/st/stm32cubeide_1.1.0/stm32cubeide/plugins/com.st.stm32cube.ide.mcu.externaltools.gnu-tools-for-stm32.7-2018-q2-update.win32_1.0.0.201904181610/tools/bin/../lib/gcc/arm-none-eabi/7.3.1/thumb/v7e-m/fpv4-sp/hard\libgcc.a(_arm_addsubdf3.o)
 .ARM.attributes
                0x0000000000000b2f       0x22 c:/st/stm32cubeide_1.1.0/stm32cubeide/plugins/com.st.stm32cube.ide.mcu.externaltools.gnu-tools-for-stm32.7-2018-q2-update.win32_1.0.0.201904181610/tools/bin/../lib/gcc/arm-none-eabi/7.3.1/thumb/v7e-m/fpv4-sp/hard\libgcc.a(_arm_muldivdf3.o)
 .ARM.attributes
                0x0000000000000b51       0x22 c:/st/stm32cubeide_1.1.0/stm32cubeide/plugins/com.st.stm32cube.ide.mcu.externaltools.gnu-tools-for-stm32.7-2018-q2-update.win32_1.0.0.201904181610/tools/bin/../lib/gcc/arm-none-eabi/7.3.1/thumb/v7e-m/fpv4-sp/hard\libgcc.a(_arm_cmpdf2.o)
 .ARM.attributes
                0x0000000000000b73       0x22 c:/st/stm32cubeide_1.1.0/stm32cubeide/plugins/com.st.stm32cube.ide.mcu.externaltools.gnu-tools-for-stm32.7-2018-q2-update.win32_1.0.0.201904181610/tools/bin/../lib/gcc/arm-none-eabi/7.3.1/thumb/v7e-m/fpv4-sp/hard\libgcc.a(_arm_fixdfsi.o)
 .ARM.attributes
                0x0000000000000b95       0x22 c:/st/stm32cubeide_1.1.0/stm32cubeide/plugins/com.st.stm32cube.ide.mcu.externaltools.gnu-tools-for-stm32.7-2018-q2-update.win32_1.0.0.201904181610/tools/bin/../lib/gcc/arm-none-eabi/7.3.1/thumb/v7e-m/fpv4-sp/hard\libgcc.a(_arm_fixunsdfsi.o)
 .ARM.attributes
                0x0000000000000bb7       0x22 c:/st/stm32cubeide_1.1.0/stm32cubeide/plugins/com.st.stm32cube.ide.mcu.externaltools.gnu-tools-for-stm32.7-2018-q2-update.win32_1.0.0.201904181610/tools/bin/../lib/gcc/arm-none-eabi/7.3.1/thumb/v7e-m/fpv4-sp/hard\libgcc.a(_arm_truncdfsf2.o)
 .ARM.attributes
                0x0000000000000bd9       0x22 c:/st/stm32cubeide_1.1.0/stm32cubeide/plugins/com.st.stm32cube.ide.mcu.externaltools.gnu-tools-for-stm32.7-2018-q2-update.win32_1.0.0.201904181610/tools/bin/../lib/gcc/arm-none-eabi/7.3.1/thumb/v7e-m/fpv4-sp/hard\libgcc.a(_aeabi_uldivmod.o)
 .ARM.attributes
                0x0000000000000bfb       0x34 c:/st/stm32cubeide_1.1.0/stm32cubeide/plugins/com.st.stm32cube.ide.mcu.externaltools.gnu-tools-for-stm32.7-2018-q2-update.win32_1.0.0.201904181610/tools/bin/../lib/gcc/arm-none-eabi/7.3.1/thumb/v7e-m/fpv4-sp/hard\libgcc.a(_udivmoddi4.o)
 .ARM.attributes
                0x0000000000000c2f       0x22 c:/st/stm32cubeide_1.1.0/stm32cubeide/plugins/com.st.stm32cube.ide.mcu.externaltools.gnu-tools-for-stm32.7-2018-q2-update.win32_1.0.0.201904181610/tools/bin/../lib/gcc/arm-none-eabi/7.3.1/thumb/v7e-m/fpv4-sp/hard\libgcc.a(_dvmd_tls.o)
 .ARM.attributes
                0x0000000000000c51       0x22 c:/st/stm32cubeide_1.1.0/stm32cubeide/plugins/com.st.stm32cube.ide.mcu.externaltools.gnu-tools-for-stm32.7-2018-q2-update.win32_1.0.0.201904181610/tools/bin/../lib/gcc/arm-none-eabi/7.3.1/thumb/v7e-m/fpv4-sp/hard/crtn.o
OUTPUT(demo.elf elf32-littlearm)

.debug_info     0x0000000000000000    0x266aa
 .debug_info    0x0000000000000000     0x1168 Drivers/STM32F4xx_HAL_Driver/Src/stm32f4xx_hal.o
 .debug_info    0x0000000000001168     0x14de Drivers/STM32F4xx_HAL_Driver/Src/stm32f4xx_hal_can.o
 .debug_info    0x0000000000002646     0x1774 Drivers/STM32F4xx_HAL_Driver/Src/stm32f4xx_hal_cortex.o
 .debug_info    0x0000000000003dba     0x1280 Drivers/STM32F4xx_HAL_Driver/Src/stm32f4xx_hal_dma.o
 .debug_info    0x000000000000503a      0xfa2 Drivers/STM32F4xx_HAL_Driver/Src/stm32f4xx_hal_gpio.o
 .debug_info    0x0000000000005fdc     0x1278 Drivers/STM32F4xx_HAL_Driver/Src/stm32f4xx_hal_rcc.o
 .debug_info    0x0000000000007254     0x2476 Drivers/STM32F4xx_HAL_Driver/Src/stm32f4xx_hal_spi.o
 .debug_info    0x00000000000096ca     0x3ea4 Drivers/STM32F4xx_HAL_Driver/Src/stm32f4xx_hal_tim.o
 .debug_info    0x000000000000d56e     0x1b34 Drivers/STM32F4xx_HAL_Driver/Src/stm32f4xx_hal_tim_ex.o
 .debug_info    0x000000000000f0a2     0x1f3c Drivers/STM32F4xx_HAL_Driver/Src/stm32f4xx_hal_uart.o
 .debug_info    0x0000000000010fde     0x118f Src/Remote_Control.o
 .debug_info    0x000000000001216d     0x1588 Src/can.o
 .debug_info    0x00000000000136f5      0xdee Src/dma.o
 .debug_info    0x00000000000144e3      0xd7f Src/gpio.o
 .debug_info    0x0000000000015262      0x243 Src/kalman_filter.o
 .debug_info    0x00000000000154a5     0x30f0 Src/main.o
 .debug_info    0x0000000000018595      0xb3c Src/stm32f4xx_hal_msp.o
 .debug_info    0x00000000000190d1     0x13ed Src/stm32f4xx_hal_timebase_tim.o
 .debug_info    0x000000000001a4be     0x1675 Src/stm32f4xx_it.o
 .debug_info    0x000000000001bb33      0xfe9 Src/syscalls.o
 .debug_info    0x000000000001cb1c      0xd33 Src/system_stm32f4xx.o
 .debug_info    0x000000000001d84f     0x1e32 Src/tim.o
 .debug_info    0x000000000001f681     0x1927 Src/usart.o
 .debug_info    0x0000000000020fa8     0x150f Src/bsp/bsp_can.o
 .debug_info    0x00000000000224b7     0x2192 Src/bsp/bsp_imu.o
 .debug_info    0x0000000000024649      0xe3b Src/bsp/pid.o
 .debug_info    0x0000000000025484     0x1204 Src/bsp/spi.o
 .debug_info    0x0000000000026688       0x22 startup/startup_stm32f427xx.o

.debug_abbrev   0x0000000000000000     0x4ce5
 .debug_abbrev  0x0000000000000000      0x2d4 Drivers/STM32F4xx_HAL_Driver/Src/stm32f4xx_hal.o