Component: ARM Compiler 5.06 update 6 (build 750) Tool: armlink [4d35ed]

==============================================================================

Section Cross References

    stm32f4xx_hal_can.o(i.CAN_Receive_IT) refers to bsp_can.o(i.HAL_CAN_RxCpltCallback) for HAL_CAN_RxCpltCallback
    stm32f4xx_hal_can.o(i.HAL_CAN_DeInit) refers to can.o(i.HAL_CAN_MspDeInit) for HAL_CAN_MspDeInit
    stm32f4xx_hal_can.o(i.HAL_CAN_IRQHandler) refers to stm32f4xx_hal_can.o(i.HAL_CAN_TxCpltCallback) for HAL_CAN_TxCpltCallback
    stm32f4xx_hal_can.o(i.HAL_CAN_IRQHandler) refers to stm32f4xx_hal_can.o(i.CAN_Receive_IT) for CAN_Receive_IT
    stm32f4xx_hal_can.o(i.HAL_CAN_IRQHandler) refers to can.o(i.HAL_CAN_ErrorCallback) for HAL_CAN_ErrorCallback
    stm32f4xx_hal_can.o(i.HAL_CAN_Init) refers to can.o(i.HAL_CAN_MspInit) for HAL_CAN_MspInit
    stm32f4xx_hal_can.o(i.HAL_CAN_Init) refers to stm32f4xx_hal.o(i.HAL_GetTick) for HAL_GetTick
    stm32f4xx_hal_can.o(i.HAL_CAN_Receive) refers to stm32f4xx_hal.o(i.HAL_GetTick) for HAL_GetTick
    stm32f4xx_hal_can.o(i.HAL_CAN_Sleep) refers to stm32f4xx_hal.o(i.HAL_GetTick) for HAL_GetTick
    stm32f4xx_hal_can.o(i.HAL_CAN_Transmit) refers to stm32f4xx_hal.o(i.HAL_GetTick) for HAL_GetTick
    stm32f4xx_hal_can.o(i.HAL_CAN_WakeUp) refers to stm32f4xx_hal.o(i.HAL_GetTick) for HAL_GetTick
    stm32f4xx_hal_gpio.o(i.HAL_GPIO_EXTI_IRQHandler) refers to stm32f4xx_hal_gpio.o(i.HAL_GPIO_EXTI_Callback) for HAL_GPIO_EXTI_Callback
    stm32f4xx_hal_flash.o(i.FLASH_SetErrorCode) refers to stm32f4xx_hal_flash.o(.bss) for .bss
    stm32f4xx_hal_flash.o(i.FLASH_WaitForLastOperation) refers to stm32f4xx_hal.o(i.HAL_GetTick) for HAL_GetTick
    stm32f4xx_hal_flash.o(i.FLASH_WaitForLastOperation) refers to stm32f4xx_hal_flash.o(i.FLASH_SetErrorCode) for FLASH_SetErrorCode
    stm32f4xx_hal_flash.o(i.FLASH_WaitForLastOperation) refers to stm32f4xx_hal_flash.o(.bss) for .bss
    stm32f4xx_hal_flash.o(i.HAL_FLASH_GetError) refers to stm32f4xx_hal_flash.o(.bss) for .bss
    stm32f4xx_hal_flash.o(i.HAL_FLASH_IRQHandler) refers to stm32f4xx_hal_flash.o(i.FLASH_SetErrorCode) for FLASH_SetErrorCode
    stm32f4xx_hal_flash.o(i.HAL_FLASH_IRQHandler) refers to stm32f4xx_hal_flash.o(i.HAL_FLASH_OperationErrorCallback) for HAL_FLASH_OperationErrorCallback
    stm32f4xx_hal_flash.o(i.HAL_FLASH_IRQHandler) refers to stm32f4xx_hal_flash.o(i.HAL_FLASH_EndOfOperationCallback) for HAL_FLASH_EndOfOperationCallback
    stm32f4xx_hal_flash.o(i.HAL_FLASH_IRQHandler) refers to stm32f4xx_hal_flash_ex.o(i.FLASH_Erase_Sector) for FLASH_Erase_Sector
    stm32f4xx_hal_flash.o(i.HAL_FLASH_IRQHandler) refers to stm32f4xx_hal_flash_ex.o(i.FLASH_FlushCaches) for FLASH_FlushCaches
    stm32f4xx_hal_flash.o(i.HAL_FLASH_IRQHandler) refers to stm32f4xx_hal_flash.o(.bss) for .bss
    stm32f4xx_hal_flash.o(i.HAL_FLASH_OB_Launch) refers to stm32f4xx_hal_flash.o(i.FLASH_WaitForLastOperation) for FLASH_WaitForLastOperation
    stm32f4xx_hal_flash.o(i.HAL_FLASH_Program) refers to stm32f4xx_hal_flash.o(i.FLASH_WaitForLastOperation) for FLASH_WaitForLastOperation
    stm32f4xx_hal_flash.o(i.HAL_FLASH_Program) refers to stm32f4xx_hal_flash.o(i.FLASH_Program_DoubleWord) for FLASH_Program_DoubleWord
    stm32f4xx_hal_flash.o(i.HAL_FLASH_Program) refers to stm32f4xx_hal_flash.o(i.FLASH_Program_Byte) for FLASH_Program_Byte
    stm32f4xx_hal_flash.o(i.HAL_FLASH_Program) refers to stm32f4xx_hal_flash.o(i.FLASH_Program_HalfWord) for FLASH_Program_HalfWord
    stm32f4xx_hal_flash.o(i.HAL_FLASH_Program) refers to stm32f4xx_hal_flash.o(i.FLASH_Program_Word) for FLASH_Program_Word
    stm32f4xx_hal_flash.o(i.HAL_FLASH_Program) refers to stm32f4xx_hal_flash.o(.bss) for .bss
    stm32f4xx_hal_flash.o(i.HAL_FLASH_Program_IT) refers to stm32f4xx_hal_flash.o(i.FLASH_Program_DoubleWord) for FLASH_Program_DoubleWord
    stm32f4xx_hal_flash.o(i.HAL_FLASH_Program_IT) refers to stm32f4xx_hal_flash.o(i.FLASH_Program_Byte) for FLASH_Program_Byte
    stm32f4xx_hal_flash.o(i.HAL_FLASH_Program_IT) refers to stm32f4xx_hal_flash.o(i.FLASH_Program_HalfWord) for FLASH_Program_HalfWord
    stm32f4xx_hal_flash.o(i.HAL_FLASH_Program_IT) refers to stm32f4xx_hal_flash.o(i.FLASH_Program_Word) for FLASH_Program_Word
    stm32f4xx_hal_flash.o(i.HAL_FLASH_Program_IT) refers to stm32f4xx_hal_flash.o(.bss) for .bss
    stm32f4xx_hal_flash_ex.o(i.FLASH_OB_DisableWRP) refers to stm32f4xx_hal_flash.o(i.FLASH_WaitForLastOperation) for FLASH_WaitForLastOperation
    stm32f4xx_hal_flash_ex.o(i.FLASH_OB_EnableWRP) refers to stm32f4xx_hal_flash.o(i.FLASH_WaitForLastOperation) for FLASH_WaitForLastOperation
    stm32f4xx_hal_flash_ex.o(i.HAL_FLASHEx_AdvOBProgram) refers to stm32f4xx_hal_flash.o(i.FLASH_WaitForLastOperation) for FLASH_WaitForLastOperation
    stm32f4xx_hal_flash_ex.o(i.HAL_FLASHEx_Erase) refers to stm32f4xx_hal_flash.o(i.FLASH_WaitForLastOperation) for FLASH_WaitForLastOperation
[...]
    ..\Src\stm32f4xx_hal_timebase_TIM.c      0x00000000   Number         0  stm32f4xx_hal_timebase_tim.o ABSOLUTE
    ..\Src\stm32f4xx_it.c                    0x00000000   Number         0  stm32f4xx_it.o ABSOLUTE
    ..\Src\system_stm32f4xx.c                0x00000000   Number         0  system_stm32f4xx.o ABSOLUTE
    ..\Src\tim.c                             0x00000000   Number         0  tim.o ABSOLUTE
    ..\Src\usart.c                           0x00000000   Number         0  usart.o ABSOLUTE
    ..\\Drivers\\STM32F4xx_HAL_Driver\\Src\\stm32f4xx_hal_spi.c 0x00000000   Number         0  stm32f4xx_hal_spi.o ABSOLUTE
    ..\\Src\\Remote_Control.c                0x00000000   Number         0  remote_control.o ABSOLUTE
    bsp\\bsp_can.c                           0x00000000   Number         0  bsp_can.o ABSOLUTE
    bsp\\bsp_imu.c                           0x00000000   Number         0  bsp_imu.o ABSOLUTE
    bsp\\pid.c                               0x00000000   Number         0  pid.o ABSOLUTE
    bsp\bsp_can.c                            0x00000000   Number         0  bsp_can.o ABSOLUTE
    bsp\bsp_imu.c                            0x00000000   Number         0  bsp_imu.o ABSOLUTE
    bsp\pid.c                                0x00000000   Number         0  pid.o ABSOLUTE
    cdcmple.s                                0x00000000   Number         0  cdcmple.o ABSOLUTE
    cdrcmple.s                               0x00000000   Number         0  cdrcmple.o ABSOLUTE
    dc.s                                     0x00000000   Number         0  dc.o ABSOLUTE
    handlers.s                               0x00000000   Number         0  handlers.o ABSOLUTE
    init.s                                   0x00000000   Number         0  init.o ABSOLUTE
    kalman_filter.c                          0x00000000   Number         0  kalman_filter.o ABSOLUTE
    spi.c                                    0x00000000   Number         0  spi.o ABSOLUTE
    spi.c                                    0x00000000   Number         0  spi.o ABSOLUTE
    startup_stm32f427xx.s                    0x00000000   Number         0  startup_stm32f427xx.o ABSOLUTE
    RESET                                    0x08000000   Section      428  startup_stm32f427xx.o(RESET)
    .ARM.Collect$$$$00000000                 0x080001ac   Section        0  entry.o(.ARM.Collect$$$$00000000)
    .ARM.Collect$$$$00000001                 0x080001ac   Section        4  entry2.o(.ARM.Collect$$$$00000001)
    .ARM.Collect$$$$00000004                 0x080001b0   Section        4  entry5.o(.ARM.Collect$$$$00000004)
    .ARM.Collect$$$$00000008                 0x080001b4   Section        0  entry7b.o(.ARM.Collect$$$$00000008)
    .ARM.Collect$$$$0000000A                 0x080001b4   Section        0  entry8b.o(.ARM.Collect$$$$0000000A)
    .ARM.Collect$$$$0000000B                 0x080001b4   Section        8  entry9a.o(.ARM.Collect$$$$0000000B)
    .ARM.Collect$$$$0000000D                 0x080001bc   Section        0  entry10a.o(.ARM.Collect$$$$0000000D)
    .ARM.Collect$$$$0000000F                 0x080001bc   Section        0  entry11a.o(.ARM.Collect$$$$0000000F)
    .ARM.Collect$$$$00002712                 0x080001bc   Section        4  entry2.o(.ARM.Collect$$$$00002712)
    __lit__00000000                          0x080001bc   Data           4  entry2.o(.ARM.Collect$$$$00002712)
    .text                                    0x080001c0   Section       36  startup_stm32f427xx.o(.text)
    $v0                                      0x080001c0   Number         0  startup_stm32f427xx.o(.text)
    .text                                    0x080001e4   Section        0  uldiv.o(.text)
    .text                                    0x08000246   Section        0  memcpya.o(.text)
    .text                                    0x0800026a   Section        0  memseta.o(.text)
    .text                                    0x0800028e   Section        0  dadd.o(.text)
    .text                                    0x080003dc   Section        0  dmul.o(.text)
    .text                                    0x080004c0   Section        0  ddiv.o(.text)
    .text                                    0x0800059e   Section        0  dflti.o(.text)
    .text                                    0x080005c0   Section       48  cdrcmple.o(.text)
    .text                                    0x080005f0   Section        0  d2f.o(.text)
    .text                                    0x08000628   Section        0  llshl.o(.text)
    .text                                    0x08000646   Section        0  llushr.o(.text)
    .text                                    0x08000666   Section        0  llsshr.o(.text)
    .text                                    0x0800068c   Section        0  strtod.o(.text)
    _local_sscanf                            0x0800068d   Thumb Code    54  strtod.o(.text)
    .text                                    0x08000728   Section        0  iusefp.o(.text)
    .text                                    0x08000728   Section        0  fepilogue.o(.text)
    .text                                    0x08000796   Section        0  depilogue.o(.text)
    .text                                    0x08000850   Section       36  init.o(.text)
    .text                                    0x08000874   Section        0  isspace_c.o(.text)
    .text                                    0x08000880   Section        0  scanf_fp.o(.text)
    _fp_value                                0x08000881   Thumb Code   296  scanf_fp.o(.text)
    .text                                    0x08000be0   Section        0  _sgetc.o(.text)
    .text                                    0x08000c20   Section        0  ctype_c.o(.text)
    .text                                    0x08000c48   Section        0  dfltul.o(.text)
    i.BusFault_Handler                       0x08000c60   Section        0  stm32f4xx_it.o(i.BusFault_Handler)
    i.CAN1_RX0_IRQHandler                    0x08000c64   Section        0  stm32f4xx_it.o(i.CAN1_RX0_IRQHandler)
    i.CAN1_TX_IRQHandler                     0x08000c70   Section        0  stm32f4xx_it.o(i.CAN1_TX_IRQHandler)
    i.CAN_Receive_IT                         0x08000c7c   Section        0  stm32f4xx_hal_can.o(i.CAN_Receive_IT)
    CAN_Receive_IT                           0x08000c7d   Thumb Code   294  stm32f4xx_hal_can.o(i.CAN_Receive_IT)
    i.Callback_RC_Handle                     0x08000da4   Section        0  remote_control.o(i.Callback_RC_Handle)
    i.DMA2_Stream2_IRQHandler                0x08000e4c   Section        0  stm32f4xx_it.o(i.DMA2_Stream2_IRQHandler)
    i.DMA2_Stream6_IRQHandler                0x08000e58   Section        0  stm32f4xx_it.o(i.DMA2_Stream6_IRQHandler)
    i.DMA_CalcBaseAndBitshift                0x08000e64   Section        0  stm32f4xx_hal_dma.o(i.DMA_CalcBaseAndBitshift)
    DMA_CalcBaseAndBitshift                  0x08000e65   Thumb Code    34  stm32f4xx_hal_dma.o(i.DMA_CalcBaseAndBitshift)
    i.DMA_CheckFifoParam                     0x08000e8c   Section        0  stm32f4xx_hal_dma.o(i.DMA_CheckFifoParam)
    DMA_CheckFifoParam                       0x08000e8d   Thumb Code    84  stm32f4xx_hal_dma.o(i.DMA_CheckFifoParam)
    i.DMA_SetConfig                          0x08000ee0   Section        0  stm32f4xx_hal_dma.o(i.DMA_SetConfig)
    DMA_SetConfig                            0x08000ee1   Thumb Code    40  stm32f4xx_hal_dma.o(i.DMA_SetConfig)
    i.DebugMon_Handler                       0x08000f08   Section        0  stm32f4xx_it.o(i.DebugMon_Handler)
    i.HAL_CAN_ConfigFilter                   0x08000f0c   Section        0  stm32f4xx_hal_can.o(i.HAL_CAN_ConfigFilter)
    i.HAL_CAN_ErrorCallback                  0x08001004   Section        0  can.o(i.HAL_CAN_ErrorCallback)
    i.HAL_CAN_IRQHandler                     0x08001018   Section        0  stm32f4xx_hal_can.o(i.HAL_CAN_IRQHandler)
    i.HAL_CAN_Init                           0x0800124c   Section        0  stm32f4xx_hal_can.o(i.HAL_CAN_Init)
    i.HAL_CAN_MspInit                        0x08001394   Section        0  can.o(i.HAL_CAN_MspInit)
    i.HAL_CAN_Receive_IT                     0x0800141c   Section        0  stm32f4xx_hal_can.o(i.HAL_CAN_Receive_IT)
    i.HAL_CAN_RxCpltCallback                 0x080014d0   Section        0  bsp_can.o(i.HAL_CAN_RxCpltCallback)
    i.HAL_CAN_Transmit                       0x08001558   Section        0  stm32f4xx_hal_can.o(i.HAL_CAN_Transmit)
    i.HAL_CAN_TxCpltCallback                 0x08001724   Section        0  stm32f4xx_hal_can.o(i.HAL_CAN_TxCpltCallback)
    i.HAL_DMA_Abort_IT                       0x08001726   Section        0  stm32f4xx_hal_dma.o(i.HAL_DMA_Abort_IT)
    i.HAL_DMA_IRQHandler                     0x0800174c   Section        0  stm32f4xx_hal_dma.o(i.HAL_DMA_IRQHandler)
    i.HAL_DMA_Init                           0x080018ec   Section        0  stm32f4xx_hal_dma.o(i.HAL_DMA_Init)
    i.HAL_DMA_Start                          0x080019c0   Section        0  stm32f4xx_hal_dma.o(i.HAL_DMA_Start)
    i.HAL_DMA_Start_IT                       0x08001a06   Section        0  stm32f4xx_hal_dma.o(i.HAL_DMA_Start_IT)
    i.HAL_Delay                              0x08001a7e   Section        0  stm32f4xx_hal.o(i.HAL_Delay)
    i.HAL_GPIO_Init                          0x08001a9c   Section        0  stm32f4xx_hal_gpio.o(i.HAL_GPIO_Init)
    i.HAL_GPIO_TogglePin                     0x08001c68   Section        0  stm32f4xx_hal_gpio.o(i.HAL_GPIO_TogglePin)
    i.HAL_GPIO_WritePin                      0x08001c70   Section        0  stm32f4xx_hal_gpio.o(i.HAL_GPIO_WritePin)
    i.HAL_GetTick                            0x08001c7c   Section        0  stm32f4xx_hal.o(i.HAL_GetTick)
    i.HAL_IncTick                            0x08001c88   Section        0  stm32f4xx_hal.o(i.HAL_IncTick)
    i.HAL_Init                               0x08001c98   Section        0  stm32f4xx_hal.o(i.HAL_Init)
    i.HAL_InitTick                           0x08001ccc   Section        0  stm32f4xx_hal_timebase_tim.o(i.HAL_InitTick)
    i.HAL_MspInit                            0x08001d40   Section        0  stm32f4xx_hal_msp.o(i.HAL_MspInit)
    i.HAL_NVIC_EnableIRQ                     0x08001d70   Section        0  stm32f4xx_hal_cortex.o(i.HAL_NVIC_EnableIRQ)
    i.HAL_NVIC_SetPriority                   0x08001d8c   Section        0  stm32f4xx_hal_cortex.o(i.HAL_NVIC_SetPriority)
    i.HAL_NVIC_SetPriorityGrouping           0x08001dcc   Section        0  stm32f4xx_hal_cortex.o(i.HAL_NVIC_SetPriorityGrouping)
    i.HAL_RCC_ClockConfig                    0x08001df0   Section        0  stm32f4xx_hal_rcc.o(i.HAL_RCC_ClockConfig)
    i.HAL_RCC_GetClockConfig                 0x08001f20   Section        0  stm32f4xx_hal_rcc.o(i.HAL_RCC_GetClockConfig)
    i.HAL_RCC_GetPCLK1Freq                   0x08001f60   Section        0  stm32f4xx_hal_rcc.o(i.HAL_RCC_GetPCLK1Freq)
    i.HAL_RCC_GetPCLK2Freq                   0x08001f80   Section        0  stm32f4xx_hal_rcc.o(i.HAL_RCC_GetPCLK2Freq)
    i.HAL_RCC_GetSysClockFreq                0x08001fa0   Section        0  stm32f4xx_hal_rcc.o(i.HAL_RCC_GetSysClockFreq)
    i.HAL_RCC_OscConfig                      0x08002004   Section        0  stm32f4xx_hal_rcc.o(i.HAL_RCC_OscConfig)
    i.HAL_SPI_TransmitReceive                0x080022f4   Section        0  stm32f4xx_hal_spi.o(i.HAL_SPI_TransmitReceive)
    i.HAL_TIMEx_BreakCallback                0x080024cc   Section        0  stm32f4xx_hal_tim_ex.o(i.HAL_TIMEx_BreakCallback)
    i.HAL_TIMEx_CommutationCallback          0x080024ce   Section        0  stm32f4xx_hal_tim_ex.o(i.HAL_TIMEx_CommutationCallback)
    i.HAL_TIMEx_MasterConfigSynchronization  0x080024d0   Section        0  stm32f4xx_hal_tim_ex.o(i.HAL_TIMEx_MasterConfigSynchronization)
    i.HAL_TIM_Base_Init                      0x08002520   Section        0  stm32f4xx_hal_tim.o(i.HAL_TIM_Base_Init)
    i.HAL_TIM_Base_MspInit                   0x08002558   Section        0  tim.o(i.HAL_TIM_Base_MspInit)
    i.HAL_TIM_Base_Start_IT                  0x08002594   Section        0  stm32f4xx_hal_tim.o(i.HAL_TIM_Base_Start_IT)
    i.HAL_TIM_ErrorCallback                  0x080025ac   Section        0  stm32f4xx_hal_tim.o(i.HAL_TIM_ErrorCallback)
    i.HAL_TIM_IC_CaptureCallback             0x080025b0   Section        0  remote_control.o(i.HAL_TIM_IC_CaptureCallback)
    i.HAL_TIM_IC_ConfigChannel               0x08002610   Section        0  stm32f4xx_hal_tim.o(i.HAL_TIM_IC_ConfigChannel)
    i.HAL_TIM_IC_Init                        0x0800272e   Section        0  stm32f4xx_hal_tim.o(i.HAL_TIM_IC_Init)
    i.HAL_TIM_IC_MspInit                     0x08002764   Section        0  tim.o(i.HAL_TIM_IC_MspInit)
    i.HAL_TIM_IC_Start_DMA                   0x08002820   Section        0  stm32f4xx_hal_tim.o(i.HAL_TIM_IC_Start_DMA)
    i.HAL_TIM_IRQHandler                     0x080028e8   Section        0  stm32f4xx_hal_tim.o(i.HAL_TIM_IRQHandler)
    i.HAL_TIM_OC_DelayElapsedCallback        0x08002a4e   Section        0  stm32f4xx_hal_tim.o(i.HAL_TIM_OC_DelayElapsedCallback)
    i.HAL_TIM_PWM_PulseFinishedCallback      0x08002a50   Section        0  stm32f4xx_hal_tim.o(i.HAL_TIM_PWM_PulseFinishedCallback)
    i.HAL_TIM_PWM_Start                      0x08002a54   Section        0  stm32f4xx_hal_tim.o(i.HAL_TIM_PWM_Start)
    i.HAL_TIM_PeriodElapsedCallback          0x08002a8c   Section        0  main.o(i.HAL_TIM_PeriodElapsedCallback)
    i.HAL_TIM_TriggerCallback                0x08002aa0   Section        0  stm32f4xx_hal_tim.o(i.HAL_TIM_TriggerCallback)
    i.HAL_UART_ErrorCallback                 0x08002aa2   Section        0  stm32f4xx_hal_uart.o(i.HAL_UART_ErrorCallback)
    i.HAL_UART_IDLE_IRQHandler               0x08002aa4   Section        0  usart.o(i.HAL_UART_IDLE_IRQHandler)
    i.HAL_UART_IRQHandler                    0x08002b84   Section        0  stm32f4xx_hal_uart.o(i.HAL_UART_IRQHandler)
    i.HAL_UART_Init                          0x08002c94   Section        0  stm32f4xx_hal_uart.o(i.HAL_UART_Init)
    i.HAL_UART_MspInit                       0x08002cf8   Section        0  usart.o(i.HAL_UART_MspInit)
    i.HAL_UART_Receive_IT                    0x08002de4   Section        0  stm32f4xx_hal_uart.o(i.HAL_UART_Receive_IT)
    i.HAL_UART_Receive_IT_IDLE               0x08002e2c   Section        0  usart.o(i.HAL_UART_Receive_IT_IDLE)
    i.HAL_UART_RxCpltCallback                0x08002e40   Section        0  main.o(i.HAL_UART_RxCpltCallback)
    i.HAL_UART_Transmit                      0x08002f08   Section        0  stm32f4xx_hal_uart.o(i.HAL_UART_Transmit)
    i.HAL_UART_TxCpltCallback                0x08002fc2   Section        0  stm32f4xx_hal_uart.o(i.HAL_UART_TxCpltCallback)
    i.HardFault_Handler                      0x08002fc4   Section        0  stm32f4xx_it.o(i.HardFault_Handler)
    i.MX_CAN1_Init                           0x08002fc8   Section        0  can.o(i.MX_CAN1_Init)
    i.MX_DMA_Init                            0x08003024   Section        0  dma.o(i.MX_DMA_Init)
    i.MX_GPIO_Init                           0x08003060   Section        0  gpio.o(i.MX_GPIO_Init)
    i.MX_TIM1_Init                           0x08003134   Section        0  tim.o(i.MX_TIM1_Init)
    i.MX_USART1_UART_Init                    0x080031f8   Section        0  usart.o(i.MX_USART1_UART_Init)
    i.MemManage_Handler                      0x0800324c   Section        0  stm32f4xx_it.o(i.MemManage_Handler)
    i.NMI_Handler                            0x0800324e   Section        0  stm32f4xx_it.o(i.NMI_Handler)
    i.PendSV_Handler                         0x08003250   Section        0  stm32f4xx_it.o(i.PendSV_Handler)
    i.SPI_CheckFlag_BSY                      0x08003252   Section        0  stm32f4xx_hal_spi.o(i.SPI_CheckFlag_BSY)
    SPI_CheckFlag_BSY                        0x08003253   Thumb Code    32  stm32f4xx_hal_spi.o(i.SPI_CheckFlag_BSY)
    i.SPI_WaitFlagStateUntilTimeout          0x08003272   Section        0  stm32f4xx_hal_spi.o(i.SPI_WaitFlagStateUntilTimeout)
    SPI_WaitFlagStateUntilTimeout            0x08003273   Thumb Code   150  stm32f4xx_hal_spi.o(i.SPI_WaitFlagStateUntilTimeout)
    i.SVC_Handler                            0x08003308   Section        0  stm32f4xx_it.o(i.SVC_Handler)
    i.SysTick_Handler                        0x0800330a   Section        0  stm32f4xx_it.o(i.SysTick_Handler)
    i.SystemClock_Config                     0x0800330c   Section        0  main.o(i.SystemClock_Config)
    i.SystemInit                             0x0800339c   Section        0  system_stm32f4xx.o(i.SystemInit)
    i.TIM6_DAC_IRQHandler                    0x080033f0   Section        0  stm32f4xx_it.o(i.TIM6_DAC_IRQHandler)
    i.TIM_Base_SetConfig                     0x080033fc   Section        0  stm32f4xx_hal_tim.o(i.TIM_Base_SetConfig)
    i.TIM_CCxChannelCmd                      0x080034bc   Section        0  stm32f4xx_hal_tim.o(i.TIM_CCxChannelCmd)
    i.TIM_DMACaptureCplt                     0x080034d2   Section        0  stm32f4xx_hal_tim.o(i.TIM_DMACaptureCplt)
    i.TIM_DMAError                           0x08003510   Section        0  stm32f4xx_hal_tim.o(i.TIM_DMAError)
    i.TIM_TI1_SetConfig                      0x08003520   Section        0  stm32f4xx_hal_tim.o(i.TIM_TI1_SetConfig)
    i.TIM_TI2_SetConfig                      0x080035a4   Section        0  stm32f4xx_hal_tim.o(i.TIM_TI2_SetConfig)
    TIM_TI2_SetConfig                        0x080035a5   Thumb Code    54  stm32f4xx_hal_tim.o(i.TIM_TI2_SetConfig)
    i.UART_DMAAbortOnError                   0x080035da   Section        0  stm32f4xx_hal_uart.o(i.UART_DMAAbortOnError)
    UART_DMAAbortOnError                     0x080035db   Thumb Code    16  stm32f4xx_hal_uart.o(i.UART_DMAAbortOnError)
    i.UART_EndRxTransfer                     0x080035ea   Section        0  stm32f4xx_hal_uart.o(i.UART_EndRxTransfer)
    UART_EndRxTransfer                       0x080035eb   Thumb Code    28  stm32f4xx_hal_uart.o(i.UART_EndRxTransfer)
    i.UART_Receive_DMA_NoIT                  0x08003606   Section        0  usart.o(i.UART_Receive_DMA_NoIT)
    i.UART_Receive_IT                        0x0800367e   Section        0  stm32f4xx_hal_uart.o(i.UART_Receive_IT)
    UART_Receive_IT                          0x0800367f   Thumb Code   140  stm32f4xx_hal_uart.o(i.UART_Receive_IT)
    i.UART_SetConfig                         0x0800370c   Section        0  stm32f4xx_hal_uart.o(i.UART_SetConfig)
    UART_SetConfig                           0x0800370d   Thumb Code   676  stm32f4xx_hal_uart.o(i.UART_SetConfig)
    i.UART_Transmit_IT                       0x080039b8   Section        0  stm32f4xx_hal_uart.o(i.UART_Transmit_IT)
    UART_Transmit_IT                         0x080039b9   Thumb Code    98  stm32f4xx_hal_uart.o(i.UART_Transmit_IT)
    i.UART_WaitOnFlagUntilTimeout            0x08003a1a   Section        0  stm32f4xx_hal_uart.o(i.UART_WaitOnFlagUntilTimeout)
    UART_WaitOnFlagUntilTimeout              0x08003a1b   Thumb Code   100  stm32f4xx_hal_uart.o(i.UART_WaitOnFlagUntilTimeout)
    i.USART1_IRQHandler                      0x08003a80   Section        0  stm32f4xx_it.o(i.USART1_IRQHandler)
    i.USART6_IRQHandler                      0x08003a98   Section        0  usart.o(i.USART6_IRQHandler)
    i.UsageFault_Handler                     0x08003aa4   Section        0  stm32f4xx_it.o(i.UsageFault_Handler)
    i._Error_Handler                         0x08003aa6   Section        0  main.o(i._Error_Handler)
    i.__NVIC_SetPriority                     0x08003aa8   Section        0  stm32f4xx_hal_cortex.o(i.__NVIC_SetPriority)
    __NVIC_SetPriority                       0x08003aa9   Thumb Code    32  stm32f4xx_hal_cortex.o(i.__NVIC_SetPriority)
    i.__hardfp_atof                          0x08003ac8   Section        0  atof.o(i.__hardfp_atof)
    i.__hardfp_fabs                          0x08003b00   Section        0  fabs.o(i.__hardfp_fabs)
    i.__read_errno                           0x08003b14   Section        0  errno.o(i.__read_errno)
    i.__scatterload_copy                     0x08003b20   Section       14  handlers.o(i.__scatterload_copy)
    i.__scatterload_null                     0x08003b2e   Section        2  handlers.o(i.__scatterload_null)
    i.__scatterload_zeroinit                 0x08003b30   Section       14  handlers.o(i.__scatterload_zeroinit)
    i.__set_errno                            0x08003b40   Section        0  errno.o(i.__set_errno)
    i._is_digit                              0x08003b4c   Section        0  scanf_fp.o(i._is_digit)
    i.calculate_mouse_x_speed                0x08003b5c   Section        0  remote_control.o(i.calculate_mouse_x_speed)
    i.get_moto_measure                       0x08003b90   Section        0  bsp_can.o(i.get_moto_measure)
    i.init_quaternion                        0x08003c2c   Section        0  bsp_imu.o(i.init_quaternion)
    i.is_a_pressed                           0x08003df8   Section        0  remote_control.o(i.is_a_pressed)
    i.is_d_pressed                           0x08003e0c   Section        0  remote_control.o(i.is_d_pressed)
    i.is_e_pressed                           0x08003e20   Section        0  remote_control.o(i.is_e_pressed)
    i.is_mouse_moved                         0x08003e34   Section        0  remote_control.o(i.is_mouse_moved)
    i.is_q_pressed                           0x08003e48   Section        0  remote_control.o(i.is_q_pressed)
    i.is_s_pressed                           0x08003e68   Section        0  remote_control.o(i.is_s_pressed)
    i.is_w_pressed                           0x08003e7c   Section        0  remote_control.o(i.is_w_pressed)
    i.ist8310_init                           0x08003e8c   Section        0  bsp_imu.o(i.ist8310_init)
    i.ist_reg_read_by_mpu                    0x08003f8c   Section        0  bsp_imu.o(i.ist_reg_read_by_mpu)
    ist_reg_read_by_mpu                      0x08003f8d   Thumb Code    56  bsp_imu.o(i.ist_reg_read_by_mpu)
    i.ist_reg_write_by_mpu                   0x08003fc4   Section        0  bsp_imu.o(i.ist_reg_write_by_mpu)
    ist_reg_write_by_mpu                     0x08003fc5   Thumb Code    66  bsp_imu.o(i.ist_reg_write_by_mpu)
    i.kalman1_init                           0x08004008   Section        0  kalman_filter.o(i.kalman1_init)
    i.main                                   0x08004038   Section        0  main.o(i.main)
    i.mpu_device_init                        0x080049e8   Section        0  bsp_imu.o(i.mpu_device_init)
    i.mpu_master_i2c_auto_read_config        0x08004a4c   Section        0  bsp_imu.o(i.mpu_master_i2c_auto_read_config)
    mpu_master_i2c_auto_read_config          0x08004a4d   Thumb Code   142  bsp_imu.o(i.mpu_master_i2c_auto_read_config)
    i.mpu_offset_call                        0x08004adc   Section        0  bsp_imu.o(i.mpu_offset_call)
    i.mpu_read_byte                          0x08004b80   Section        0  bsp_imu.o(i.mpu_read_byte)
    i.mpu_read_bytes                         0x08004bd0   Section        0  bsp_imu.o(i.mpu_read_bytes)
    i.mpu_set_accel_fsr                      0x08004c2c   Section        0  bsp_imu.o(i.mpu_set_accel_fsr)
    i.mpu_set_gyro_fsr                       0x08004c36   Section        0  bsp_imu.o(i.mpu_set_gyro_fsr)
    i.mpu_write_byte                         0x08004c40   Section        0  bsp_imu.o(i.mpu_write_byte)
    i.my_can_filter_init_recv_all            0x08004c94   Section        0  bsp_can.o(i.my_can_filter_init_recv_all)
    i.pid_calculate                          0x08004cd8   Section        0  pid.o(i.pid_calculate)
    pid_calculate                            0x08004cd9   Thumb Code   250  pid.o(i.pid_calculate)
    i.pid_init                               0x08004dd4   Section        0  pid.o(i.pid_init)
    i.pid_param_init                         0x08004df0   Section        0  pid.o(i.pid_param_init)
    pid_param_init                           0x08004df1   Thumb Code    74  pid.o(i.pid_param_init)
    i.pid_reset                              0x08004e40   Section        0  pid.o(i.pid_reset)
    i.send_gimbal_cur                        0x08004e48   Section        0  bsp_can.o(i.send_gimbal_cur)
    i.set_moto_current                       0x08004e90   Section        0  bsp_can.o(i.set_moto_current)
    .constdata                               0x08004edc   Section        8  stm32f4xx_hal_dma.o(.constdata)
    flagBitshiftOffset                       0x08004edc   Data           8  stm32f4xx_hal_dma.o(.constdata)
    .constdata                               0x08004ee4   Section       16  system_stm32f4xx.o(.constdata)
    .constdata                               0x08004ef4   Section        8  system_stm32f4xx.o(.constdata)
    .constdata                               0x08004efc   Section       20  bsp_imu.o(.constdata)
    .constdata                               0x08004f10   Section       64  ctype_c.o(.constdata)
    .data                                    0x20000000   Section        4  stm32f4xx_hal.o(.data)
    .data                                    0x20000004   Section        4  system_stm32f4xx.o(.data)
    .data                                    0x20000008   Section       12  bsp_can.o(.data)
    i                                        0x20000008   Data           1  bsp_can.o(.data)
    .data                                    0x20000014   Section       96  bsp_imu.o(.data)
    tx                                       0x20000014   Data           1  bsp_imu.o(.data)
    rx                                       0x20000015   Data           1  bsp_imu.o(.data)
    gx                                       0x20000034   Data           4  bsp_imu.o(.data)
    gy                                       0x20000038   Data           4  bsp_imu.o(.data)
    gz                                       0x2000003c   Data           4  bsp_imu.o(.data)
    ax                                       0x20000040   Data           4  bsp_imu.o(.data)
    ay                                       0x20000044   Data           4  bsp_imu.o(.data)
    az                                       0x20000048   Data           4  bsp_imu.o(.data)
    mx                                       0x2000004c   Data           4  bsp_imu.o(.data)
    my                                       0x20000050   Data           4  bsp_imu.o(.data)
    mz                                       0x20000054   Data           4  bsp_imu.o(.data)
    tx_buff                                  0x20000066   Data          14  bsp_imu.o(.data)
    .data                                    0x20000074   Section      106  main.o(.data)
    key_sta                                  0x200000b8   Data           4  main.o(.data)
    .data                                    0x200000e0   Section       12  remote_control.o(.data)
    .data                                    0x200000ec   Section        4  errno.o(.data)
    _errno                                   0x200000ec   Data           4  errno.o(.data)
    .bss                                     0x200000f0   Section       88  spi.o(.bss)
    .bss                                     0x20000148   Section      568  bsp_can.o(.bss)
    Tx1Message                               0x20000268   Data          28  bsp_can.o(.bss)
    Rx1Message                               0x20000284   Data          36  bsp_can.o(.bss)
    .bss                                     0x20000380   Section      100  usart.o(.bss)
    .bss                                     0x200003e4   Section      224  usart.o(.bss)
    .bss                                     0x200004c4   Section       98  bsp_imu.o(.bss)
    .bss                                     0x20000528   Section     1628  main.o(.bss)
    .bss                                     0x20000b84   Section       60  stm32f4xx_hal_timebase_tim.o(.bss)
    .bss                                     0x20000bc0   Section       68  can.o(.bss)
    .bss                                     0x20000c04   Section       22  remote_control.o(.bss)
    .bss                                     0x20000c1c   Section      336  tim.o(.bss)
    STACK                                    0x20000d70   Section     1024  startup_stm32f427xx.o(STACK)

    Global Symbols

    Symbol Name                              Value     Ov Type        Size  Object(Section)

    BuildAttributes$$THM_ISAv4$E$P$D$K$B$S$7EM$VFPi3$EXTD16$VFPS$VFMA$PE$A:L22UL41UL21$X:L11$S22US41US21$IEEE1$IW$USESV6$~STKCKD$USESV7$~SHL$OTIME$ROPI$IEEEX$EBA8$MICROLIB$REQ8$PRES8$EABIv2 0x00000000   Number         0  anon$$obj.o ABSOLUTE
    __ARM_use_no_argv                        0x00000000   Number         0  main.o ABSOLUTE
    __cpp_initialize__aeabi_                  - Undefined Weak Reference
    __cxa_finalize                            - Undefined Weak Reference
    __decompress                              - Undefined Weak Reference
    _clock_init                               - Undefined Weak Reference
    _microlib_exit                            - Undefined Weak Reference
    __Vectors_Size                           0x000001ac   Number         0  startup_stm32f427xx.o ABSOLUTE
    __Vectors                                0x08000000   Data           4  startup_stm32f427xx.o(RESET)
    __Vectors_End                            0x080001ac   Data           0  startup_stm32f427xx.o(RESET)
    __main                                   0x080001ad   Thumb Code     0  entry.o(.ARM.Collect$$$$00000000)
    _main_stk                                0x080001ad   Thumb Code     0  entry2.o(.ARM.Collect$$$$00000001)
    _main_scatterload                        0x080001b1   Thumb Code     0  entry5.o(.ARM.Collect$$$$00000004)
    __main_after_scatterload                 0x080001b5   Thumb Code     0  entry5.o(.ARM.Collect$$$$00000004)
    _main_clock                              0x080001b5   Thumb Code     0  entry7b.o(.ARM.Collect$$$$00000008)
    _main_cpp_init                           0x080001b5   Thumb Code     0  entry8b.o(.ARM.Collect$$$$0000000A)
    _main_init                               0x080001b5   Thumb Code     0  entry9a.o(.ARM.Collect$$$$0000000B)
    __rt_final_cpp                           0x080001bd   Thumb Code     0  entry10a.o(.ARM.Collect$$$$0000000D)
    __rt_final_exit                          0x080001bd   Thumb Code     0  entry11a.o(.ARM.Collect$$$$0000000F)
    Reset_Handler                            0x080001c1   Thumb Code     8  startup_stm32f427xx.o(.text)
    ADC_IRQHandler                           0x080001db   Thumb Code     0  startup_stm32f427xx.o(.text)
    CAN1_RX1_IRQHandler                      0x080001db   Thumb Code     0  startup_stm32f427xx.o(.text)
    CAN1_SCE_IRQHandler                      0x080001db   Thumb Code     0  startup_stm32f427xx.o(.text)
    CAN2_RX0_IRQHandler                      0x080001db   Thumb Code     0  startup_stm32f427xx.o(.text)
    CAN2_RX1_IRQHandler                      0x080001db   Thumb Code     0  startup_stm32f427xx.o(.text)
    CAN2_SCE_IRQHandler                      0x080001db   Thumb Code     0  startup_stm32f427xx.o(.text)
    CAN2_TX_IRQHandler                       0x080001db   Thumb Code     0  startup_stm32f427xx.o(.text)
    DCMI_IRQHandler                          0x080001db   Thumb Code     0  startup_stm32f427xx.o(.text)
    DMA1_Stream0_IRQHandler                  0x080001db   Thumb Code     0  startup_stm32f427xx.o(.text)
    DMA1_Stream1_IRQHandler                  0x080001db   Thumb Code     0  startup_stm32f427xx.o(.text)
    DMA1_Stream2_IRQHandler                  0x080001db   Thumb Code     0  startup_stm32f427xx.o(.text)
    DMA1_Stream3_IRQHandler                  0x080001db   Thumb Code     0  startup_stm32f427xx.o(.text)
    DMA1_Stream4_IRQHandler                  0x080001db   Thumb Code     0  startup_stm32f427xx.o(.text)
    DMA1_Stream5_IRQHandler                  0x080001db   Thumb Code     0  startup_stm32f427xx.o(.text)
    DMA1_Stream6_IRQHandler                  0x080001db   Thumb Code     0  startup_stm32f427xx.o(.text)
    DMA1_Stream7_IRQHandler                  0x080001db   Thumb Code     0  startup_stm32f427xx.o(.text)
    DMA2D_IRQHandler                         0x080001db   Thumb Code     0  startup_stm32f427xx.o(.text)
    DMA2_Stream0_IRQHandler                  0x080001db   Thumb Code     0  startup_stm32f427xx.o(.text)
    DMA2_Stream1_IRQHandler                  0x080001db   Thumb Code     0  startup_stm32f427xx.o(.text)
    DMA2_Stream3_IRQHandler                  0x080001db   Thumb Code     0  startup_stm32f427xx.o(.text)
    DMA2_Stream4_IRQHandler                  0x080001db   Thumb Code     0  startup_stm32f427xx.o(.text)
    DMA2_Stream5_IRQHandler                  0x080001db   Thumb Code     0  startup_stm32f427xx.o(.text)
    DMA2_Stream7_IRQHandler                  0x080001db   Thumb Code     0  startup_stm32f427xx.o(.text)
    ETH_IRQHandler                           0x080001db   Thumb Code     0  startup_stm32f427xx.o(.text)
    ETH_WKUP_IRQHandler                      0x080001db   Thumb Code     0  startup_stm32f427xx.o(.text)
    EXTI0_IRQHandler                         0x080001db   Thumb Code     0  startup_stm32f427xx.o(.text)
    EXTI15_10_IRQHandler                     0x080001db   Thumb Code     0  startup_stm32f427xx.o(.text)
    EXTI1_IRQHandler                         0x080001db   Thumb Code     0  startup_stm32f427xx.o(.text)
    EXTI2_IRQHandler                         0x080001db   Thumb Code     0  startup_stm32f427xx.o(.text)
    EXTI3_IRQHandler                         0x080001db   Thumb Code     0  startup_stm32f427xx.o(.text)
    EXTI4_IRQHandler                         0x080001db   Thumb Code     0  startup_stm32f427xx.o(.text)
    EXTI9_5_IRQHandler                       0x080001db   Thumb Code     0  startup_stm32f427xx.o(.text)
    FLASH_IRQHandler                         0x080001db   Thumb Code     0  startup_stm32f427xx.o(.text)
    FMC_IRQHandler                           0x080001db   Thumb Code     0  startup_stm32f427xx.o(.text)
    FPU_IRQHandler                           0x080001db   Thumb Code     0  startup_stm32f427xx.o(.text)
    HASH_RNG_IRQHandler                      0x080001db   Thumb Code     0  startup_stm32f427xx.o(.text)
    I2C1_ER_IRQHandler                       0x080001db   Thumb Code     0  startup_stm32f427xx.o(.text)
    I2C1_EV_IRQHandler                       0x080001db   Thumb Code     0  startup_stm32f427xx.o(.text)
    I2C2_ER_IRQHandler                       0x080001db   Thumb Code     0  startup_stm32f427xx.o(.text)
    I2C2_EV_IRQHandler                       0x080001db   Thumb Code     0  startup_stm32f427xx.o(.text)
    I2C3_ER_IRQHandler                       0x080001db   Thumb Code     0  startup_stm32f427xx.o(.text)
    I2C3_EV_IRQHandler                       0x080001db   Thumb Code     0  startup_stm32f427xx.o(.text)
    OTG_FS_IRQHandler                        0x080001db   Thumb Code     0  startup_stm32f427xx.o(.text)
    OTG_FS_WKUP_IRQHandler                   0x080001db   Thumb Code     0  startup_stm32f427xx.o(.text)
    OTG_HS_EP1_IN_IRQHandler                 0x080001db   Thumb Code     0  startup_stm32f427xx.o(.text)
    OTG_HS_EP1_OUT_IRQHandler                0x080001db   Thumb Code     0  startup_stm32f427xx.o(.text)
    OTG_HS_IRQHandler                        0x080001db   Thumb Code     0  startup_stm32f427xx.o(.text)
    OTG_HS_WKUP_IRQHandler                   0x080001db   Thumb Code     0  startup_stm32f427xx.o(.text)
    PVD_IRQHandler                           0x080001db   Thumb Code     0  startup_stm32f427xx.o(.text)
    RCC_IRQHandler                           0x080001db   Thumb Code     0  startup_stm32f427xx.o(.text)
    RTC_Alarm_IRQHandler                     0x080001db   Thumb Code     0  startup_stm32f427xx.o(.text)
    RTC_WKUP_IRQHandler                      0x080001db   Thumb Code     0  startup_stm32f427xx.o(.text)
    SAI1_IRQHandler                          0x080001db   Thumb Code     0  startup_stm32f427xx.o(.text)
    SDIO_IRQHandler                          0x080001db   Thumb Code     0  startup_stm32f427xx.o(.text)
    SPI1_IRQHandler                          0x080001db   Thumb Code     0  startup_stm32f427xx.o(.text)
    SPI2_IRQHandler                          0x080001db   Thumb Code     0  startup_stm32f427xx.o(.text)
    SPI3_IRQHandler                          0x080001db   Thumb Code     0  startup_stm32f427xx.o(.text)
    SPI4_IRQHandler                          0x080001db   Thumb Code     0  startup_stm32f427xx.o(.text)
    SPI5_IRQHandler                          0x080001db   Thumb Code     0  startup_stm32f427xx.o(.text)
    SPI6_IRQHandler                          0x080001db   Thumb Code     0  startup_stm32f427xx.o(.text)
    TAMP_STAMP_IRQHandler                    0x080001db   Thumb Code     0  startup_stm32f427xx.o(.text)
    TIM1_BRK_TIM9_IRQHandler                 0x080001db   Thumb Code     0  startup_stm32f427xx.o(.text)
    TIM1_CC_IRQHandler                       0x080001db   Thumb Code     0  startup_stm32f427xx.o(.text)
    TIM1_TRG_COM_TIM11_IRQHandler            0x080001db   Thumb Code     0  startup_stm32f427xx.o(.text)
    TIM1_UP_TIM10_IRQHandler                 0x080001db   Thumb Code     0  startup_stm32f427xx.o(.text)
    TIM2_IRQHandler                          0x080001db   Thumb Code     0  startup_stm32f427xx.o(.text)
    TIM3_IRQHandler                          0x080001db   Thumb Code     0  startup_stm32f427xx.o(.text)
    TIM4_IRQHandler                          0x080001db   Thumb Code     0  startup_stm32f427xx.o(.text)
    TIM5_IRQHandler                          0x080001db   Thumb Code     0  startup_stm32f427xx.o(.text)
    TIM7_IRQHandler                          0x080001db   Thumb Code     0  startup_stm32f427xx.o(.text)
    TIM8_BRK_TIM12_IRQHandler                0x080001db   Thumb Code     0  startup_stm32f427xx.o(.text)
    TIM8_CC_IRQHandler                       0x080001db   Thumb Code     0  startup_stm32f427xx.o(.text)
    TIM8_TRG_COM_TIM14_IRQHandler            0x080001db   Thumb Code     0  startup_stm32f427xx.o(.text)
    TIM8_UP_TIM13_IRQHandler                 0x080001db   Thumb Code     0  startup_stm32f427xx.o(.text)
    UART4_IRQHandler                         0x080001db   Thumb Code     0  startup_stm32f427xx.o(.text)
    UART5_IRQHandler                         0x080001db   Thumb Code     0  startup_stm32f427xx.o(.text)
    UART7_IRQHandler                         0x080001db   Thumb Code     0  startup_stm32f427xx.o(.text)
    UART8_IRQHandler                         0x080001db   Thumb Code     0  startup_stm32f427xx.o(.text)
    USART2_IRQHandler                        0x080001db   Thumb Code     0  startup_stm32f427xx.o(.text)
    USART3_IRQHandler                        0x080001db   Thumb Code     0  startup_stm32f427xx.o(.text)
    WWDG_IRQHandler                          0x080001db   Thumb Code     0  startup_stm32f427xx.o(.text)
    __aeabi_uldivmod                         0x080001e5   Thumb Code    98  uldiv.o(.text)
    __aeabi_memcpy                           0x08000247   Thumb Code    36  memcpya.o(.text)
    __aeabi_memcpy4                          0x08000247   Thumb Code     0  memcpya.o(.text)
    __aeabi_memcpy8                          0x08000247   Thumb Code     0  memcpya.o(.text)
    __aeabi_memset                           0x0800026b   Thumb Code    14  memseta.o(.text)
    __aeabi_memset4                          0x0800026b   Thumb Code     0  memseta.o(.text)
    __aeabi_memset8                          0x0800026b   Thumb Code     0  memseta.o(.text)
    __aeabi_memclr                           0x08000279   Thumb Code     4  memseta.o(.text)
    __aeabi_memclr4                          0x08000279   Thumb Code     0  memseta.o(.text)
    __aeabi_memclr8                          0x08000279   Thumb Code     0  memseta.o(.text)
    _memset$wrapper                          0x0800027d   Thumb Code    18  memseta.o(.text)
    __aeabi_dadd                             0x0800028f   Thumb Code   322  dadd.o(.text)
    __aeabi_dsub                             0x080003d1   Thumb Code     6  dadd.o(.text)
    __aeabi_drsub                            0x080003d7   Thumb Code     6  dadd.o(.text)
    __aeabi_dmul                             0x080003dd   Thumb Code   228  dmul.o(.text)
    __aeabi_ddiv                             0x080004c1   Thumb Code   222  ddiv.o(.text)
    __aeabi_i2d                              0x0800059f   Thumb Code    34  dflti.o(.text)
    __aeabi_cdrcmple                         0x080005c1   Thumb Code    48  cdrcmple.o(.text)
    __aeabi_d2f                              0x080005f1   Thumb Code    56  d2f.o(.text)
    __aeabi_llsl                             0x08000629   Thumb Code    30  llshl.o(.text)
    _ll_shift_l                              0x08000629   Thumb Code     0  llshl.o(.text)
    __aeabi_llsr                             0x08000647   Thumb Code    32  llushr.o(.text)
    _ll_ushift_r                             0x08000647   Thumb Code     0  llushr.o(.text)
    __aeabi_lasr                             0x08000667   Thumb Code    36  llsshr.o(.text)
    _ll_sshift_r                             0x08000667   Thumb Code     0  llsshr.o(.text)
    __strtod_int                             0x080006c3   Thumb Code    90  strtod.o(.text)
    __I$use$fp                               0x08000729   Thumb Code     0  iusefp.o(.text)
    _float_round                             0x08000729   Thumb Code    18  fepilogue.o(.text)
    _float_epilogue                          0x0800073b   Thumb Code    92  fepilogue.o(.text)
    _double_round                            0x08000797   Thumb Code    30  depilogue.o(.text)
    _double_epilogue                         0x080007b5   Thumb Code   156  depilogue.o(.text)
    __scatterload                            0x08000851   Thumb Code    28  init.o(.text)
    __scatterload_rt2                        0x08000851   Thumb Code     0  init.o(.text)
    isspace                                  0x08000875   Thumb Code    10  isspace_c.o(.text)
    _scanf_real                              0x080009a9   Thumb Code     0  scanf_fp.o(.text)
    _scanf_really_real                       0x080009a9   Thumb Code   556  scanf_fp.o(.text)
    _sgetc                                   0x08000be1   Thumb Code    30  _sgetc.o(.text)
    _sbackspace                              0x08000bff   Thumb Code    34  _sgetc.o(.text)
    __ctype_lookup                           0x08000c21   Thumb Code    34  ctype_c.o(.text)
    __aeabi_ul2d                             0x08000c49   Thumb Code    24  dfltul.o(.text)
    BusFault_Handler                         0x08000c61   Thumb Code     2  stm32f4xx_it.o(i.BusFault_Handler)
    CAN1_RX0_IRQHandler                      0x08000c65   Thumb Code     6  stm32f4xx_it.o(i.CAN1_RX0_IRQHandler)
    CAN1_TX_IRQHandler                       0x08000c71   Thumb Code     6  stm32f4xx_it.o(i.CAN1_TX_IRQHandler)
    Callback_RC_Handle                       0x08000da5   Thumb Code   158  remote_control.o(i.Callback_RC_Handle)
    DMA2_Stream2_IRQHandler                  0x08000e4d   Thumb Code     6  stm32f4xx_it.o(i.DMA2_Stream2_IRQHandler)
    DMA2_Stream6_IRQHandler                  0x08000e59   Thumb Code     6  stm32f4xx_it.o(i.DMA2_Stream6_IRQHandler)
    DebugMon_Handler                         0x08000f09   Thumb Code     2  stm32f4xx_it.o(i.DebugMon_Handler)
    HAL_CAN_ConfigFilter                     0x08000f0d   Thumb Code   244  stm32f4xx_hal_can.o(i.HAL_CAN_ConfigFilter)
    HAL_CAN_ErrorCallback                    0x08001005   Thumb Code    14  can.o(i.HAL_CAN_ErrorCallback)
    HAL_CAN_IRQHandler                       0x08001019   Thumb Code   548  stm32f4xx_hal_can.o(i.HAL_CAN_IRQHandler)
    HAL_CAN_Init                             0x0800124d   Thumb Code   328  stm32f4xx_hal_can.o(i.HAL_CAN_Init)
    HAL_CAN_MspInit                          0x08001395   Thumb Code   122  can.o(i.HAL_CAN_MspInit)
    HAL_CAN_Receive_IT                       0x0800141d   Thumb Code   180  stm32f4xx_hal_can.o(i.HAL_CAN_Receive_IT)
    HAL_CAN_RxCpltCallback                   0x080014d1   Thumb Code   116  bsp_can.o(i.HAL_CAN_RxCpltCallback)
    HAL_CAN_Transmit                         0x08001559   Thumb Code   446  stm32f4xx_hal_can.o(i.HAL_CAN_Transmit)
    HAL_CAN_TxCpltCallback                   0x08001725   Thumb Code     2  stm32f4xx_hal_can.o(i.HAL_CAN_TxCpltCallback)
    HAL_DMA_Abort_IT                         0x08001727   Thumb Code    36  stm32f4xx_hal_dma.o(i.HAL_DMA_Abort_IT)
    HAL_DMA_IRQHandler                       0x0800174d   Thumb Code   412  stm32f4xx_hal_dma.o(i.HAL_DMA_IRQHandler)
    HAL_DMA_Init                             0x080018ed   Thumb Code   206  stm32f4xx_hal_dma.o(i.HAL_DMA_Init)
    HAL_DMA_Start                            0x080019c1   Thumb Code    70  stm32f4xx_hal_dma.o(i.HAL_DMA_Start)
    HAL_DMA_Start_IT                         0x08001a07   Thumb Code   120  stm32f4xx_hal_dma.o(i.HAL_DMA_Start_IT)
    HAL_Delay                                0x08001a7f   Thumb Code    28  stm32f4xx_hal.o(i.HAL_Delay)
    HAL_GPIO_Init                            0x08001a9d   Thumb Code   408  stm32f4xx_hal_gpio.o(i.HAL_GPIO_Init)
    HAL_GPIO_TogglePin                       0x08001c69   Thumb Code     8  stm32f4xx_hal_gpio.o(i.HAL_GPIO_TogglePin)
    HAL_GPIO_WritePin                        0x08001c71   Thumb Code    10  stm32f4xx_hal_gpio.o(i.HAL_GPIO_WritePin)
    HAL_GetTick                              0x08001c7d   Thumb Code     6  stm32f4xx_hal.o(i.HAL_GetTick)
    HAL_IncTick                              0x08001c89   Thumb Code    10  stm32f4xx_hal.o(i.HAL_IncTick)
    HAL_Init                                 0x08001c99   Thumb Code    48  stm32f4xx_hal.o(i.HAL_Init)
    HAL_InitTick                             0x08001ccd   Thumb Code   100  stm32f4xx_hal_timebase_tim.o(i.HAL_InitTick)
    HAL_MspInit                              0x08001d41   Thumb Code    42  stm32f4xx_hal_msp.o(i.HAL_MspInit)
    HAL_NVIC_EnableIRQ                       0x08001d71   Thumb Code    26  stm32f4xx_hal_cortex.o(i.HAL_NVIC_EnableIRQ)
    HAL_NVIC_SetPriority                     0x08001d8d   Thumb Code    60  stm32f4xx_hal_cortex.o(i.HAL_NVIC_SetPriority)
    HAL_NVIC_SetPriorityGrouping             0x08001dcd   Thumb Code    26  stm32f4xx_hal_cortex.o(i.HAL_NVIC_SetPriorityGrouping)
    HAL_RCC_ClockConfig                      0x08001df1   Thumb Code   286  stm32f4xx_hal_rcc.o(i.HAL_RCC_ClockConfig)
    HAL_RCC_GetClockConfig                   0x08001f21   Thumb Code    54  stm32f4xx_hal_rcc.o(i.HAL_RCC_GetClockConfig)
    HAL_RCC_GetPCLK1Freq                     0x08001f61   Thumb Code    20  stm32f4xx_hal_rcc.o(i.HAL_RCC_GetPCLK1Freq)
    HAL_RCC_GetPCLK2Freq                     0x08001f81   Thumb Code    20  stm32f4xx_hal_rcc.o(i.HAL_RCC_GetPCLK2Freq)
    HAL_RCC_GetSysClockFreq                  0x08001fa1   Thumb Code    88  stm32f4xx_hal_rcc.o(i.HAL_RCC_GetSysClockFreq)
    HAL_RCC_OscConfig                        0x08002005   Thumb Code   730  stm32f4xx_hal_rcc.o(i.HAL_RCC_OscConfig)
    HAL_SPI_TransmitReceive                  0x080022f5   Thumb Code   472  stm32f4xx_hal_spi.o(i.HAL_SPI_TransmitReceive)
    HAL_TIMEx_BreakCallback                  0x080024cd   Thumb Code     2  stm32f4xx_hal_tim_ex.o(i.HAL_TIMEx_BreakCallback)
    HAL_TIMEx_CommutationCallback            0x080024cf   Thumb Code     2  stm32f4xx_hal_tim_ex.o(i.HAL_TIMEx_CommutationCallback)
    HAL_TIMEx_MasterConfigSynchronization    0x080024d1   Thumb Code    80  stm32f4xx_hal_tim_ex.o(i.HAL_TIMEx_MasterConfigSynchronization)
    HAL_TIM_Base_Init                        0x08002521   Thumb Code    54  stm32f4xx_hal_tim.o(i.HAL_TIM_Base_Init)
    HAL_TIM_Base_MspInit                     0x08002559   Thumb Code    50  tim.o(i.HAL_TIM_Base_MspInit)
    HAL_TIM_Base_Start_IT                    0x08002595   Thumb Code    24  stm32f4xx_hal_tim.o(i.HAL_TIM_Base_Start_IT)
    HAL_TIM_ErrorCallback                    0x080025ad   Thumb Code     2  stm32f4xx_hal_tim.o(i.HAL_TIM_ErrorCallback)
    HAL_TIM_IC_CaptureCallback               0x080025b1   Thumb Code    80  remote_control.o(i.HAL_TIM_IC_CaptureCallback)
    HAL_TIM_IC_ConfigChannel                 0x08002611   Thumb Code   286  stm32f4xx_hal_tim.o(i.HAL_TIM_IC_ConfigChannel)
    HAL_TIM_IC_Init                          0x0800272f   Thumb Code    54  stm32f4xx_hal_tim.o(i.HAL_TIM_IC_Init)
    HAL_TIM_IC_MspInit                       0x08002765   Thumb Code   146  tim.o(i.HAL_TIM_IC_MspInit)
    HAL_TIM_IC_Start_DMA                     0x08002821   Thumb Code   190  stm32f4xx_hal_tim.o(i.HAL_TIM_IC_Start_DMA)
    HAL_TIM_IRQHandler                       0x080028e9   Thumb Code   358  stm32f4xx_hal_tim.o(i.HAL_TIM_IRQHandler)
    HAL_TIM_OC_DelayElapsedCallback          0x08002a4f   Thumb Code     2  stm32f4xx_hal_tim.o(i.HAL_TIM_OC_DelayElapsedCallback)
    HAL_TIM_PWM_PulseFinishedCallback        0x08002a51   Thumb Code     2  stm32f4xx_hal_tim.o(i.HAL_TIM_PWM_PulseFinishedCallback)
    HAL_TIM_PWM_Start                        0x08002a55   Thumb Code    48  stm32f4xx_hal_tim.o(i.HAL_TIM_PWM_Start)
    HAL_TIM_PeriodElapsedCallback            0x08002a8d   Thumb Code    14  main.o(i.HAL_TIM_PeriodElapsedCallback)
    HAL_TIM_TriggerCallback                  0x08002aa1   Thumb Code     2  stm32f4xx_hal_tim.o(i.HAL_TIM_TriggerCallback)
    HAL_UART_ErrorCallback                   0x08002aa3   Thumb Code     2  stm32f4xx_hal_uart.o(i.HAL_UART_ErrorCallback)
    HAL_UART_IDLE_IRQHandler                 0x08002aa5   Thumb Code   210  usart.o(i.HAL_UART_IDLE_IRQHandler)
    HAL_UART_IRQHandler                      0x08002b85   Thumb Code   266  stm32f4xx_hal_uart.o(i.HAL_UART_IRQHandler)
    HAL_UART_Init                            0x08002c95   Thumb Code    98  stm32f4xx_hal_uart.o(i.HAL_UART_Init)
    HAL_UART_MspInit                         0x08002cf9   Thumb Code   192  usart.o(i.HAL_UART_MspInit)
    HAL_UART_Receive_IT                      0x08002de5   Thumb Code    72  stm32f4xx_hal_uart.o(i.HAL_UART_Receive_IT)
    HAL_UART_Receive_IT_IDLE                 0x08002e2d   Thumb Code    18  usart.o(i.HAL_UART_Receive_IT_IDLE)
    HAL_UART_RxCpltCallback                  0x08002e41   Thumb Code   188  main.o(i.HAL_UART_RxCpltCallback)
    HAL_UART_Transmit                        0x08002f09   Thumb Code   186  stm32f4xx_hal_uart.o(i.HAL_UART_Transmit)
    HAL_UART_TxCpltCallback                  0x08002fc3   Thumb Code     2  stm32f4xx_hal_uart.o(i.HAL_UART_TxCpltCallback)
    HardFault_Handler                        0x08002fc5   Thumb Code     2  stm32f4xx_it.o(i.HardFault_Handler)
    MX_CAN1_Init                             0x08002fc9   Thumb Code    66  can.o(i.MX_CAN1_Init)
    MX_DMA_Init                              0x08003025   Thumb Code    56  dma.o(i.MX_DMA_Init)
    MX_GPIO_Init                             0x08003061   Thumb Code   196  gpio.o(i.MX_GPIO_Init)
    MX_TIM1_Init                             0x08003135   Thumb Code   172  tim.o(i.MX_TIM1_Init)
    MX_USART1_UART_Init                      0x080031f9   Thumb Code    54  usart.o(i.MX_USART1_UART_Init)
    MemManage_Handler                        0x0800324d   Thumb Code     2  stm32f4xx_it.o(i.MemManage_Handler)
    NMI_Handler                              0x0800324f   Thumb Code     2  stm32f4xx_it.o(i.NMI_Handler)
    PendSV_Handler                           0x08003251   Thumb Code     2  stm32f4xx_it.o(i.PendSV_Handler)
    SVC_Handler                              0x08003309   Thumb Code     2  stm32f4xx_it.o(i.SVC_Handler)
    SysTick_Handler                          0x0800330b   Thumb Code     2  stm32f4xx_it.o(i.SysTick_Handler)
    SystemClock_Config                       0x0800330d   Thumb Code   136  main.o(i.SystemClock_Config)
    SystemInit                               0x0800339d   Thumb Code    66  system_stm32f4xx.o(i.SystemInit)
    TIM6_DAC_IRQHandler                      0x080033f1   Thumb Code     6  stm32f4xx_it.o(i.TIM6_DAC_IRQHandler)
    TIM_Base_SetConfig                       0x080033fd   Thumb Code   148  stm32f4xx_hal_tim.o(i.TIM_Base_SetConfig)
    TIM_CCxChannelCmd                        0x080034bd   Thumb Code    22  stm32f4xx_hal_tim.o(i.TIM_CCxChannelCmd)
    TIM_DMACaptureCplt                       0x080034d3   Thumb Code    62  stm32f4xx_hal_tim.o(i.TIM_DMACaptureCplt)
    TIM_DMAError                             0x08003511   Thumb Code    16  stm32f4xx_hal_tim.o(i.TIM_DMAError)
    TIM_TI1_SetConfig                        0x08003521   Thumb Code   104  stm32f4xx_hal_tim.o(i.TIM_TI1_SetConfig)
    UART_Receive_DMA_NoIT                    0x08003607   Thumb Code   120  usart.o(i.UART_Receive_DMA_NoIT)
    USART1_IRQHandler                        0x08003a81   Thumb Code    18  stm32f4xx_it.o(i.USART1_IRQHandler)
    USART6_IRQHandler                        0x08003a99   Thumb Code     6  usart.o(i.USART6_IRQHandler)
    UsageFault_Handler                       0x08003aa5   Thumb Code     2  stm32f4xx_it.o(i.UsageFault_Handler)
    _Error_Handler                           0x08003aa7   Thumb Code     2  main.o(i._Error_Handler)
    __hardfp_atof                            0x08003ac9   Thumb Code    44  atof.o(i.__hardfp_atof)
    __hardfp_fabs                            0x08003b01   Thumb Code    20  fabs.o(i.__hardfp_fabs)
    __read_errno                             0x08003b15   Thumb Code     6  errno.o(i.__read_errno)
    __scatterload_copy                       0x08003b21   Thumb Code    14  handlers.o(i.__scatterload_copy)
    __scatterload_null                       0x08003b2f   Thumb Code     2  handlers.o(i.__scatterload_null)
    __scatterload_zeroinit                   0x08003b31   Thumb Code    14  handlers.o(i.__scatterload_zeroinit)
    __set_errno                              0x08003b41   Thumb Code     6  errno.o(i.__set_errno)
    _is_digit                                0x08003b4d   Thumb Code    14  scanf_fp.o(i._is_digit)
    calculate_mouse_x_speed                  0x08003b5d   Thumb Code    38  remote_control.o(i.calculate_mouse_x_speed)
    get_moto_measure                         0x08003b91   Thumb Code   148  bsp_can.o(i.get_moto_measure)
    init_quaternion                          0x08003c2d   Thumb Code   360  bsp_imu.o(i.init_quaternion)
    is_a_pressed                             0x08003df9   Thumb Code    16  remote_control.o(i.is_a_pressed)
    is_d_pressed                             0x08003e0d   Thumb Code    16  remote_control.o(i.is_d_pressed)
    is_e_pressed                             0x08003e21   Thumb Code    16  remote_control.o(i.is_e_pressed)
    is_mouse_moved                           0x08003e35   Thumb Code    16  remote_control.o(i.is_mouse_moved)
    is_q_pressed                             0x08003e49   Thumb Code    24  remote_control.o(i.is_q_pressed)
    is_s_pressed                             0x08003e69   Thumb Code    16  remote_control.o(i.is_s_pressed)
    is_w_pressed                             0x08003e7d   Thumb Code    12  remote_control.o(i.is_w_pressed)
    ist8310_init                             0x08003e8d   Thumb Code   256  bsp_imu.o(i.ist8310_init)
    kalman1_init                             0x08004009   Thumb Code    38  kalman_filter.o(i.kalman1_init)
    main                                     0x08004039   Thumb Code  2458  main.o(i.main)
    mpu_device_init                          0x080049e9   Thumb Code    90  bsp_imu.o(i.mpu_device_init)
    mpu_offset_call                          0x08004add   Thumb Code   160  bsp_imu.o(i.mpu_offset_call)
    mpu_read_byte                            0x08004b81   Thumb Code    68  bsp_imu.o(i.mpu_read_byte)
    mpu_read_bytes                           0x08004bd1   Thumb Code    80  bsp_imu.o(i.mpu_read_bytes)
    mpu_set_accel_fsr                        0x08004c2d   Thumb Code    10  bsp_imu.o(i.mpu_set_accel_fsr)
    mpu_set_gyro_fsr                         0x08004c37   Thumb Code    10  bsp_imu.o(i.mpu_set_gyro_fsr)
    mpu_write_byte                           0x08004c41   Thumb Code    72  bsp_imu.o(i.mpu_write_byte)
    my_can_filter_init_recv_all              0x08004c95   Thumb Code    58  bsp_can.o(i.my_can_filter_init_recv_all)
    pid_init                                 0x08004dd5   Thumb Code    14  pid.o(i.pid_init)
    pid_reset                                0x08004e41   Thumb Code     8  pid.o(i.pid_reset)
    send_gimbal_cur                          0x08004e49   Thumb Code    72  bsp_can.o(i.send_gimbal_cur)
    set_moto_current                         0x08004e91   Thumb Code    76  bsp_can.o(i.set_moto_current)
    AHBPrescTable                            0x08004ee4   Data          16  system_stm32f4xx.o(.constdata)
    APBPrescTable                            0x08004ef4   Data           8  system_stm32f4xx.o(.constdata)
    __ctype_categories                       0x08004f10   Data          64  ctype_c.o(.constdata)
    Region$$Table$$Base                      0x08004f50   Number         0  anon$$obj.o(Region$$Table)
    Region$$Table$$Limit                     0x08004f70   Number         0  anon$$obj.o(Region$$Table)
    uwTick                                   0x20000000   Data           4  stm32f4xx_hal.o(.data)
    SystemCoreClock                          0x20000004   Data           4  system_stm32f4xx.o(.data)
    angle                                    0x2000000c   Data           4  bsp_can.o(.data)
    FlashTimer                               0x20000010   Data           4  bsp_can.o(.data)
    id                                       0x20000016   Data           1  bsp_imu.o(.data)
    q0                                       0x20000018   Data           4  bsp_imu.o(.data)
    q1                                       0x2000001c   Data           4  bsp_imu.o(.data)
    q2                                       0x20000020   Data           4  bsp_imu.o(.data)
    q3                                       0x20000024   Data           4  bsp_imu.o(.data)
    exInt                                    0x20000028   Data           4  bsp_imu.o(.data)
    eyInt                                    0x2000002c   Data           4  bsp_imu.o(.data)
    ezInt                                    0x20000030   Data           4  bsp_imu.o(.data)
    last_update                              0x20000058   Data           4  bsp_imu.o(.data)
    now_update                               0x2000005c   Data           4  bsp_imu.o(.data)
    ist_buff                                 0x20000060   Data           6  bsp_imu.o(.data)
    Uart1_Rx_Cnt                             0x20000074   Data           1  main.o(.data)
    aRxBuffer                                0x20000075   Data           1  main.o(.data)
    heading                                  0x20000078   Data           4  main.o(.data)
    heading_pos                              0x2000007c   Data           4  main.o(.data)
    set_spd                                  0x20000080   Data           4  main.o(.data)
    end_Yaw                                  0x20000084   Data           4  main.o(.data)
    counter                                  0x20000088   Data           4  main.o(.data)
    imuCalTime                               0x2000008c   Data           4  main.o(.data)
    imuFirst                                 0x20000090   Data           4  main.o(.data)
    imuLast                                  0x20000094   Data           4  main.o(.data)
    pitch_zero_position                      0x20000098   Data           4  main.o(.data)
    yaw_zero_position                        0x2000009c   Data           4  main.o(.data)
    test_speed                               0x200000a0   Data           4  main.o(.data)
    pitch_angle                              0x200000a4   Data           4  main.o(.data)
    yaw_angle                                0x200000a8   Data           4  main.o(.data)
    x_speed                                  0x200000ac   Data           4  main.o(.data)
    y_speed                                  0x200000b0   Data           4  main.o(.data)
    rotate_speed                             0x200000b4   Data           4  main.o(.data)
    speed_step_sign                          0x200000bc   Data           4  main.o(.data)
    firstTime                                0x200000c0   Data           4  main.o(.data)
    send_control                             0x200000c4   Data           4  main.o(.data)
    niuYao                                   0x200000c8   Data           4  main.o(.data)
    TIM_COUNT                                0x200000cc   Data           4  main.o(.data)
    cAlmStr                                  0x200000d0   Data          14  main.o(.data)
    test_keyval                              0x200000e0   Data           2  remote_control.o(.data)
    HighTime                                 0x200000e2   Data           2  remote_control.o(.data)
    Latest_Remote_Control_Pack_Time          0x200000e4   Data           4  remote_control.o(.data)
    LED_Flash_Timer_remote_control           0x200000e8   Data           4  remote_control.o(.data)
    hspi5                                    0x200000f0   Data          88  spi.o(.bss)
    moto_chassis                             0x20000148   Data         288  bsp_can.o(.bss)
    moto_yaw                                 0x200002a8   Data          72  bsp_can.o(.bss)
    moto_pit                                 0x200002f0   Data          72  bsp_can.o(.bss)
    moto_trigger                             0x20000338   Data          72  bsp_can.o(.bss)
    UART_Buffer                              0x20000380   Data         100  usart.o(.bss)
    huart1                                   0x200003e4   Data          64  usart.o(.bss)
    huart6                                   0x20000424   Data          64  usart.o(.bss)
    hdma_usart1_rx                           0x20000464   Data          96  usart.o(.bss)
    imu                                      0x200004c4   Data          52  bsp_imu.o(.bss)
    mpu_buff                                 0x200004f8   Data          14  bsp_imu.o(.bss)
    mpu_data                                 0x20000506   Data          32  bsp_imu.o(.bss)
    Uart1_RxBuff                             0x20000528   Data         256  main.o(.bss)
    motor_pid                                0x20000628   Data         400  main.o(.bss)
    chassis_rotate_pos                       0x200007b8   Data         100  main.o(.bss)
    yaw_pid_lock_speed                       0x2000081c   Data         100  main.o(.bss)
    yaw_pid_lock_pos                         0x20000880   Data         100  main.o(.bss)
    pitch_pid_speed                          0x200008e4   Data         100  main.o(.bss)
    yaw_pid_speed                            0x20000948   Data         100  main.o(.bss)
    pitch_pid_pos                            0x200009ac   Data         100  main.o(.bss)
    yaw_pid_pos                              0x20000a10   Data         100  main.o(.bss)
    yaw_pid_aim_pos                          0x20000a74   Data         100  main.o(.bss)
    trigger_pid_speed                        0x20000ad8   Data         100  main.o(.bss)
    wheel_speeds                             0x20000b3c   Data          16  main.o(.bss)
    pitch_filter                             0x20000b4c   Data          28  main.o(.bss)
    yaw_filter                               0x20000b68   Data          28  main.o(.bss)
    htim6                                    0x20000b84   Data          60  stm32f4xx_hal_timebase_tim.o(.bss)
    hcan1                                    0x20000bc0   Data          68  can.o(.bss)
    remote_control                           0x20000c04   Data          22  remote_control.o(.bss)
    htim1                                    0x20000c1c   Data          60  tim.o(.bss)
    htim2                                    0x20000c58   Data          60  tim.o(.bss)
    htim3                                    0x20000c94   Data          60  tim.o(.bss)
    htim4                                    0x20000cd0   Data          60  tim.o(.bss)
    hdma_tim1_ch1_ch2_ch3                    0x20000d0c   Data          96  tim.o(.bss)
    __initial_sp                             0x20001170   Data           0  startup_stm32f427xx.o(STACK)



==============================================================================

Memory Map of the image

  Image Entry point : 0x080001ad

  Load Region LR_IROM1 (Base: 0x08000000, Size: 0x00005060, Max: 0x00200000, ABSOLUTE)

    Execution Region ER_IROM1 (Exec base: 0x08000000, Load base: 0x08000000, Size: 0x00004f70, Max: 0x00200000, ABSOLUTE)

    Exec Addr    Load Addr    Size         Type   Attr      Idx    E Section Name        Object

    0x08000000   0x08000000   0x000001ac   Data   RO         2866    RESET               startup_stm32f427xx.o
    0x080001ac   0x080001ac   0x00000000   Code   RO         3943  * .ARM.Collect$$$$00000000  mc_w.l(entry.o)
    0x080001ac   0x080001ac   0x00000004   Code   RO         4001    .ARM.Collect$$$$00000001  mc_w.l(entry2.o)
    0x080001b0   0x080001b0   0x00000004   Code   RO         4004    .ARM.Collect$$$$00000004  mc_w.l(entry5.o)
    0x080001b4   0x080001b4   0x00000000   Code   RO         4006    .ARM.Collect$$$$00000008  mc_w.l(entry7b.o)
    0x080001b4   0x080001b4   0x00000000   Code   RO         4008    .ARM.Collect$$$$0000000A  mc_w.l(entry8b.o)
    0x080001b4   0x080001b4   0x00000008   Code   RO         4009    .ARM.Collect$$$$0000000B  mc_w.l(entry9a.o)
    0x080001bc   0x080001bc   0x00000000   Code   RO         4011    .ARM.Collect$$$$0000000D  mc_w.l(entry10a.o)
    0x080001bc   0x080001bc   0x00000000   Code   RO         4013    .ARM.Collect$$$$0000000F  mc_w.l(entry11a.o)
    0x080001bc   0x080001bc   0x00000004   Code   RO         4002    .ARM.Collect$$$$00002712  mc_w.l(entry2.o)
    0x080001c0   0x080001c0   0x00000024   Code   RO         2867    .text               startup_stm32f427xx.o
    0x080001e4   0x080001e4   0x00000062   Code   RO         3946    .text               mc_w.l(uldiv.o)
    0x08000246   0x08000246   0x00000024   Code   RO         3948    .text               mc_w.l(memcpya.o)
    0x0800026a   0x0800026a   0x00000024   Code   RO         3950    .text               mc_w.l(memseta.o)
    0x0800028e   0x0800028e   0x0000014e   Code   RO         3954    .text               mf_w.l(dadd.o)
    0x080003dc   0x080003dc   0x000000e4   Code   RO         3956    .text               mf_w.l(dmul.o)
    0x080004c0   0x080004c0   0x000000de   Code   RO         3958    .text               mf_w.l(ddiv.o)
    0x0800059e   0x0800059e   0x00000022   Code   RO         3960    .text               mf_w.l(dflti.o)
    0x080005c0   0x080005c0   0x00000030   Code   RO         3964    .text               mf_w.l(cdrcmple.o)
    0x080005f0   0x080005f0   0x00000038   Code   RO         3966    .text               mf_w.l(d2f.o)
    0x08000628   0x08000628   0x0000001e   Code   RO         4015    .text               mc_w.l(llshl.o)
    0x08000646   0x08000646   0x00000020   Code   RO         4017    .text               mc_w.l(llushr.o)
    0x08000666   0x08000666   0x00000024   Code   RO         4019    .text               mc_w.l(llsshr.o)
    0x0800068a   0x0800068a   0x00000002   PAD
    0x0800068c   0x0800068c   0x0000009c   Code   RO         4028    .text               mc_w.l(strtod.o)
    0x08000728   0x08000728   0x00000000   Code   RO         4030    .text               mc_w.l(iusefp.o)
    0x08000728   0x08000728   0x0000006e   Code   RO         4031    .text               mf_w.l(fepilogue.o)
    0x08000796   0x08000796   0x000000ba   Code   RO         4033    .text               mf_w.l(depilogue.o)
    0x08000850   0x08000850   0x00000024   Code   RO         4041    .text               mc_w.l(init.o)
    0x08000874   0x08000874   0x0000000a   Code   RO         4043    .text               mc_w.l(isspace_c.o)
    0x0800087e   0x0800087e   0x00000002   PAD
    0x08000880   0x08000880   0x00000360   Code   RO         4045    .text               mc_w.l(scanf_fp.o)
    0x08000be0   0x08000be0   0x00000040   Code   RO         4049    .text               mc_w.l(_sgetc.o)
    0x08000c20   0x08000c20   0x00000028   Code   RO         4051    .text               mc_w.l(ctype_c.o)
    0x08000c48   0x08000c48   0x00000018   Code   RO         4054    .text               mf_w.l(dfltul.o)
    0x08000c60   0x08000c60   0x00000002   Code   RO         3536    i.BusFault_Handler  stm32f4xx_it.o
    0x08000c62   0x08000c62   0x00000002   PAD
    0x08000c64   0x08000c64   0x0000000c   Code   RO         3537    i.CAN1_RX0_IRQHandler  stm32f4xx_it.o
    0x08000c70   0x08000c70   0x0000000c   Code   RO         3538    i.CAN1_TX_IRQHandler  stm32f4xx_it.o
    0x08000c7c   0x08000c7c   0x00000126   Code   RO            4    i.CAN_Receive_IT    stm32f4xx_hal_can.o
    0x08000da2   0x08000da2   0x00000002   PAD
    0x08000da4   0x08000da4   0x000000a8   Code   RO         3720    i.Callback_RC_Handle  remote_control.o
    0x08000e4c   0x08000e4c   0x0000000c   Code   RO         3539    i.DMA2_Stream2_IRQHandler  stm32f4xx_it.o
    0x08000e58   0x08000e58   0x0000000c   Code   RO         3540    i.DMA2_Stream6_IRQHandler  stm32f4xx_it.o
    0x08000e64   0x08000e64   0x00000028   Code   RO         2304    i.DMA_CalcBaseAndBitshift  stm32f4xx_hal_dma.o
    0x08000e8c   0x08000e8c   0x00000054   Code   RO         2305    i.DMA_CheckFifoParam  stm32f4xx_hal_dma.o
    0x08000ee0   0x08000ee0   0x00000028   Code   RO         2306    i.DMA_SetConfig     stm32f4xx_hal_dma.o
    0x08000f08   0x08000f08   0x00000002   Code   RO         3541    i.DebugMon_Handler  stm32f4xx_it.o
    0x08000f0a   0x08000f0a   0x00000002   PAD
    0x08000f0c   0x08000f0c   0x000000f8   Code   RO            5    i.HAL_CAN_ConfigFilter  stm32f4xx_hal_can.o
    0x08001004   0x08001004   0x00000014   Code   RO         3648    i.HAL_CAN_ErrorCallback  can.o
    0x08001018   0x08001018   0x00000234   Code   RO           10    i.HAL_CAN_IRQHandler  stm32f4xx_hal_can.o
    0x0800124c   0x0800124c   0x00000148   Code   RO           11    i.HAL_CAN_Init      stm32f4xx_hal_can.o
    0x08001394   0x08001394   0x00000088   Code   RO         3650    i.HAL_CAN_MspInit   can.o
    0x0800141c   0x0800141c   0x000000b4   Code   RO           15    i.HAL_CAN_Receive_IT  stm32f4xx_hal_can.o
    0x080014d0   0x080014d0   0x00000088   Code   RO         2919    i.HAL_CAN_RxCpltCallback  bsp_can.o
    0x08001558   0x08001558   0x000001cc   Code   RO           18    i.HAL_CAN_Transmit  stm32f4xx_hal_can.o
    0x08001724   0x08001724   0x00000002   Code   RO           20    i.HAL_CAN_TxCpltCallback  stm32f4xx_hal_can.o
    0x08001726   0x08001726   0x00000024   Code   RO         2308    i.HAL_DMA_Abort_IT  stm32f4xx_hal_dma.o
    0x0800174a   0x0800174a   0x00000002   PAD
    0x0800174c   0x0800174c   0x000001a0   Code   RO         2312    i.HAL_DMA_IRQHandler  stm32f4xx_hal_dma.o
    0x080018ec   0x080018ec   0x000000d4   Code   RO         2313    i.HAL_DMA_Init      stm32f4xx_hal_dma.o
    0x080019c0   0x080019c0   0x00000046   Code   RO         2316    i.HAL_DMA_Start     stm32f4xx_hal_dma.o
    0x08001a06   0x08001a06   0x00000078   Code   RO         2317    i.HAL_DMA_Start_IT  stm32f4xx_hal_dma.o
    0x08001a7e   0x08001a7e   0x0000001c   Code   RO         1121    i.HAL_Delay         stm32f4xx_hal.o
    0x08001a9a   0x08001a9a   0x00000002   PAD
    0x08001a9c   0x08001a9c   0x000001cc   Code   RO          234    i.HAL_GPIO_Init     stm32f4xx_hal_gpio.o
    0x08001c68   0x08001c68   0x00000008   Code   RO          237    i.HAL_GPIO_TogglePin  stm32f4xx_hal_gpio.o
    0x08001c70   0x08001c70   0x0000000a   Code   RO          238    i.HAL_GPIO_WritePin  stm32f4xx_hal_gpio.o
    0x08001c7a   0x08001c7a   0x00000002   PAD
    0x08001c7c   0x08001c7c   0x0000000c   Code   RO         1129    i.HAL_GetTick       stm32f4xx_hal.o
    0x08001c88   0x08001c88   0x00000010   Code   RO         1131    i.HAL_IncTick       stm32f4xx_hal.o
    0x08001c98   0x08001c98   0x00000034   Code   RO         1132    i.HAL_Init          stm32f4xx_hal.o
    0x08001ccc   0x08001ccc   0x00000074   Code   RO         3473    i.HAL_InitTick      stm32f4xx_hal_timebase_tim.o
    0x08001d40   0x08001d40   0x00000030   Code   RO         3449    i.HAL_MspInit       stm32f4xx_hal_msp.o
    0x08001d70   0x08001d70   0x0000001a   Code   RO          520    i.HAL_NVIC_EnableIRQ  stm32f4xx_hal_cortex.o
    0x08001d8a   0x08001d8a   0x00000002   PAD
    0x08001d8c   0x08001d8c   0x00000040   Code   RO          526    i.HAL_NVIC_SetPriority  stm32f4xx_hal_cortex.o
    0x08001dcc   0x08001dcc   0x00000024   Code   RO          527    i.HAL_NVIC_SetPriorityGrouping  stm32f4xx_hal_cortex.o
    0x08001df0   0x08001df0   0x00000130   Code   RO         2411    i.HAL_RCC_ClockConfig  stm32f4xx_hal_rcc.o
    0x08001f20   0x08001f20   0x00000040   Code   RO         2415    i.HAL_RCC_GetClockConfig  stm32f4xx_hal_rcc.o
    0x08001f60   0x08001f60   0x00000020   Code   RO         2418    i.HAL_RCC_GetPCLK1Freq  stm32f4xx_hal_rcc.o
    0x08001f80   0x08001f80   0x00000020   Code   RO         2419    i.HAL_RCC_GetPCLK2Freq  stm32f4xx_hal_rcc.o
    0x08001fa0   0x08001fa0   0x00000064   Code   RO         2420    i.HAL_RCC_GetSysClockFreq  stm32f4xx_hal_rcc.o
    0x08002004   0x08002004   0x000002f0   Code   RO         2423    i.HAL_RCC_OscConfig  stm32f4xx_hal_rcc.o
    0x080022f4   0x080022f4   0x000001d8   Code   RO         2532    i.HAL_SPI_TransmitReceive  stm32f4xx_hal_spi.o
    0x080024cc   0x080024cc   0x00000002   Code   RO         1393    i.HAL_TIMEx_BreakCallback  stm32f4xx_hal_tim_ex.o
    0x080024ce   0x080024ce   0x00000002   Code   RO         1394    i.HAL_TIMEx_CommutationCallback  stm32f4xx_hal_tim_ex.o
    0x080024d0   0x080024d0   0x00000050   Code   RO         1410    i.HAL_TIMEx_MasterConfigSynchronization  stm32f4xx_hal_tim_ex.o
    0x08002520   0x08002520   0x00000036   Code   RO         1634    i.HAL_TIM_Base_Init  stm32f4xx_hal_tim.o
    0x08002556   0x08002556   0x00000002   PAD
    0x08002558   0x08002558   0x0000003c   Code   RO         3807    i.HAL_TIM_Base_MspInit  tim.o
    0x08002594   0x08002594   0x00000018   Code   RO         1639    i.HAL_TIM_Base_Start_IT  stm32f4xx_hal_tim.o
    0x080025ac   0x080025ac   0x00000002   Code   RO         1661    i.HAL_TIM_ErrorCallback  stm32f4xx_hal_tim.o
    0x080025ae   0x080025ae   0x00000002   PAD
    0x080025b0   0x080025b0   0x00000060   Code   RO         3721    i.HAL_TIM_IC_CaptureCallback  remote_control.o
    0x08002610   0x08002610   0x0000011e   Code   RO         1664    i.HAL_TIM_IC_ConfigChannel  stm32f4xx_hal_tim.o
    0x0800272e   0x0800272e   0x00000036   Code   RO         1667    i.HAL_TIM_IC_Init   stm32f4xx_hal_tim.o
    0x08002764   0x08002764   0x000000bc   Code   RO         3809    i.HAL_TIM_IC_MspInit  tim.o
    0x08002820   0x08002820   0x000000c8   Code   RO         1671    i.HAL_TIM_IC_Start_DMA  stm32f4xx_hal_tim.o
    0x080028e8   0x080028e8   0x00000166   Code   RO         1676    i.HAL_TIM_IRQHandler  stm32f4xx_hal_tim.o
    0x08002a4e   0x08002a4e   0x00000002   Code   RO         1679    i.HAL_TIM_OC_DelayElapsedCallback  stm32f4xx_hal_tim.o
    0x08002a50   0x08002a50   0x00000002   Code   RO         1706    i.HAL_TIM_PWM_PulseFinishedCallback  stm32f4xx_hal_tim.o
    0x08002a52   0x08002a52   0x00000002   PAD
    0x08002a54   0x08002a54   0x00000038   Code   RO         1707    i.HAL_TIM_PWM_Start  stm32f4xx_hal_tim.o
    0x08002a8c   0x08002a8c   0x00000014   Code   RO         3341    i.HAL_TIM_PeriodElapsedCallback  main.o
    0x08002aa0   0x08002aa0   0x00000002   Code   RO         1717    i.HAL_TIM_TriggerCallback  stm32f4xx_hal_tim.o
    0x08002aa2   0x08002aa2   0x00000002   Code   RO          809    i.HAL_UART_ErrorCallback  stm32f4xx_hal_uart.o
    0x08002aa4   0x08002aa4   0x000000e0   Code   RO         3015    i.HAL_UART_IDLE_IRQHandler  usart.o
    0x08002b84   0x08002b84   0x00000110   Code   RO          812    i.HAL_UART_IRQHandler  stm32f4xx_hal_uart.o
    0x08002c94   0x08002c94   0x00000062   Code   RO          813    i.HAL_UART_Init     stm32f4xx_hal_uart.o
    0x08002cf6   0x08002cf6   0x00000002   PAD
    0x08002cf8   0x08002cf8   0x000000ec   Code   RO         3017    i.HAL_UART_MspInit  usart.o
    0x08002de4   0x08002de4   0x00000048   Code   RO          818    i.HAL_UART_Receive_IT  stm32f4xx_hal_uart.o
    0x08002e2c   0x08002e2c   0x00000012   Code   RO         3018    i.HAL_UART_Receive_IT_IDLE  usart.o
    0x08002e3e   0x08002e3e   0x00000002   PAD
    0x08002e40   0x08002e40   0x000000c8   Code   RO         3342    i.HAL_UART_RxCpltCallback  main.o
    0x08002f08   0x08002f08   0x000000ba   Code   RO          821    i.HAL_UART_Transmit  stm32f4xx_hal_uart.o
    0x08002fc2   0x08002fc2   0x00000002   Code   RO          824    i.HAL_UART_TxCpltCallback  stm32f4xx_hal_uart.o
    0x08002fc4   0x08002fc4   0x00000002   Code   RO         3542    i.HardFault_Handler  stm32f4xx_it.o
    0x08002fc6   0x08002fc6   0x00000002   PAD
    0x08002fc8   0x08002fc8   0x0000005c   Code   RO         3651    i.MX_CAN1_Init      can.o
    0x08003024   0x08003024   0x0000003c   Code   RO         3696    i.MX_DMA_Init       dma.o
    0x08003060   0x08003060   0x000000d4   Code   RO         3512    i.MX_GPIO_Init      gpio.o
    0x08003134   0x08003134   0x000000c4   Code   RO         3813    i.MX_TIM1_Init      tim.o
    0x080031f8   0x080031f8   0x00000054   Code   RO         3019    i.MX_USART1_UART_Init  usart.o
    0x0800324c   0x0800324c   0x00000002   Code   RO         3543    i.MemManage_Handler  stm32f4xx_it.o
    0x0800324e   0x0800324e   0x00000002   Code   RO         3544    i.NMI_Handler       stm32f4xx_it.o
    0x08003250   0x08003250   0x00000002   Code   RO         3545    i.PendSV_Handler    stm32f4xx_it.o
    0x08003252   0x08003252   0x00000020   Code   RO         2547    i.SPI_CheckFlag_BSY  stm32f4xx_hal_spi.o
    0x08003272   0x08003272   0x00000096   Code   RO         2565    i.SPI_WaitFlagStateUntilTimeout  stm32f4xx_hal_spi.o
    0x08003308   0x08003308   0x00000002   Code   RO         3546    i.SVC_Handler       stm32f4xx_it.o
    0x0800330a   0x0800330a   0x00000002   Code   RO         3547    i.SysTick_Handler   stm32f4xx_it.o
    0x0800330c   0x0800330c   0x00000090   Code   RO         3344    i.SystemClock_Config  main.o
    0x0800339c   0x0800339c   0x00000054   Code   RO         2830    i.SystemInit        system_stm32f4xx.o
    0x080033f0   0x080033f0   0x0000000c   Code   RO         3548    i.TIM6_DAC_IRQHandler  stm32f4xx_it.o
    0x080033fc   0x080033fc   0x000000c0   Code   RO         1718    i.TIM_Base_SetConfig  stm32f4xx_hal_tim.o
    0x080034bc   0x080034bc   0x00000016   Code   RO         1719    i.TIM_CCxChannelCmd  stm32f4xx_hal_tim.o
    0x080034d2   0x080034d2   0x0000003e   Code   RO         1720    i.TIM_DMACaptureCplt  stm32f4xx_hal_tim.o
    0x08003510   0x08003510   0x00000010   Code   RO         1722    i.TIM_DMAError      stm32f4xx_hal_tim.o
    0x08003520   0x08003520   0x00000084   Code   RO         1733    i.TIM_TI1_SetConfig  stm32f4xx_hal_tim.o
    0x080035a4   0x080035a4   0x00000036   Code   RO         1735    i.TIM_TI2_SetConfig  stm32f4xx_hal_tim.o
    0x080035da   0x080035da   0x00000010   Code   RO          826    i.UART_DMAAbortOnError  stm32f4xx_hal_uart.o
    0x080035ea   0x080035ea   0x0000001c   Code   RO          836    i.UART_EndRxTransfer  stm32f4xx_hal_uart.o
    0x08003606   0x08003606   0x00000078   Code   RO         3021    i.UART_Receive_DMA_NoIT  usart.o
    0x0800367e   0x0800367e   0x0000008c   Code   RO          838    i.UART_Receive_IT   stm32f4xx_hal_uart.o
    0x0800370a   0x0800370a   0x00000002   PAD
    0x0800370c   0x0800370c   0x000002ac   Code   RO          839    i.UART_SetConfig    stm32f4xx_hal_uart.o
    0x080039b8   0x080039b8   0x00000062   Code   RO          840    i.UART_Transmit_IT  stm32f4xx_hal_uart.o
    0x08003a1a   0x08003a1a   0x00000064   Code   RO          841    i.UART_WaitOnFlagUntilTimeout  stm32f4xx_hal_uart.o
    0x08003a7e   0x08003a7e   0x00000002   PAD
    0x08003a80   0x08003a80   0x00000018   Code   RO         3549    i.USART1_IRQHandler  stm32f4xx_it.o
    0x08003a98   0x08003a98   0x0000000c   Code   RO         3022    i.USART6_IRQHandler  usart.o
    0x08003aa4   0x08003aa4   0x00000002   Code   RO         3550    i.UsageFault_Handler  stm32f4xx_it.o
    0x08003aa6   0x08003aa6   0x00000002   Code   RO         3345    i._Error_Handler    main.o
    0x08003aa8   0x08003aa8   0x00000020   Code   RO          533    i.__NVIC_SetPriority  stm32f4xx_hal_cortex.o
    0x08003ac8   0x08003ac8   0x00000038   Code   RO         3919    i.__hardfp_atof     m_wm.l(atof.o)
    0x08003b00   0x08003b00   0x00000014   Code   RO         3925    i.__hardfp_fabs     m_wm.l(fabs.o)
    0x08003b14   0x08003b14   0x0000000c   Code   RO         4022    i.__read_errno      mc_w.l(errno.o)
    0x08003b20   0x08003b20   0x0000000e   Code   RO         4058    i.__scatterload_copy  mc_w.l(handlers.o)
    0x08003b2e   0x08003b2e   0x00000002   Code   RO         4059    i.__scatterload_null  mc_w.l(handlers.o)
    0x08003b30   0x08003b30   0x0000000e   Code   RO         4060    i.__scatterload_zeroinit  mc_w.l(handlers.o)
    0x08003b3e   0x08003b3e   0x00000002   PAD
    0x08003b40   0x08003b40   0x0000000c   Code   RO         4023    i.__set_errno       mc_w.l(errno.o)
    0x08003b4c   0x08003b4c   0x0000000e   Code   RO         4047    i._is_digit         mc_w.l(scanf_fp.o)
    0x08003b5a   0x08003b5a   0x00000002   PAD
    0x08003b5c   0x08003b5c   0x00000034   Code   RO         3722    i.calculate_mouse_x_speed  remote_control.o
    0x08003b90   0x08003b90   0x0000009c   Code   RO         2920    i.get_moto_measure  bsp_can.o
    0x08003c2c   0x08003c2c   0x000001cc   Code   RO         3206    i.init_quaternion   bsp_imu.o
    0x08003df8   0x08003df8   0x00000014   Code   RO         3723    i.is_a_pressed      remote_control.o
    0x08003e0c   0x08003e0c   0x00000014   Code   RO         3724    i.is_d_pressed      remote_control.o
    0x08003e20   0x08003e20   0x00000014   Code   RO         3725    i.is_e_pressed      remote_control.o
    0x08003e34   0x08003e34   0x00000014   Code   RO         3726    i.is_mouse_moved    remote_control.o
    0x08003e48   0x08003e48   0x00000020   Code   RO         3727    i.is_q_pressed      remote_control.o
    0x08003e68   0x08003e68   0x00000014   Code   RO         3728    i.is_s_pressed      remote_control.o
    0x08003e7c   0x08003e7c   0x00000010   Code   RO         3729    i.is_w_pressed      remote_control.o
    0x08003e8c   0x08003e8c   0x00000100   Code   RO         3209    i.ist8310_init      bsp_imu.o
    0x08003f8c   0x08003f8c   0x00000038   Code   RO         3210    i.ist_reg_read_by_mpu  bsp_imu.o
    0x08003fc4   0x08003fc4   0x00000042   Code   RO         3211    i.ist_reg_write_by_mpu  bsp_imu.o
    0x08004006   0x08004006   0x00000002   PAD
    0x08004008   0x08004008   0x00000030   Code   RO         3169    i.kalman1_init      kalman_filter.o
    0x08004038   0x08004038   0x000009b0   Code   RO         3346    i.main              main.o
    0x080049e8   0x080049e8   0x00000064   Code   RO         3212    i.mpu_device_init   bsp_imu.o
    0x08004a4c   0x08004a4c   0x0000008e   Code   RO         3214    i.mpu_master_i2c_auto_read_config  bsp_imu.o
    0x08004ada   0x08004ada   0x00000002   PAD
    0x08004adc   0x08004adc   0x000000a4   Code   RO         3215    i.mpu_offset_call   bsp_imu.o
    0x08004b80   0x08004b80   0x00000050   Code   RO         3216    i.mpu_read_byte     bsp_imu.o
    0x08004bd0   0x08004bd0   0x0000005c   Code   RO         3217    i.mpu_read_bytes    bsp_imu.o
    0x08004c2c   0x08004c2c   0x0000000a   Code   RO         3218    i.mpu_set_accel_fsr  bsp_imu.o
    0x08004c36   0x08004c36   0x0000000a   Code   RO         3219    i.mpu_set_gyro_fsr  bsp_imu.o
    0x08004c40   0x08004c40   0x00000054   Code   RO         3220    i.mpu_write_byte    bsp_imu.o
    0x08004c94   0x08004c94   0x00000044   Code   RO         2924    i.my_can_filter_init_recv_all  bsp_can.o
    0x08004cd8   0x08004cd8   0x000000fa   Code   RO         3095    i.pid_calculate     pid.o
    0x08004dd2   0x08004dd2   0x00000002   PAD
    0x08004dd4   0x08004dd4   0x0000001c   Code   RO         3097    i.pid_init          pid.o
    0x08004df0   0x08004df0   0x00000050   Code   RO         3099    i.pid_param_init    pid.o
    0x08004e40   0x08004e40   0x00000008   Code   RO         3100    i.pid_reset         pid.o
    0x08004e48   0x08004e48   0x00000048   Code   RO         2925    i.send_gimbal_cur   bsp_can.o
    0x08004e90   0x08004e90   0x0000004c   Code   RO         2926    i.set_moto_current  bsp_can.o
    0x08004edc   0x08004edc   0x00000008   Data   RO         2319    .constdata          stm32f4xx_hal_dma.o
    0x08004ee4   0x08004ee4   0x00000010   Data   RO         2831    .constdata          system_stm32f4xx.o
    0x08004ef4   0x08004ef4   0x00000008   Data   RO         2832    .constdata          system_stm32f4xx.o
    0x08004efc   0x08004efc   0x00000014   Data   RO         3222    .constdata          bsp_imu.o
    0x08004f10   0x08004f10   0x00000040   Data   RO         4052    .constdata          mc_w.l(ctype_c.o)
    0x08004f50   0x08004f50   0x00000020   Data   RO         4056    Region$$Table       anon$$obj.o


    Execution Region RW_IRAM1 (Exec base: 0x20000000, Load base: 0x08004f70, Size: 0x00001170, Max: 0x00030000, ABSOLUTE)

    Exec Addr    Load Addr    Size         Type   Attr      Idx    E Section Name        Object

    0x20000000   0x08004f70   0x00000004   Data   RW         1138    .data               stm32f4xx_hal.o
    0x20000004   0x08004f74   0x00000004   Data   RW         2833    .data               system_stm32f4xx.o
    0x20000008   0x08004f78   0x0000000c   Data   RW         2928    .data               bsp_can.o
    0x20000014   0x08004f84   0x00000060   Data   RW         3223    .data               bsp_imu.o
    0x20000074   0x08004fe4   0x0000006a   Data   RW         3348    .data               main.o
    0x200000de   0x0800504e   0x00000002   PAD
    0x200000e0   0x08005050   0x0000000c   Data   RW         3731    .data               remote_control.o
    0x200000ec   0x0800505c   0x00000004   Data   RW         4024    .data               mc_w.l(errno.o)
    0x200000f0        -       0x00000058   Zero   RW         2877    .bss                spi.o
    0x20000148        -       0x00000238   Zero   RW         2927    .bss                bsp_can.o
    0x20000380        -       0x00000064   Zero   RW         3023    .bss                usart.o
    0x200003e4        -       0x000000e0   Zero   RW         3024    .bss                usart.o
    0x200004c4        -       0x00000062   Zero   RW         3221    .bss                bsp_imu.o
    0x20000526   0x08005060   0x00000002   PAD
    0x20000528        -       0x0000065c   Zero   RW         3347    .bss                main.o
    0x20000b84        -       0x0000003c   Zero   RW         3476    .bss                stm32f4xx_hal_timebase_tim.o
    0x20000bc0        -       0x00000044   Zero   RW         3652    .bss                can.o
    0x20000c04        -       0x00000016   Zero   RW         3730    .bss                remote_control.o
    0x20000c1a   0x08005060   0x00000002   PAD
    0x20000c1c        -       0x00000150   Zero   RW         3817    .bss                tim.o
    0x20000d6c   0x08005060   0x00000004   PAD
    0x20000d70        -       0x00000400   Zero   RW         2864    STACK               startup_stm32f427xx.o


==============================================================================

Image component sizes


      Code (inc. data)   RO Data    RW Data    ZI Data      Debug   Object Name

       508         46          0         12        568       5978   bsp_can.o
      1520        150         20         96         98      10074   bsp_imu.o
       248         46          0          0         68       2205   can.o
        60          4          0          0          0        794   dma.o
       212         16          0          0          0       1051   gpio.o
        48         10          0          0          0       1403   kalman_filter.o
      2846        244          0        106       1628       8977   main.o
       366         20          0          0          0       3759   pid.o
       464         72          0         12         22       7128   remote_control.o
         0          0          0          0         88        204   spi.o
        36          8        428          0       1024        820   startup_stm32f427xx.o
       108         16          0          4          0       3868   stm32f4xx_hal.o
      2076         34          0          0          0     754008   stm32f4xx_hal_can.o
       158         14          0          0          0      33238   stm32f4xx_hal_cortex.o
      1018         16          8          0          0       7474   stm32f4xx_hal_dma.o
       478         52          0          0          0       3113   stm32f4xx_hal_gpio.o
        48          6          0          0          0        922   stm32f4xx_hal_msp.o
      1284         86          0          0          0       5821   stm32f4xx_hal_rcc.o
       654          0          0          0          0       3758   stm32f4xx_hal_spi.o
      1518         90          0          0          0      13734   stm32f4xx_hal_tim.o
        84          0          0          0          0       2478   stm32f4xx_hal_tim_ex.o
       116         16          0          0         60       1443   stm32f4xx_hal_timebase_tim.o
      1698         14          0          0          0       9983   stm32f4xx_hal_uart.o
       102         36          0          0          0       7155   stm32f4xx_it.o
        84         18         24          4          0       1207   system_stm32f4xx.o
       444         76          0          0        336       2643   tim.o
       694         94          0          0        324       4706   usart.o

    ----------------------------------------------------------------------
     16908       1184        512        236       4224     897944   Object Totals
         0          0         32          0          0          0   (incl. Generated)
        36          0          0          2          8          0   (incl. Padding)

    ----------------------------------------------------------------------

      Code (inc. data)   RO Data    RW Data    ZI Data      Debug   Library Member Name

        56         12          0          0          0        132   atof.o
        20          0          0          0          0        124   fabs.o
        64          0          0          0          0         84   _sgetc.o
        40          6         64          0          0         68   ctype_c.o
         0          0          0          0          0          0   entry.o
         0          0          0          0          0          0   entry10a.o
         0          0          0          0          0          0   entry11a.o
         8          4          0          0          0          0   entry2.o
         4          0          0          0          0          0   entry5.o
         0          0          0          0          0          0   entry7b.o
         0          0          0          0          0          0   entry8b.o
         8          4          0          0          0          0   entry9a.o
        24         12          0          4          0        136   errno.o
        30          0          0          0          0          0   handlers.o
        36          8          0          0          0         68   init.o
        10          0          0          0          0         68   isspace_c.o
         0          0          0          0          0          0   iusefp.o
        30          0          0          0          0         68   llshl.o
        36          0          0          0          0         68   llsshr.o
        32          0          0          0          0         68   llushr.o
        36          0          0          0          0         68   memcpya.o
        36          0          0          0          0        108   memseta.o
       878         12          0          0          0        216   scanf_fp.o
       156         12          0          0          0        120   strtod.o
        98          0          0          0          0         92   uldiv.o
        48          0          0          0          0         68   cdrcmple.o
        56          0          0          0          0         88   d2f.o
       334          0          0          0          0        148   dadd.o
       222          0          0          0          0        100   ddiv.o
       186          0          0          0          0        176   depilogue.o
        34          0          0          0          0         76   dflti.o
        24          0          0          0          0         76   dfltul.o
       228          0          0          0          0         96   dmul.o
       110          0          0          0          0        168   fepilogue.o

    ----------------------------------------------------------------------
      2852         70         64          4          0       2484   Library Totals
         8          0          0          0          0          0   (incl. Padding)

    ----------------------------------------------------------------------

      Code (inc. data)   RO Data    RW Data    ZI Data      Debug   Library Name

        76         12          0          0          0        256   m_wm.l
      1526         58         64          4          0       1232   mc_w.l
      1242          0          0          0          0        996   mf_w.l

    ----------------------------------------------------------------------
      2852         70         64          4          0       2484   Library Totals

    ----------------------------------------------------------------------

==============================================================================


      Code (inc. data)   RO Data    RW Data    ZI Data      Debug   

     19760       1254        576        240       4224     886892   Grand Totals
     19760       1254        576        240       4224     886892   ELF Image Totals
     19760       1254        576        240          0          0   ROM Totals

==============================================================================

    Total RO  Size (Code + RO Data)                20336 (  19.86kB)
    Total RW  Size (RW Data + ZI Data)              4464 (   4.36kB)
    Total ROM Size (Code + RO Data + RW Data)      20576 (  20.09kB)

==============================================================================

