stm32f4xx_it.c:75:6:NMI_Handler	0	static
stm32f4xx_it.c:88:6:HardFault_Handler	0	static
stm32f4xx_it.c:103:6:MemManage_Handler	0	static
stm32f4xx_it.c:118:6:BusFault_Handler	0	static
stm32f4xx_it.c:133:6:UsageFault_Handler	0	static
stm32f4xx_it.c:148:6:SVC_Handler	0	static
stm32f4xx_it.c:161:6:DebugMon_Handler	0	static
stm32f4xx_it.c:174:6:PendSV_Handler	0	static
stm32f4xx_it.c:187:6:SysTick_Handler	0	static
stm32f4xx_it.c:208:6:CAN1_TX_IRQHandler	0	static
stm32f4xx_it.c:222:6:CAN1_RX0_IRQHandler	0	static
stm32f4xx_it.c:237:6:USART1_IRQHandler	8	static
stm32f4xx_it.c:255:6:TIM6_DAC_IRQHandler	0	static
stm32f4xx_it.c:269:6:DMA2_Stream2_IRQHandler	0	static
stm32f4xx_it.c:283:6:DMA2_Stream6_IRQHandler	0	static
